2026-09-14 12:44:51,901 - __main__ - INFO - Starting news crawler at 2026-09-14 12:44:51.901829
2026-09-14 12:44:51,901 - __main__ - INFO - Crawling sources: vnexpress, tuoitre, vietnamnet, dantri
2026-09-14 12:44:51,902 - __main__ - INFO - Starting crawl for VNExpress
2026-09-14 12:44:51,902 - __main__ - INFO - Starting crawl for Tuổi Trẻ
2026-09-14 12:44:51,902 - crawler.TuoiTre - INFO - Starting crawl for TuoiTre with 4 workers
2026-09-14 12:44:51,902 - __main__ - INFO - Starting crawl for VietnamNet
2026-09-14 12:44:51,902 - crawler.VietnamNet - INFO - Starting crawl for VietnamNet with 4 workers
2026-09-14 12:44:51,902 - crawler.VNExpress - INFO - Starting crawl for VNExpress with 4 workers
2026-09-14 12:44:51,902 - __main__ - INFO - Starting crawl for Dân Trí
2026-09-14 12:44:51,902 - crawler.TuoiTre - INFO - Crawling category: the-thao
2026-09-14 12:44:51,902 - crawler.TuoiTre - INFO - Crawling category: kinh-te
2026-09-14 12:44:51,902 - crawler.TuoiTre - INFO - Crawling category: thoi-su
2026-09-14 12:44:51,903 - crawler.VNExpress - INFO - Crawling category: kinh-doanh
2026-09-14 12:44:51,903 - crawler.VietnamNet - INFO - Crawling category: thoi-su
2026-09-14 12:44:51,903 - crawler.VietnamNet - INFO - Crawling category: the-gioi
2026-09-14 12:44:51,903 - crawler.VietnamNet - INFO - Crawling category: the-thao
2026-09-14 12:44:51,903 - crawler.VNExpress - INFO - Crawling category: the-thao
2026-09-14 12:44:51,902 - crawler.TuoiTre - INFO - Crawling category: the-gioi
2026-09-14 12:44:51,902 - crawler.DanTri - INFO - Starting crawl for DanTri with 4 workers
2026-09-14 12:44:51,903 - crawler.VietnamNet - INFO - Crawling category: kinh-te
2026-09-14 12:44:51,903 - crawler.VNExpress - INFO - Crawling category: thoi-su
2026-09-14 12:44:51,903 - crawler.VNExpress - INFO - Crawling category: the-gioi
2026-09-14 12:44:51,905 - crawler.DanTri - INFO - Crawling category: thoi-su
2026-09-14 12:44:51,905 - crawler.DanTri - INFO - Crawling category: the-gioi
2026-09-14 12:44:51,905 - crawler.DanTri - INFO - Crawling category: kinh-te
2026-09-14 12:44:51,905 - crawler.DanTri - INFO - Crawling category: the-thao
2026-09-14 12:44:52,041 - crawler.VNExpress - INFO - Found 20 articles in kinh-doanh
2026-09-14 12:44:52,058 - crawler.VNExpress - INFO - Found 20 articles in the-gioi
2026-09-14 12:44:52,060 - crawler.TuoiTre - WARNING - Attempt 1/3 failed for https://tuoitre.vn/timeline/7/the-gioi.htm: 404 Client Error: Not Found for url: https://tuoitre.vn/error/404
2026-09-14 12:44:52,060 - crawler.TuoiTre - WARNING - Attempt 1/3 failed for https://tuoitre.vn/timeline/0/tin-tuc.htm: 404 Client Error: Not Found for url: https://tuoitre.vn/error/404
2026-09-14 12:44:52,061 - crawler.TuoiTre - WARNING - Attempt 1/3 failed for https://tuoitre.vn/timeline/6/the-thao.htm: 404 Client Error: Not Found for url: https://tuoitre.vn/error/404
2026-09-14 12:44:52,061 - crawler.TuoiTre - WARNING - Attempt 1/3 failed for https://tuoitre.vn/timeline/1/kinh-te.htm: 404 Client Error: Not Found for url: https://tuoitre.vn/error/404
2026-09-14 12:44:52,079 - crawler.VNExpress - INFO - Found 20 articles in thoi-su
2026-09-14 12:44:52,097 - crawler.VNExpress - INFO - Found 20 articles in the-thao
2026-09-14 12:44:52,112 - crawler.VNExpress - INFO - Crawled: ...
2026-09-14 12:44:52,125 - crawler.VNExpress - INFO - Crawled: ...
2026-09-14 12:44:52,145 - crawler.VNExpress - INFO - Crawled: ...
2026-09-14 12:44:52,145 - crawler.VietnamNet - WARNING - Attempt 1/3 failed for https://vietnamnet.vn/kinh-te: 404 Client Error: Not Found for url: https://vietnamnet.vn/kinh-te
2026-09-14 12:44:52,161 - crawler.VNExpress - INFO - Crawled: ...
2026-09-14 12:44:52,186 - crawler.VietnamNet - INFO - Found 20 articles in the-thao
2026-09-14 12:44:52,206 - crawler.VietnamNet - INFO - Found 20 articles in the-gioi
2026-09-14 12:44:52,230 - crawler.VietnamNet - INFO - Found 20 articles in thoi-su
2026-09-14 12:44:52,260 - crawler.VNExpress - INFO - Crawled: Tin tức 24hMới nhất...
2026-09-14 12:44:52,262 - crawler.DanTri - WARNING - Attempt 1/3 failed for https://dantri.com.vn/thoi-su: 404 Client Error: Not Found for url: https://dantri.com.vn/thoi-su
2026-09-14 12:44:52,266 - crawler.DanTri - WARNING - Attempt 1/3 failed for https://dantri.com.vn/the-gioi: 404 Client Error: Not Found for url: https://dantri.com.vn/the-gioi
2026-09-14 12:44:52,286 - crawler.DanTri - WARNING - Attempt 1/3 failed for https://dantri.com.vn/kinh-te: 404 Client Error: Not Found for url: https://dantri.com.vn/kinh-te
2026-09-14 12:44:52,286 - crawler.DanTri - WARNING - Attempt 1/3 failed for https://dantri.com.vn/the-thao: 404 Client Error: Not Found for url: https://dantri.com.vn/the-thao
2026-09-14 12:44:52,322 - crawler.VNExpress - INFO - Crawled: Tin tức 24hMới nhất...
2026-09-14 12:44:52,371 - crawler.VNExpress - INFO - Crawled: Tin tức 24hMới nhất...
2026-09-14 12:44:52,382 - crawler.VNExpress - INFO - Crawled: Hà Nội...
2026-09-14 12:44:52,419 - crawler.VNExpress - INFO - Crawled: Tin tức 24hMới nhất...
2026-09-14 12:44:52,459 - crawler.VNExpress - INFO - Crawled: Hà Nội...
2026-09-14 12:44:52,473 - crawler.VNExpress - INFO - Crawled: TP HCM...
2026-09-14 12:44:52,485 - crawler.VNExpress - INFO - Crawled: Hà Nội...
2026-09-14 12:44:52,496 - crawler.VNExpress - INFO - Crawled: Hà Nội...
2026-09-14 12:44:52,604 - crawler.VNExpress - INFO - Crawled: TP HCM...
2026-09-14 12:44:52,616 - crawler.VNExpress - INFO - Crawled: TP HCM...
2026-09-14 12:44:52,627 - crawler.VNExpress - INFO - Crawled: TP HCM...
2026-09-14 12:44:52,717 - crawler.VNExpress - INFO - Crawled: ...
2026-09-14 12:44:52,739 - crawler.VNExpress - INFO - Crawled: ...
2026-09-14 12:44:52,762 - crawler.VNExpress - INFO - Crawled: ...
2026-09-14 12:44:52,865 - crawler.VNExpress - INFO - Crawled: ...
2026-09-14 12:44:52,870 - crawler.VNExpress - INFO - Crawled: là gì?...
2026-09-14 12:44:52,875 - crawler.VNExpress - INFO - Crawled: là gì?...
2026-09-14 12:44:52,881 - crawler.VNExpress - INFO - Crawled: là gì?...
2026-09-14 12:44:52,962 - crawler.VNExpress - INFO - Crawled: là gì?...
2026-09-14 12:44:53,265 - crawler.VNExpress - INFO - Crawled: Thời sự...
2026-09-14 12:44:53,266 - crawler.VietnamNet - WARNING - Attempt 2/3 failed for https://vietnamnet.vn/kinh-te: 404 Client Error: Not Found for url: https://vietnamnet.vn/kinh-te
2026-09-14 12:44:53,279 - crawler.TuoiTre - WARNING - Attempt 2/3 failed for https://tuoitre.vn/timeline/6/the-thao.htm: 404 Client Error: Not Found for url: https://tuoitre.vn/error/404
2026-09-14 12:44:53,317 - crawler.TuoiTre - WARNING - Attempt 2/3 failed for https://tuoitre.vn/timeline/7/the-gioi.htm: 404 Client Error: Not Found for url: https://tuoitre.vn/error/404
2026-09-14 12:44:53,371 - crawler.TuoiTre - WARNING - Attempt 2/3 failed for https://tuoitre.vn/timeline/1/kinh-te.htm: 404 Client Error: Not Found for url: https://tuoitre.vn/error/404
2026-09-14 12:44:53,373 - crawler.VNExpress - INFO - Crawled: Thế giới...
2026-09-14 12:44:53,386 - crawler.TuoiTre - WARNING - Attempt 2/3 failed for https://tuoitre.vn/timeline/0/tin-tuc.htm: 404 Client Error: Not Found for url: https://tuoitre.vn/error/404
2026-09-14 12:44:53,395 - crawler.VNExpress - INFO - Crawled: Thời sự...
2026-09-14 12:44:53,500 - crawler.DanTri - WARNING - Attempt 2/3 failed for https://dantri.com.vn/thoi-su: 404 Client Error: Not Found for url: https://dantri.com.vn/thoi-su
2026-09-14 12:44:53,501 - crawler.DanTri - WARNING - Attempt 2/3 failed for https://dantri.com.vn/the-gioi: 404 Client Error: Not Found for url: https://dantri.com.vn/the-gioi
2026-09-14 12:44:53,502 - crawler.DanTri - WARNING - Attempt 2/3 failed for https://dantri.com.vn/kinh-te: 404 Client Error: Not Found for url: https://dantri.com.vn/kinh-te
2026-09-14 12:44:53,518 - crawler.VNExpress - INFO - Crawled: Thế giới...
2026-09-14 12:44:53,537 - crawler.VNExpress - INFO - Crawled: Kinh doanh...
2026-09-14 12:44:53,550 - crawler.DanTri - WARNING - Attempt 2/3 failed for https://dantri.com.vn/the-thao: 404 Client Error: Not Found for url: https://dantri.com.vn/the-thao
2026-09-14 12:44:53,605 - crawler.VNExpress - INFO - Crawled: Kinh doanh...
2026-09-14 12:44:53,684 - crawler.VNExpress - INFO - Crawled: Khoa học công nghệ...
2026-09-14 12:44:53,754 - crawler.VNExpress - INFO - Crawled: Khoa học công nghệ...
2026-09-14 12:44:53,881 - crawler.VNExpress - INFO - Crawled: Thời sự...
2026-09-14 12:44:53,991 - crawler.VNExpress - INFO - Crawled: Bất động sản...
2026-09-14 12:44:54,012 - crawler.VNExpress - INFO - Crawled: Thời sự...
2026-09-14 12:44:54,105 - crawler.VNExpress - INFO - Crawled: Thế giới...
2026-09-14 12:44:54,133 - crawler.VNExpress - INFO - Crawled: Bất động sản...
2026-09-14 12:44:54,152 - crawler.VNExpress - INFO - Crawled: Sức khỏe...
2026-09-14 12:44:54,249 - crawler.VNExpress - INFO - Crawled: Thế giới...
2026-09-14 12:44:54,270 - crawler.VNExpress - INFO - Crawled: Kinh doanh...
2026-09-14 12:44:54,338 - crawler.VNExpress - INFO - Crawled: Sức khỏe...
2026-09-14 12:44:54,357 - crawler.VNExpress - INFO - Crawled: Thể thao...
2026-09-14 12:44:54,452 - crawler.VNExpress - INFO - Crawled: Kinh doanh...
2026-09-14 12:44:54,481 - crawler.VNExpress - INFO - Crawled: Khoa học công nghệ...
2026-09-14 12:44:54,495 - crawler.VNExpress - INFO - Crawled: Thể thao...
2026-09-14 12:44:54,570 - crawler.VNExpress - INFO - Crawled: Giải trí...
2026-09-14 12:44:54,576 - crawler.VietnamNet - INFO - Crawling category: cong-nghe
2026-09-14 12:44:54,577 - crawler.VietnamNet - INFO - Completed the-thao: 0 articles
2026-09-14 12:44:54,596 - crawler.VNExpress - INFO - Crawled: Khoa học công nghệ...
2026-09-14 12:44:54,630 - crawler.VNExpress - INFO - Crawled: Giải trí...
2026-09-14 12:44:54,668 - crawler.VietnamNet - INFO - Found 20 articles in cong-nghe
2026-09-14 12:44:54,698 - crawler.VietnamNet - INFO - Crawling category: giai-tri
2026-09-14 12:44:54,709 - crawler.VNExpress - INFO - Crawled: Pháp luật...
2026-09-14 12:44:54,709 - crawler.VietnamNet - INFO - Completed the-gioi: 0 articles
2026-09-14 12:44:54,742 - crawler.VNExpress - INFO - Crawled: Bất động sản...
2026-09-14 12:44:54,766 - crawler.VNExpress - INFO - Crawled: Pháp luật...
2026-09-14 12:44:54,797 - crawler.VietnamNet - INFO - Crawling category: giao-duc
2026-09-14 12:44:54,797 - crawler.VietnamNet - INFO - Completed thoi-su: 0 articles
2026-09-14 12:44:54,823 - crawler.VNExpress - INFO - Crawled: Bất động sản...
2026-09-14 12:44:54,845 - crawler.VNExpress - INFO - Crawled: Giáo dục...
2026-09-14 12:44:54,865 - crawler.VietnamNet - INFO - Found 20 articles in giai-tri
2026-09-14 12:44:54,931 - crawler.VNExpress - INFO - Crawled: Sức khỏe...
2026-09-14 12:44:54,932 - crawler.VietnamNet - INFO - Found 20 articles in giao-duc
2026-09-14 12:44:54,956 - crawler.VNExpress - INFO - Crawled: Giáo dục...
2026-09-14 12:44:54,986 - crawler.VNExpress - INFO - Crawled: Đời sống...
2026-09-14 12:44:54,992 - crawler.VNExpress - INFO - Crawling category: so-hoa
2026-09-14 12:44:54,995 - crawler.VNExpress - INFO - Crawled: Sức khỏe...
2026-09-14 12:44:54,995 - crawler.VNExpress - INFO - Completed the-gioi: 17 articles
2026-09-14 12:44:55,065 - crawler.VNExpress - INFO - Crawled: Đời sống...
2026-09-14 12:44:55,065 - crawler.VNExpress - INFO - Crawling category: giai-tri
2026-09-14 12:44:55,065 - crawler.VNExpress - INFO - Completed thoi-su: 17 articles
2026-09-14 12:44:55,084 - crawler.VNExpress - INFO - Crawled: Thể thao...
2026-09-14 12:44:55,134 - crawler.VNExpress - INFO - Crawled: Thể thao...
2026-09-14 12:44:55,235 - crawler.VNExpress - INFO - Crawled: Giải trí...
2026-09-14 12:44:55,245 - crawler.VNExpress - INFO - Found 20 articles in giai-tri
2026-09-14 12:44:55,265 - crawler.VNExpress - INFO - Crawled: Giải trí...
2026-09-14 12:44:55,329 - crawler.VNExpress - INFO - Crawled: Pháp luật...
2026-09-14 12:44:55,329 - crawler.VNExpress - INFO - Crawled: ...
2026-09-14 12:44:55,349 - crawler.VNExpress - INFO - Found 20 articles in so-hoa
2026-09-14 12:44:55,362 - crawler.VietnamNet - WARNING - Attempt 3/3 failed for https://vietnamnet.vn/kinh-te: 404 Client Error: Not Found for url: https://vietnamnet.vn/kinh-te
2026-09-14 12:44:55,374 - crawler.VietnamNet - INFO - Found 0 articles in kinh-te
2026-09-14 12:44:55,386 - crawler.VietnamNet - INFO - Completed kinh-te: 0 articles
2026-09-14 12:44:55,429 - crawler.VNExpress - INFO - Crawled: Pháp luật...
2026-09-14 12:44:55,457 - crawler.VNExpress - INFO - Crawled: ...
2026-09-14 12:44:55,466 - crawler.VNExpress - INFO - Crawled: Giáo dục...
2026-09-14 12:44:55,494 - crawler.TuoiTre - WARNING - Attempt 3/3 failed for https://tuoitre.vn/timeline/6/the-thao.htm: 404 Client Error: Not Found for url: https://tuoitre.vn/error/404
2026-09-14 12:44:55,497 - crawler.TuoiTre - INFO - Found 0 articles in the-thao
2026-09-14 12:44:55,497 - crawler.TuoiTre - INFO - Crawling category: cong-nghe
2026-09-14 12:44:55,498 - crawler.TuoiTre - INFO - Completed the-thao: 0 articles
2026-09-14 12:44:55,561 - crawler.VNExpress - INFO - Crawled: Tin tức 24hMới nhất...
2026-09-14 12:44:55,593 - crawler.VNExpress - INFO - Crawled: Giáo dục...
2026-09-14 12:44:55,612 - crawler.VNExpress - INFO - Crawled: Đời sống...
2026-09-14 12:44:55,625 - crawler.VNExpress - INFO - Crawling category: suc-khoe
2026-09-14 12:44:55,631 - crawler.VNExpress - INFO - Completed kinh-doanh: 17 articles
2026-09-14 12:44:55,640 - crawler.TuoiTre - WARNING - Attempt 3/3 failed for https://tuoitre.vn/timeline/7/the-gioi.htm: 404 Client Error: Not Found for url: https://tuoitre.vn/error/404
2026-09-14 12:44:55,642 - crawler.TuoiTre - INFO - Found 0 articles in the-gioi
2026-09-14 12:44:55,642 - crawler.TuoiTre - INFO - Crawling category: van-hoa
2026-09-14 12:44:55,642 - crawler.TuoiTre - INFO - Completed the-gioi: 0 articles
2026-09-14 12:44:55,686 - crawler.TuoiTre - WARNING - Attempt 3/3 failed for https://tuoitre.vn/timeline/1/kinh-te.htm: 404 Client Error: Not Found for url: https://tuoitre.vn/error/404
2026-09-14 12:44:55,691 - crawler.TuoiTre - INFO - Found 0 articles in kinh-te
2026-09-14 12:44:55,692 - crawler.TuoiTre - INFO - Crawling category: giao-duc
2026-09-14 12:44:55,692 - crawler.TuoiTre - INFO - Completed kinh-te: 0 articles
2026-09-14 12:44:55,703 - crawler.TuoiTre - WARNING - Attempt 3/3 failed for https://tuoitre.vn/timeline/0/tin-tuc.htm: 404 Client Error: Not Found for url: https://tuoitre.vn/error/404
2026-09-14 12:44:55,710 - crawler.TuoiTre - INFO - Found 0 articles in thoi-su
2026-09-14 12:44:55,708 - crawler.VNExpress - INFO - Crawled: Tin tức 24hMới nhất...
2026-09-14 12:44:55,729 - crawler.TuoiTre - INFO - Completed thoi-su: 0 articles
2026-09-14 12:44:55,750 - crawler.VNExpress - INFO - Crawled: Hà Nội...
2026-09-14 12:44:55,768 - crawler.VNExpress - INFO - Crawled: Đời sống...
2026-09-14 12:44:55,782 - crawler.VNExpress - INFO - Crawling category: giao-duc
2026-09-14 12:44:55,789 - crawler.VNExpress - INFO - Completed the-thao: 17 articles
2026-09-14 12:44:55,789 - crawler.TuoiTre - WARNING - Attempt 1/3 failed for https://tuoitre.vn/timeline/19/cong-nghe.htm: 404 Client Error: Not Found for url: https://tuoitre.vn/error/404
2026-09-14 12:44:55,813 - crawler.VNExpress - INFO - Found 20 articles in suc-khoe
2026-09-14 12:44:55,840 - crawler.DanTri - WARNING - Attempt 3/3 failed for https://dantri.com.vn/kinh-te: 404 Client Error: Not Found for url: https://dantri.com.vn/kinh-te
2026-09-14 12:44:55,840 - crawler.DanTri - INFO - Found 0 articles in kinh-te
2026-09-14 12:44:55,840 - crawler.DanTri - INFO - Crawling category: cong-nghe
2026-09-14 12:44:55,840 - crawler.DanTri - INFO - Completed kinh-te: 0 articles
2026-09-14 12:44:55,865 - crawler.DanTri - WARNING - Attempt 3/3 failed for https://dantri.com.vn/the-gioi: 404 Client Error: Not Found for url: https://dantri.com.vn/the-gioi
2026-09-14 12:44:55,865 - crawler.DanTri - INFO - Found 0 articles in the-gioi
2026-09-14 12:44:55,866 - crawler.DanTri - INFO - Crawling category: giai-tri
2026-09-14 12:44:55,866 - crawler.DanTri - INFO - Completed the-gioi: 0 articles
2026-09-14 12:44:55,866 - crawler.DanTri - WARNING - Attempt 3/3 failed for https://dantri.com.vn/thoi-su: 404 Client Error: Not Found for url: https://dantri.com.vn/thoi-su
2026-09-14 12:44:55,880 - crawler.DanTri - INFO - Found 0 articles in thoi-su
2026-09-14 12:44:55,882 - crawler.DanTri - INFO - Crawling category: giao-duc
2026-09-14 12:44:55,882 - crawler.DanTri - WARNING - Attempt 3/3 failed for https://dantri.com.vn/the-thao: 404 Client Error: Not Found for url: https://dantri.com.vn/the-thao
2026-09-14 12:44:55,882 - crawler.DanTri - INFO - Found 0 articles in the-thao
2026-09-14 12:44:55,882 - crawler.DanTri - INFO - Completed thoi-su: 0 articles
2026-09-14 12:44:55,881 - crawler.VNExpress - INFO - Crawled: Hà Nội...
2026-09-14 12:44:55,882 - crawler.DanTri - INFO - Completed the-thao: 0 articles
2026-09-14 12:44:55,894 - crawler.VNExpress - INFO - Crawled: TP HCM...
2026-09-14 12:44:55,915 - crawler.VNExpress - INFO - Found 20 articles in giao-duc
2026-09-14 12:44:55,916 - crawler.TuoiTre - WARNING - Attempt 1/3 failed for https://tuoitre.vn/timeline/3/van-hoa-xa-hoi.htm: 404 Client Error: Not Found for url: https://tuoitre.vn/error/404
2026-09-14 12:44:55,916 - crawler.TuoiTre - WARNING - Attempt 1/3 failed for https://tuoitre.vn/timeline/4/giao-duc.htm: 404 Client Error: Not Found for url: https://tuoitre.vn/error/404
2026-09-14 12:44:55,931 - crawler.VNExpress - INFO - Crawled: ...
2026-09-14 12:44:55,950 - crawler.VNExpress - INFO - Crawled: TP HCM...
2026-09-14 12:44:56,079 - crawler.VNExpress - INFO - Crawled: ...
2026-09-14 12:44:56,091 - crawler.VNExpress - INFO - Crawled: ...
2026-09-14 12:44:56,171 - crawler.VNExpress - INFO - Crawled: ...
2026-09-14 12:44:56,213 - crawler.VNExpress - INFO - Crawled: là gì?...
2026-09-14 12:44:56,232 - crawler.VNExpress - INFO - Crawled: Tin tức 24hMới nhất...
2026-09-14 12:44:56,237 - crawler.VNExpress - INFO - Crawled: là gì?...
2026-09-14 12:44:56,238 - crawler.DanTri - WARNING - Attempt 1/3 failed for https://dantri.com.vn/cong-nghe: 404 Client Error: Not Found for url: https://dantri.com.vn/cong-nghe
2026-09-14 12:44:56,238 - crawler.DanTri - WARNING - Attempt 1/3 failed for https://dantri.com.vn/giai-tri: 404 Client Error: Not Found for url: https://dantri.com.vn/giai-tri
2026-09-14 12:44:56,238 - crawler.DanTri - WARNING - Attempt 1/3 failed for https://dantri.com.vn/giao-duc: 404 Client Error: Not Found for url: https://dantri.com.vn/giao-duc
2026-09-14 12:44:56,258 - crawler.VNExpress - INFO - Crawled: Tin tức 24hMới nhất...
2026-09-14 12:44:56,270 - crawler.VNExpress - INFO - Crawled: Hà Nội...
2026-09-14 12:44:56,368 - crawler.VNExpress - INFO - Crawled: Hà Nội...
2026-09-14 12:44:56,374 - crawler.VNExpress - INFO - Crawled: TP HCM...
2026-09-14 12:44:56,454 - crawler.VNExpress - INFO - Crawled: ...
2026-09-14 12:44:56,466 - crawler.VNExpress - INFO - Crawled: TP HCM...
2026-09-14 12:44:56,555 - crawler.VNExpress - INFO - Crawled: là gì?...
2026-09-14 12:44:56,592 - crawler.VNExpress - INFO - Crawled: ...
2026-09-14 12:44:56,600 - crawler.VNExpress - INFO - Crawled: Thời sự...
2026-09-14 12:44:56,622 - crawler.VNExpress - INFO - Crawled: Thời sự...
2026-09-14 12:44:56,704 - crawler.VNExpress - INFO - Crawled: là gì?...
2026-09-14 12:44:56,725 - crawler.VNExpress - INFO - Crawled: Thế giới...
2026-09-14 12:44:56,743 - crawler.VNExpress - INFO - Crawled: Thế giới...
2026-09-14 12:44:56,881 - crawler.VNExpress - INFO - Crawled: Kinh doanh...
2026-09-14 12:44:56,904 - crawler.VNExpress - INFO - Crawled: Kinh doanh...
2026-09-14 12:44:57,002 - crawler.VNExpress - INFO - Crawled: Thời sự...
2026-09-14 12:44:57,034 - crawler.VNExpress - INFO - Crawled: Khoa học công nghệ...
2026-09-14 12:44:57,045 - crawler.VNExpress - INFO - Crawled: Khoa học công nghệ...
2026-09-14 12:44:57,098 - crawler.TuoiTre - WARNING - Attempt 2/3 failed for https://tuoitre.vn/timeline/19/cong-nghe.htm: 404 Client Error: Not Found for url: https://tuoitre.vn/error/404
2026-09-14 12:44:57,154 - crawler.TuoiTre - WARNING - Attempt 2/3 failed for https://tuoitre.vn/timeline/3/van-hoa-xa-hoi.htm: 404 Client Error: Not Found for url: https://tuoitre.vn/error/404
2026-09-14 12:44:57,171 - crawler.VNExpress - INFO - Crawled: Thế giới...
2026-09-14 12:44:57,195 - crawler.VNExpress - INFO - Crawled: Thời sự...
2026-09-14 12:44:57,258 - crawler.TuoiTre - WARNING - Attempt 2/3 failed for https://tuoitre.vn/timeline/4/giao-duc.htm: 404 Client Error: Not Found for url: https://tuoitre.vn/error/404
2026-09-14 12:44:57,318 - crawler.VNExpress - INFO - Crawled: Bất động sản...
2026-09-14 12:44:57,322 - crawler.VNExpress - INFO - Crawled: Bất động sản...
2026-09-14 12:44:57,346 - crawler.VNExpress - INFO - Crawled: Kinh doanh...
2026-09-14 12:44:57,364 - crawler.VNExpress - INFO - Crawled: Thế giới...
2026-09-14 12:44:57,428 - crawler.VNExpress - INFO - Crawled: Sức khỏe...
2026-09-14 12:44:57,431 - crawler.VNExpress - INFO - Crawled: Sức khỏe...
2026-09-14 12:44:57,433 - crawler.DanTri - WARNING - Attempt 2/3 failed for https://dantri.com.vn/giai-tri: 404 Client Error: Not Found for url: https://dantri.com.vn/giai-tri
2026-09-14 12:44:57,433 - crawler.DanTri - WARNING - Attempt 2/3 failed for https://dantri.com.vn/cong-nghe: 404 Client Error: Not Found for url: https://dantri.com.vn/cong-nghe
2026-09-14 12:44:57,459 - crawler.DanTri - WARNING - Attempt 2/3 failed for https://dantri.com.vn/giao-duc: 404 Client Error: Not Found for url: https://dantri.com.vn/giao-duc
2026-09-14 12:44:57,479 - crawler.VNExpress - INFO - Crawled: Khoa học công nghệ...
2026-09-14 12:44:57,501 - crawler.VNExpress - INFO - Crawled: Kinh doanh...
2026-09-14 12:44:57,548 - crawler.VNExpress - INFO - Crawled: Thể thao...
2026-09-14 12:44:57,565 - crawler.VietnamNet - INFO - Completed giai-tri: 0 articles
2026-09-14 12:44:57,585 - crawler.VNExpress - INFO - Crawled: Thể thao...
2026-09-14 12:44:57,636 - crawler.VietnamNet - INFO - Completed cong-nghe: 0 articles
2026-09-14 12:44:57,687 - crawler.VNExpress - INFO - Crawled: Khoa học công nghệ...
2026-09-14 12:44:57,707 - crawler.VNExpress - INFO - Crawled: Giải trí...
2026-09-14 12:44:57,728 - crawler.VNExpress - INFO - Crawled: Giải trí...
2026-09-14 12:44:57,754 - crawler.VietnamNet - INFO - Completed giao-duc: 0 articles
2026-09-14 12:44:57,761 - crawler.VietnamNet - INFO - Total articles crawled: 0
2026-09-14 12:44:57,761 - __main__ - INFO - Crawled 0 articles from VietnamNet
2026-09-14 12:44:57,782 - crawler.VNExpress - INFO - Crawled: Bất động sản...
2026-09-14 12:44:57,805 - crawler.VNExpress - INFO - Crawled: Pháp luật...
2026-09-14 12:44:57,831 - crawler.VNExpress - INFO - Crawled: Pháp luật...
2026-09-14 12:44:57,857 - crawler.VNExpress - INFO - Crawled: Bất động sản...
2026-09-14 12:44:57,907 - crawler.VNExpress - INFO - Crawled: Sức khỏe...
2026-09-14 12:44:57,912 - crawler.VNExpress - INFO - Crawled: Giáo dục...
2026-09-14 12:44:57,933 - crawler.VNExpress - INFO - Crawled: Sức khỏe...
2026-09-14 12:44:57,955 - crawler.VNExpress - INFO - Crawled: Giáo dục...
2026-09-14 12:44:57,974 - crawler.VNExpress - INFO - Crawled: Đời sống...
2026-09-14 12:44:57,988 - crawler.VNExpress - INFO - Completed so-hoa: 17 articles
2026-09-14 12:44:57,999 - crawler.VNExpress - INFO - Crawled: Thể thao...
2026-09-14 12:44:58,018 - crawler.VNExpress - INFO - Crawled: Đời sống...
2026-09-14 12:44:58,018 - crawler.VNExpress - INFO - Completed giai-tri: 17 articles
2026-09-14 12:44:58,037 - crawler.VNExpress - INFO - Crawled: Thể thao...
2026-09-14 12:44:58,095 - crawler.VNExpress - INFO - Crawled: Giải trí...
2026-09-14 12:44:58,115 - crawler.VNExpress - INFO - Crawled: Giải trí...
2026-09-14 12:44:58,136 - crawler.VNExpress - INFO - Crawled: Pháp luật...
2026-09-14 12:44:58,157 - crawler.VNExpress - INFO - Crawled: Pháp luật...
2026-09-14 12:44:58,190 - crawler.VNExpress - INFO - Crawled: Giáo dục...
2026-09-14 12:44:58,212 - crawler.VNExpress - INFO - Crawled: Giáo dục...
2026-09-14 12:44:58,239 - crawler.VNExpress - INFO - Crawled: Đời sống...
2026-09-14 12:44:58,239 - crawler.VNExpress - INFO - Completed giao-duc: 17 articles
2026-09-14 12:44:58,261 - crawler.VNExpress - INFO - Crawled: Đời sống...
2026-09-14 12:44:58,261 - crawler.VNExpress - INFO - Completed suc-khoe: 17 articles
2026-09-14 12:44:58,261 - crawler.VNExpress - INFO - Total articles crawled: 136
2026-09-14 12:44:58,261 - __main__ - INFO - Crawled 136 articles from VNExpress
2026-09-14 12:44:59,196 - crawler.TuoiTre - WARNING - Attempt 3/3 failed for https://tuoitre.vn/timeline/19/cong-nghe.htm: 404 Client Error: Not Found for url: https://tuoitre.vn/error/404
2026-09-14 12:44:59,197 - crawler.TuoiTre - INFO - Found 0 articles in cong-nghe
2026-09-14 12:44:59,197 - crawler.TuoiTre - INFO - Completed cong-nghe: 0 articles
2026-09-14 12:44:59,271 - crawler.TuoiTre - WARNING - Attempt 3/3 failed for https://tuoitre.vn/timeline/3/van-hoa-xa-hoi.htm: 404 Client Error: Not Found for url: https://tuoitre.vn/error/404
2026-09-14 12:44:59,272 - crawler.TuoiTre - INFO - Found 0 articles in van-hoa
2026-09-14 12:44:59,272 - crawler.TuoiTre - INFO - Completed van-hoa: 0 articles
2026-09-14 12:44:59,352 - crawler.TuoiTre - WARNING - Attempt 3/3 failed for https://tuoitre.vn/timeline/4/giao-duc.htm: 404 Client Error: Not Found for url: https://tuoitre.vn/error/404
2026-09-14 12:44:59,353 - crawler.TuoiTre - INFO - Found 0 articles in giao-duc
2026-09-14 12:44:59,353 - crawler.TuoiTre - INFO - Completed giao-duc: 0 articles
2026-09-14 12:44:59,353 - crawler.TuoiTre - INFO - Total articles crawled: 0
2026-09-14 12:44:59,353 - __main__ - INFO - Crawled 0 articles from Tuổi Trẻ
2026-09-14 12:44:59,466 - crawler.DanTri - WARNING - Attempt 3/3 failed for https://dantri.com.vn/giai-tri: 404 Client Error: Not Found for url: https://dantri.com.vn/giai-tri
2026-09-14 12:44:59,467 - crawler.DanTri - INFO - Found 0 articles in giai-tri
2026-09-14 12:44:59,467 - crawler.DanTri - INFO - Completed giai-tri: 0 articles
2026-09-14 12:44:59,473 - crawler.DanTri - WARNING - Attempt 3/3 failed for https://dantri.com.vn/cong-nghe: 404 Client Error: Not Found for url: https://dantri.com.vn/cong-nghe
2026-09-14 12:44:59,473 - crawler.DanTri - INFO - Found 0 articles in cong-nghe
2026-09-14 12:44:59,473 - crawler.DanTri - INFO - Completed cong-nghe: 0 articles
2026-09-14 12:44:59,486 - crawler.DanTri - WARNING - Attempt 3/3 failed for https://dantri.com.vn/giao-duc: 404 Client Error: Not Found for url: https://dantri.com.vn/giao-duc
2026-09-14 12:44:59,486 - crawler.DanTri - INFO - Found 0 articles in giao-duc
2026-09-14 12:44:59,486 - crawler.DanTri - INFO - Completed giao-duc: 0 articles
2026-09-14 12:44:59,486 - crawler.DanTri - INFO - Total articles crawled: 0
2026-09-14 12:44:59,486 - __main__ - INFO - Crawled 0 articles from Dân Trí
2026-09-14 12:44:59,490 - __main__ - INFO - Crawl completed: 4/4 sources, 136 total articles
2026-09-14 12:44:59,591 - googleapiclient.discovery_cache - INFO - file_cache is only supported with oauth2client<4.0.0
2026-09-14 12:45:03,828 - googleapiclient.http - WARNING - Encountered 403 Forbidden with reason "storageQuotaExceeded"
2026-09-14 12:45:03,828 - __main__ - INFO - Uploaded 0 articles from VietnamNet to Drive
2026-09-14 12:45:08,447 - googleapiclient.http - WARNING - Encountered 403 Forbidden with reason "storageQuotaExceeded"
2026-09-14 12:45:08,448 - __main__ - INFO - Uploaded 136 articles from VNExpress to Drive
2026-09-14 12:45:12,358 - googleapiclient.http - WARNING - Encountered 403 Forbidden with reason "storageQuotaExceeded"
2026-09-14 12:45:12,359 - __main__ - INFO - Uploaded 0 articles from Tuổi Trẻ to Drive
2026-09-14 12:45:17,031 - googleapiclient.http - WARNING - Encountered 403 Forbidden with reason "storageQuotaExceeded"
2026-09-14 12:45:17,032 - __main__ - INFO - Uploaded 0 articles from Dân Trí to Drive
2026-09-14 12:45:17,032 - __main__ - INFO - Upload completed: 4/4 sources
2026-09-14 12:45:17,032 - __main__ - INFO - Total duration: 25.13 seconds
2026-09-14 12:45:17,033 - __main__ - INFO - Crawl complete!
