2026-09-14 12:42:24,939 - __main__ - INFO - Starting news crawler at 2026-09-14 12:42:24.939650
2026-09-14 12:42:24,939 - __main__ - INFO - Crawling sources: vnexpress, tuoitre, vietnamnet, dantri
2026-09-14 12:42:24,939 - __main__ - INFO - Starting crawl for VNExpress
2026-09-14 12:42:24,939 - __main__ - INFO - Starting crawl for Tuổi Trẻ
2026-09-14 12:42:24,940 - crawler.TuoiTre - INFO - Starting crawl for TuoiTre with 4 workers
2026-09-14 12:42:24,940 - __main__ - INFO - Starting crawl for VietnamNet
2026-09-14 12:42:24,940 - crawler.VNExpress - INFO - Starting crawl for VNExpress with 4 workers
2026-09-14 12:42:24,940 - crawler.TuoiTre - INFO - Crawling category: thoi-su
2026-09-14 12:42:24,940 - crawler.TuoiTre - INFO - Crawling category: the-thao
2026-09-14 12:42:24,940 - crawler.VNExpress - INFO - Crawling category: thoi-su
2026-09-14 12:42:24,940 - crawler.VNExpress - INFO - Crawling category: kinh-doanh
2026-09-14 12:42:24,940 - crawler.TuoiTre - INFO - Crawling category: kinh-te
2026-09-14 12:42:24,940 - crawler.VietnamNet - INFO - Starting crawl for VietnamNet with 4 workers
2026-09-14 12:42:24,940 - crawler.VNExpress - INFO - Crawling category: the-gioi
2026-09-14 12:42:24,940 - crawler.TuoiTre - INFO - Crawling category: the-gioi
2026-09-14 12:42:24,940 - __main__ - INFO - Starting crawl for Dân Trí
2026-09-14 12:42:24,940 - crawler.VNExpress - INFO - Crawling category: the-thao
2026-09-14 12:42:24,941 - crawler.VietnamNet - INFO - Crawling category: thoi-su
2026-09-14 12:42:24,941 - crawler.VietnamNet - INFO - Crawling category: the-gioi
2026-09-14 12:42:24,941 - crawler.VietnamNet - INFO - Crawling category: kinh-te
2026-09-14 12:42:24,942 - crawler.VietnamNet - INFO - Crawling category: the-thao
2026-09-14 12:42:24,942 - crawler.DanTri - INFO - Starting crawl for DanTri with 4 workers
2026-09-14 12:42:24,943 - crawler.DanTri - INFO - Crawling category: thoi-su
2026-09-14 12:42:24,944 - crawler.DanTri - INFO - Crawling category: the-gioi
2026-09-14 12:42:24,944 - crawler.DanTri - INFO - Crawling category: kinh-te
2026-09-14 12:42:24,944 - crawler.DanTri - INFO - Crawling category: the-thao
2026-09-14 12:42:25,073 - crawler.VNExpress - INFO - Found 20 articles in the-thao
2026-09-14 12:42:25,095 - crawler.VNExpress - INFO - Found 20 articles in thoi-su
2026-09-14 12:42:25,118 - crawler.VNExpress - INFO - Found 20 articles in kinh-doanh
2026-09-14 12:42:25,136 - crawler.VNExpress - INFO - Found 20 articles in the-gioi
2026-09-14 12:42:25,165 - crawler.VNExpress - INFO - Crawled: ...
2026-09-14 12:42:25,166 - crawler.VNExpress - INFO - Crawled: ...
2026-09-14 12:42:25,180 - crawler.VNExpress - INFO - Crawled: ...
2026-09-14 12:42:25,180 - crawler.TuoiTre - WARNING - Attempt 1/3 failed for https://tuoitre.vn/timeline/7/the-gioi.htm: 404 Client Error: Not Found for url: https://tuoitre.vn/error/404
2026-09-14 12:42:25,180 - crawler.TuoiTre - WARNING - Attempt 1/3 failed for https://tuoitre.vn/timeline/6/the-thao.htm: 404 Client Error: Not Found for url: https://tuoitre.vn/error/404
2026-09-14 12:42:25,181 - crawler.TuoiTre - WARNING - Attempt 1/3 failed for https://tuoitre.vn/timeline/0/tin-tuc.htm: 404 Client Error: Not Found for url: https://tuoitre.vn/error/404
2026-09-14 12:42:25,181 - crawler.TuoiTre - WARNING - Attempt 1/3 failed for https://tuoitre.vn/timeline/1/kinh-te.htm: 404 Client Error: Not Found for url: https://tuoitre.vn/error/404
2026-09-14 12:42:25,197 - crawler.VNExpress - INFO - Crawled: ...
2026-09-14 12:42:25,197 - crawler.VietnamNet - WARNING - Attempt 1/3 failed for https://vietnamnet.vn/kinh-te: 404 Client Error: Not Found for url: https://vietnamnet.vn/kinh-te
2026-09-14 12:42:25,219 - crawler.VietnamNet - INFO - Found 20 articles in the-thao
2026-09-14 12:42:25,240 - crawler.VietnamNet - INFO - Found 20 articles in thoi-su
2026-09-14 12:42:25,262 - crawler.VietnamNet - INFO - Found 20 articles in the-gioi
2026-09-14 12:42:25,285 - crawler.DanTri - WARNING - Attempt 1/3 failed for https://dantri.com.vn/kinh-te: 404 Client Error: Not Found for url: https://dantri.com.vn/kinh-te
2026-09-14 12:42:25,286 - crawler.DanTri - WARNING - Attempt 1/3 failed for https://dantri.com.vn/thoi-su: 404 Client Error: Not Found for url: https://dantri.com.vn/thoi-su
2026-09-14 12:42:25,292 - crawler.DanTri - WARNING - Attempt 1/3 failed for https://dantri.com.vn/the-gioi: 404 Client Error: Not Found for url: https://dantri.com.vn/the-gioi
2026-09-14 12:42:25,320 - crawler.DanTri - WARNING - Attempt 1/3 failed for https://dantri.com.vn/the-thao: 404 Client Error: Not Found for url: https://dantri.com.vn/the-thao
2026-09-14 12:42:25,336 - crawler.VNExpress - INFO - Crawled: Tin tức 24hMới nhất...
2026-09-14 12:42:25,398 - crawler.VNExpress - INFO - Crawled: Tin tức 24hMới nhất...
2026-09-14 12:42:25,424 - crawler.VNExpress - INFO - Crawled: Tin tức 24hMới nhất...
2026-09-14 12:42:25,429 - crawler.VNExpress - INFO - Crawled: Tin tức 24hMới nhất...
2026-09-14 12:42:25,452 - crawler.VNExpress - INFO - Crawled: Hà Nội...
2026-09-14 12:42:25,464 - crawler.VNExpress - INFO - Crawled: Hà Nội...
2026-09-14 12:42:25,475 - crawler.VNExpress - INFO - Crawled: Hà Nội...
2026-09-14 12:42:25,505 - crawler.VNExpress - INFO - Crawled: Hà Nội...
2026-09-14 12:42:25,573 - crawler.VNExpress - INFO - Crawled: TP HCM...
2026-09-14 12:42:25,587 - crawler.VNExpress - INFO - Crawled: TP HCM...
2026-09-14 12:42:25,620 - crawler.VNExpress - INFO - Crawled: TP HCM...
2026-09-14 12:42:25,669 - crawler.VNExpress - INFO - Crawled: TP HCM...
2026-09-14 12:42:25,792 - crawler.VNExpress - INFO - Crawled: ...
2026-09-14 12:42:25,795 - crawler.VNExpress - INFO - Crawled: ...
2026-09-14 12:42:25,862 - crawler.VNExpress - INFO - Crawled: là gì?...
2026-09-14 12:42:25,870 - crawler.VNExpress - INFO - Crawled: là gì?...
2026-09-14 12:42:26,172 - crawler.VNExpress - INFO - Crawled: Thời sự...
2026-09-14 12:42:26,262 - crawler.VietnamNet - WARNING - Attempt 2/3 failed for https://vietnamnet.vn/kinh-te: 404 Client Error: Not Found for url: https://vietnamnet.vn/kinh-te
2026-09-14 12:42:26,297 - crawler.VNExpress - INFO - Crawled: ...
2026-09-14 12:42:26,305 - crawler.VNExpress - INFO - Crawled: ...
2026-09-14 12:42:26,339 - crawler.VNExpress - INFO - Crawled: Thế giới...
2026-09-14 12:42:26,365 - crawler.TuoiTre - WARNING - Attempt 2/3 failed for https://tuoitre.vn/timeline/0/tin-tuc.htm: 404 Client Error: Not Found for url: https://tuoitre.vn/error/404
2026-09-14 12:42:26,365 - crawler.TuoiTre - WARNING - Attempt 2/3 failed for https://tuoitre.vn/timeline/6/the-thao.htm: 404 Client Error: Not Found for url: https://tuoitre.vn/error/404
2026-09-14 12:42:26,368 - crawler.VNExpress - INFO - Crawled: Thời sự...
2026-09-14 12:42:26,368 - crawler.TuoiTre - WARNING - Attempt 2/3 failed for https://tuoitre.vn/timeline/1/kinh-te.htm: 404 Client Error: Not Found for url: https://tuoitre.vn/error/404
2026-09-14 12:42:26,368 - crawler.TuoiTre - WARNING - Attempt 2/3 failed for https://tuoitre.vn/timeline/7/the-gioi.htm: 404 Client Error: Not Found for url: https://tuoitre.vn/error/404
2026-09-14 12:42:26,418 - crawler.VNExpress - INFO - Crawled: là gì?...
2026-09-14 12:42:26,448 - crawler.VNExpress - INFO - Crawled: là gì?...
2026-09-14 12:42:26,472 - crawler.VNExpress - INFO - Crawled: Kinh doanh...
2026-09-14 12:42:26,524 - crawler.DanTri - WARNING - Attempt 2/3 failed for https://dantri.com.vn/the-gioi: 404 Client Error: Not Found for url: https://dantri.com.vn/the-gioi
2026-09-14 12:42:26,524 - crawler.DanTri - WARNING - Attempt 2/3 failed for https://dantri.com.vn/thoi-su: 404 Client Error: Not Found for url: https://dantri.com.vn/thoi-su
2026-09-14 12:42:26,562 - crawler.DanTri - WARNING - Attempt 2/3 failed for https://dantri.com.vn/kinh-te: 404 Client Error: Not Found for url: https://dantri.com.vn/kinh-te
2026-09-14 12:42:26,562 - crawler.DanTri - WARNING - Attempt 2/3 failed for https://dantri.com.vn/the-thao: 404 Client Error: Not Found for url: https://dantri.com.vn/the-thao
2026-09-14 12:42:26,584 - crawler.VNExpress - INFO - Crawled: Thế giới...
2026-09-14 12:42:26,703 - crawler.VNExpress - INFO - Crawled: Kinh doanh...
2026-09-14 12:42:26,735 - crawler.VNExpress - INFO - Crawled: Khoa học công nghệ...
2026-09-14 12:42:26,846 - crawler.VNExpress - INFO - Crawled: Khoa học công nghệ...
2026-09-14 12:42:26,894 - crawler.VNExpress - INFO - Crawled: Thời sự...
2026-09-14 12:42:26,899 - crawler.VNExpress - INFO - Crawled: Thời sự...
2026-09-14 12:42:27,027 - crawler.VNExpress - INFO - Crawled: Bất động sản...
2026-09-14 12:42:27,046 - crawler.VNExpress - INFO - Crawled: Thế giới...
2026-09-14 12:42:27,066 - crawler.VNExpress - INFO - Crawled: Thế giới...
2026-09-14 12:42:27,166 - crawler.VNExpress - INFO - Crawled: Bất động sản...
2026-09-14 12:42:27,186 - crawler.VNExpress - INFO - Crawled: Kinh doanh...
2026-09-14 12:42:27,205 - crawler.VNExpress - INFO - Crawled: Kinh doanh...
2026-09-14 12:42:27,225 - crawler.VNExpress - INFO - Crawled: Sức khỏe...
2026-09-14 12:42:27,349 - crawler.VNExpress - INFO - Crawled: Khoa học công nghệ...
2026-09-14 12:42:27,380 - crawler.VNExpress - INFO - Crawled: Khoa học công nghệ...
2026-09-14 12:42:27,413 - crawler.VNExpress - INFO - Crawled: Sức khỏe...
2026-09-14 12:42:27,508 - crawler.VNExpress - INFO - Crawled: Thể thao...
2026-09-14 12:42:27,573 - crawler.VietnamNet - INFO - Crawling category: cong-nghe
2026-09-14 12:42:27,573 - crawler.VietnamNet - INFO - Completed thoi-su: 0 articles
2026-09-14 12:42:27,594 - crawler.VNExpress - INFO - Crawled: Thể thao...
2026-09-14 12:42:27,640 - crawler.VNExpress - INFO - Crawled: Giải trí...
2026-09-14 12:42:27,657 - crawler.VNExpress - INFO - Crawled: Bất động sản...
2026-09-14 12:42:27,663 - crawler.VNExpress - INFO - Crawled: Bất động sản...
2026-09-14 12:42:27,710 - crawler.VietnamNet - INFO - Found 20 articles in cong-nghe
2026-09-14 12:42:27,722 - crawler.VietnamNet - INFO - Crawling category: giai-tri
2026-09-14 12:42:27,722 - crawler.VietnamNet - INFO - Completed the-gioi: 0 articles
2026-09-14 12:42:27,756 - crawler.VNExpress - INFO - Crawled: Sức khỏe...
2026-09-14 12:42:27,764 - crawler.VNExpress - INFO - Crawled: Giải trí...
2026-09-14 12:42:27,784 - crawler.VNExpress - INFO - Crawled: Pháp luật...
2026-09-14 12:42:27,848 - crawler.VNExpress - INFO - Crawled: Sức khỏe...
2026-09-14 12:42:27,867 - crawler.VietnamNet - INFO - Found 20 articles in giai-tri
2026-09-14 12:42:27,887 - crawler.VNExpress - INFO - Crawled: Thể thao...
2026-09-14 12:42:27,909 - crawler.VNExpress - INFO - Crawled: Pháp luật...
2026-09-14 12:42:27,975 - crawler.VNExpress - INFO - Crawled: Thể thao...
2026-09-14 12:42:27,998 - crawler.VNExpress - INFO - Crawled: Giáo dục...
2026-09-14 12:42:28,010 - crawler.VietnamNet - INFO - Crawling category: giao-duc
2026-09-14 12:42:28,010 - crawler.VietnamNet - INFO - Completed the-thao: 0 articles
2026-09-14 12:42:28,045 - crawler.VNExpress - INFO - Crawled: Giải trí...
2026-09-14 12:42:28,072 - crawler.VNExpress - INFO - Crawled: Giáo dục...
2026-09-14 12:42:28,111 - crawler.VNExpress - INFO - Crawled: Đời sống...
2026-09-14 12:42:28,111 - crawler.VNExpress - INFO - Crawling category: so-hoa
2026-09-14 12:42:28,111 - crawler.VNExpress - INFO - Completed the-gioi: 17 articles
2026-09-14 12:42:28,167 - crawler.VNExpress - INFO - Crawled: Giải trí...
2026-09-14 12:42:28,210 - crawler.VietnamNet - INFO - Found 20 articles in giao-duc
2026-09-14 12:42:28,233 - crawler.VNExpress - INFO - Crawled: Pháp luật...
2026-09-14 12:42:28,267 - crawler.VNExpress - INFO - Crawled: Pháp luật...
2026-09-14 12:42:28,360 - crawler.VNExpress - INFO - Crawled: Đời sống...
2026-09-14 12:42:28,366 - crawler.VNExpress - INFO - Crawling category: giai-tri
2026-09-14 12:42:28,377 - crawler.VNExpress - INFO - Completed the-thao: 17 articles
2026-09-14 12:42:28,378 - crawler.VietnamNet - WARNING - Attempt 3/3 failed for https://vietnamnet.vn/kinh-te: 404 Client Error: Not Found for url: https://vietnamnet.vn/kinh-te
2026-09-14 12:42:28,378 - crawler.VietnamNet - INFO - Found 0 articles in kinh-te
2026-09-14 12:42:28,377 - crawler.VNExpress - INFO - Crawled: Giáo dục...
2026-09-14 12:42:28,378 - crawler.VietnamNet - INFO - Completed kinh-te: 0 articles
2026-09-14 12:42:28,399 - crawler.VNExpress - INFO - Crawled: Giáo dục...
2026-09-14 12:42:28,535 - crawler.VNExpress - INFO - Crawled: Đời sống...
2026-09-14 12:42:28,536 - crawler.VNExpress - INFO - Crawling category: suc-khoe
2026-09-14 12:42:28,537 - crawler.VNExpress - INFO - Found 20 articles in giai-tri
2026-09-14 12:42:28,536 - crawler.TuoiTre - WARNING - Attempt 3/3 failed for https://tuoitre.vn/timeline/6/the-thao.htm: 404 Client Error: Not Found for url: https://tuoitre.vn/error/404
2026-09-14 12:42:28,537 - crawler.VNExpress - INFO - Completed kinh-doanh: 17 articles
2026-09-14 12:42:28,538 - crawler.TuoiTre - WARNING - Attempt 3/3 failed for https://tuoitre.vn/timeline/0/tin-tuc.htm: 404 Client Error: Not Found for url: https://tuoitre.vn/error/404
2026-09-14 12:42:28,539 - crawler.TuoiTre - INFO - Found 0 articles in the-thao
2026-09-14 12:42:28,540 - crawler.TuoiTre - INFO - Found 0 articles in thoi-su
2026-09-14 12:42:28,553 - crawler.TuoiTre - INFO - Crawling category: van-hoa
2026-09-14 12:42:28,553 - crawler.TuoiTre - INFO - Completed the-thao: 0 articles
2026-09-14 12:42:28,552 - crawler.TuoiTre - INFO - Crawling category: cong-nghe
2026-09-14 12:42:28,573 - crawler.VNExpress - INFO - Crawled: Đời sống...
2026-09-14 12:42:28,586 - crawler.TuoiTre - WARNING - Attempt 3/3 failed for https://tuoitre.vn/timeline/7/the-gioi.htm: 404 Client Error: Not Found for url: https://tuoitre.vn/error/404
2026-09-14 12:42:28,586 - crawler.TuoiTre - INFO - Completed thoi-su: 0 articles
2026-09-14 12:42:28,604 - crawler.TuoiTre - WARNING - Attempt 3/3 failed for https://tuoitre.vn/timeline/1/kinh-te.htm: 404 Client Error: Not Found for url: https://tuoitre.vn/error/404
2026-09-14 12:42:28,623 - crawler.VNExpress - INFO - Crawling category: giao-duc
2026-09-14 12:42:28,623 - crawler.VNExpress - INFO - Completed thoi-su: 17 articles
2026-09-14 12:42:28,624 - crawler.TuoiTre - INFO - Found 0 articles in the-gioi
2026-09-14 12:42:28,624 - crawler.TuoiTre - INFO - Found 0 articles in kinh-te
2026-09-14 12:42:28,652 - crawler.TuoiTre - INFO - Crawling category: giao-duc
2026-09-14 12:42:28,652 - crawler.TuoiTre - INFO - Completed the-gioi: 0 articles
2026-09-14 12:42:28,669 - crawler.TuoiTre - INFO - Completed kinh-te: 0 articles
2026-09-14 12:42:28,669 - crawler.VNExpress - INFO - Found 20 articles in suc-khoe
2026-09-14 12:42:28,707 - crawler.VNExpress - INFO - Crawled: ...
2026-09-14 12:42:28,738 - crawler.DanTri - WARNING - Attempt 3/3 failed for https://dantri.com.vn/the-gioi: 404 Client Error: Not Found for url: https://dantri.com.vn/the-gioi
2026-09-14 12:42:28,744 - crawler.DanTri - INFO - Found 0 articles in the-gioi
2026-09-14 12:42:28,760 - crawler.DanTri - INFO - Crawling category: cong-nghe
2026-09-14 12:42:28,760 - crawler.VNExpress - INFO - Found 20 articles in so-hoa
2026-09-14 12:42:28,779 - crawler.TuoiTre - WARNING - Attempt 1/3 failed for https://tuoitre.vn/timeline/3/van-hoa-xa-hoi.htm: 404 Client Error: Not Found for url: https://tuoitre.vn/error/404
2026-09-14 12:42:28,778 - crawler.TuoiTre - WARNING - Attempt 1/3 failed for https://tuoitre.vn/timeline/19/cong-nghe.htm: 404 Client Error: Not Found for url: https://tuoitre.vn/error/404
2026-09-14 12:42:28,779 - crawler.DanTri - WARNING - Attempt 3/3 failed for https://dantri.com.vn/thoi-su: 404 Client Error: Not Found for url: https://dantri.com.vn/thoi-su
2026-09-14 12:42:28,778 - crawler.DanTri - INFO - Completed the-gioi: 0 articles
2026-09-14 12:42:28,780 - crawler.DanTri - INFO - Found 0 articles in thoi-su
2026-09-14 12:42:28,780 - crawler.DanTri - INFO - Crawling category: giai-tri
2026-09-14 12:42:28,780 - crawler.DanTri - INFO - Completed thoi-su: 0 articles
2026-09-14 12:42:28,819 - crawler.TuoiTre - WARNING - Attempt 1/3 failed for https://tuoitre.vn/timeline/4/giao-duc.htm: 404 Client Error: Not Found for url: https://tuoitre.vn/error/404
2026-09-14 12:42:28,823 - crawler.VNExpress - INFO - Found 20 articles in giao-duc
2026-09-14 12:42:28,823 - crawler.DanTri - WARNING - Attempt 3/3 failed for https://dantri.com.vn/kinh-te: 404 Client Error: Not Found for url: https://dantri.com.vn/kinh-te
2026-09-14 12:42:28,837 - crawler.DanTri - INFO - Found 0 articles in kinh-te
2026-09-14 12:42:28,843 - crawler.DanTri - INFO - Crawling category: giao-duc
2026-09-14 12:42:28,844 - crawler.DanTri - INFO - Completed kinh-te: 0 articles
2026-09-14 12:42:28,864 - crawler.VNExpress - INFO - Crawled: ...
2026-09-14 12:42:28,864 - crawler.DanTri - WARNING - Attempt 3/3 failed for https://dantri.com.vn/the-thao: 404 Client Error: Not Found for url: https://dantri.com.vn/the-thao
2026-09-14 12:42:28,875 - crawler.DanTri - INFO - Found 0 articles in the-thao
2026-09-14 12:42:28,894 - crawler.DanTri - INFO - Completed the-thao: 0 articles
2026-09-14 12:42:28,916 - crawler.VNExpress - INFO - Crawled: ...
2026-09-14 12:42:28,931 - crawler.VNExpress - INFO - Crawled: Tin tức 24hMới nhất...
2026-09-14 12:42:28,974 - crawler.VNExpress - INFO - Crawled: ...
2026-09-14 12:42:29,077 - crawler.VNExpress - INFO - Crawled: Hà Nội...
2026-09-14 12:42:29,088 - crawler.VNExpress - INFO - Crawled: Tin tức 24hMới nhất...
2026-09-14 12:42:29,160 - crawler.VNExpress - INFO - Crawled: Tin tức 24hMới nhất...
2026-09-14 12:42:29,184 - crawler.DanTri - WARNING - Attempt 1/3 failed for https://dantri.com.vn/cong-nghe: 404 Client Error: Not Found for url: https://dantri.com.vn/cong-nghe
2026-09-14 12:42:29,193 - crawler.VNExpress - INFO - Crawled: Tin tức 24hMới nhất...
2026-09-14 12:42:29,204 - crawler.VNExpress - INFO - Crawled: Hà Nội...
2026-09-14 12:42:29,222 - crawler.VNExpress - INFO - Crawled: TP HCM...
2026-09-14 12:42:29,241 - crawler.DanTri - WARNING - Attempt 1/3 failed for https://dantri.com.vn/giai-tri: 404 Client Error: Not Found for url: https://dantri.com.vn/giai-tri
2026-09-14 12:42:29,265 - crawler.VNExpress - INFO - Crawled: Hà Nội...
2026-09-14 12:42:29,283 - crawler.VNExpress - INFO - Crawled: Hà Nội...
2026-09-14 12:42:29,301 - crawler.DanTri - WARNING - Attempt 1/3 failed for https://dantri.com.vn/giao-duc: 404 Client Error: Not Found for url: https://dantri.com.vn/giao-duc
2026-09-14 12:42:29,363 - crawler.VNExpress - INFO - Crawled: TP HCM...
2026-09-14 12:42:29,385 - crawler.VNExpress - INFO - Crawled: ...
2026-09-14 12:42:29,418 - crawler.VNExpress - INFO - Crawled: TP HCM...
2026-09-14 12:42:29,471 - crawler.VNExpress - INFO - Crawled: TP HCM...
2026-09-14 12:42:29,495 - crawler.VNExpress - INFO - Crawled: ...
2026-09-14 12:42:29,550 - crawler.VNExpress - INFO - Crawled: ...
2026-09-14 12:42:29,597 - crawler.VNExpress - INFO - Crawled: là gì?...
2026-09-14 12:42:29,636 - crawler.VNExpress - INFO - Crawled: là gì?...
2026-09-14 12:42:29,652 - crawler.VNExpress - INFO - Crawled: ...
2026-09-14 12:42:29,664 - crawler.VNExpress - INFO - Crawled: là gì?...
2026-09-14 12:42:29,738 - crawler.VNExpress - INFO - Crawled: là gì?...
2026-09-14 12:42:29,916 - crawler.VNExpress - INFO - Crawled: Thời sự...
2026-09-14 12:42:29,931 - crawler.TuoiTre - WARNING - Attempt 2/3 failed for https://tuoitre.vn/timeline/3/van-hoa-xa-hoi.htm: 404 Client Error: Not Found for url: https://tuoitre.vn/error/404
2026-09-14 12:42:29,941 - crawler.VNExpress - INFO - Crawled: Thời sự...
2026-09-14 12:42:29,970 - crawler.TuoiTre - WARNING - Attempt 2/3 failed for https://tuoitre.vn/timeline/19/cong-nghe.htm: 404 Client Error: Not Found for url: https://tuoitre.vn/error/404
2026-09-14 12:42:30,013 - crawler.VietnamNet - INFO - Completed cong-nghe: 0 articles
2026-09-14 12:42:30,042 - crawler.VNExpress - INFO - Crawled: Thế giới...
2026-09-14 12:42:30,050 - crawler.TuoiTre - WARNING - Attempt 2/3 failed for https://tuoitre.vn/timeline/4/giao-duc.htm: 404 Client Error: Not Found for url: https://tuoitre.vn/error/404
2026-09-14 12:42:30,102 - crawler.VNExpress - INFO - Crawled: Thế giới...
2026-09-14 12:42:30,109 - crawler.VNExpress - INFO - Crawled: Thời sự...
2026-09-14 12:42:30,155 - crawler.VNExpress - INFO - Crawled: Kinh doanh...
2026-09-14 12:42:30,200 - crawler.VNExpress - INFO - Crawled: Thời sự...
2026-09-14 12:42:30,249 - crawler.VNExpress - INFO - Crawled: Kinh doanh...
2026-09-14 12:42:30,268 - crawler.VNExpress - INFO - Crawled: Thế giới...
2026-09-14 12:42:30,288 - crawler.VNExpress - INFO - Crawled: Thế giới...
2026-09-14 12:42:30,312 - crawler.VNExpress - INFO - Crawled: Khoa học công nghệ...
2026-09-14 12:42:30,332 - crawler.VNExpress - INFO - Crawled: Khoa học công nghệ...
2026-09-14 12:42:30,333 - crawler.DanTri - WARNING - Attempt 2/3 failed for https://dantri.com.vn/cong-nghe: 404 Client Error: Not Found for url: https://dantri.com.vn/cong-nghe
2026-09-14 12:42:30,343 - crawler.DanTri - WARNING - Attempt 2/3 failed for https://dantri.com.vn/giai-tri: 404 Client Error: Not Found for url: https://dantri.com.vn/giai-tri
2026-09-14 12:42:30,363 - crawler.VNExpress - INFO - Crawled: Kinh doanh...
2026-09-14 12:42:30,385 - crawler.VNExpress - INFO - Crawled: Kinh doanh...
2026-09-14 12:42:30,386 - crawler.DanTri - WARNING - Attempt 2/3 failed for https://dantri.com.vn/giao-duc: 404 Client Error: Not Found for url: https://dantri.com.vn/giao-duc
2026-09-14 12:42:30,418 - crawler.VNExpress - INFO - Crawled: Bất động sản...
2026-09-14 12:42:30,448 - crawler.VNExpress - INFO - Crawled: Khoa học công nghệ...
2026-09-14 12:42:30,471 - crawler.VNExpress - INFO - Crawled: Bất động sản...
2026-09-14 12:42:30,491 - crawler.VNExpress - INFO - Crawled: Khoa học công nghệ...
2026-09-14 12:42:30,511 - crawler.VNExpress - INFO - Crawled: Sức khỏe...
2026-09-14 12:42:30,527 - crawler.VietnamNet - INFO - Completed giai-tri: 0 articles
2026-09-14 12:42:30,591 - crawler.VNExpress - INFO - Crawled: Thể thao...
2026-09-14 12:42:30,638 - crawler.VNExpress - INFO - Crawled: Sức khỏe...
2026-09-14 12:42:30,650 - crawler.VietnamNet - INFO - Completed giao-duc: 0 articles
2026-09-14 12:42:30,651 - crawler.VietnamNet - INFO - Total articles crawled: 0
2026-09-14 12:42:30,657 - __main__ - INFO - Crawled 0 articles from VietnamNet
2026-09-14 12:42:30,674 - crawler.VNExpress - INFO - Crawled: Bất động sản...
2026-09-14 12:42:30,698 - crawler.VNExpress - INFO - Crawled: Giải trí...
2026-09-14 12:42:30,718 - crawler.VNExpress - INFO - Crawled: Thể thao...
2026-09-14 12:42:30,742 - crawler.VNExpress - INFO - Crawled: Bất động sản...
2026-09-14 12:42:30,764 - crawler.VNExpress - INFO - Crawled: Sức khỏe...
2026-09-14 12:42:30,784 - crawler.VNExpress - INFO - Crawled: Giải trí...
2026-09-14 12:42:30,804 - crawler.VNExpress - INFO - Crawled: Pháp luật...
2026-09-14 12:42:30,823 - crawler.VNExpress - INFO - Crawled: Sức khỏe...
2026-09-14 12:42:30,846 - crawler.VNExpress - INFO - Crawled: Thể thao...
2026-09-14 12:42:30,866 - crawler.VNExpress - INFO - Crawled: Pháp luật...
2026-09-14 12:42:30,894 - crawler.VNExpress - INFO - Crawled: Giải trí...
2026-09-14 12:42:30,923 - crawler.VNExpress - INFO - Crawled: Giáo dục...
2026-09-14 12:42:30,965 - crawler.VNExpress - INFO - Crawled: Giáo dục...
2026-09-14 12:42:30,991 - crawler.VNExpress - INFO - Crawled: Pháp luật...
2026-09-14 12:42:31,041 - crawler.VNExpress - INFO - Crawled: Giáo dục...
2026-09-14 12:42:31,083 - crawler.VNExpress - INFO - Crawled: Đời sống...
2026-09-14 12:42:31,083 - crawler.VNExpress - INFO - Completed so-hoa: 17 articles
2026-09-14 12:42:31,101 - crawler.VNExpress - INFO - Crawled: Thể thao...
2026-09-14 12:42:31,119 - crawler.VNExpress - INFO - Crawled: Đời sống...
2026-09-14 12:42:31,119 - crawler.VNExpress - INFO - Completed suc-khoe: 17 articles
2026-09-14 12:42:31,175 - crawler.VNExpress - INFO - Crawled: Giải trí...
2026-09-14 12:42:31,194 - crawler.VNExpress - INFO - Crawled: Đời sống...
2026-09-14 12:42:31,194 - crawler.VNExpress - INFO - Completed giai-tri: 17 articles
2026-09-14 12:42:31,254 - crawler.VNExpress - INFO - Crawled: Pháp luật...
2026-09-14 12:42:31,312 - crawler.VNExpress - INFO - Crawled: Giáo dục...
2026-09-14 12:42:31,391 - crawler.VNExpress - INFO - Crawled: Đời sống...
2026-09-14 12:42:31,392 - crawler.VNExpress - INFO - Completed giao-duc: 17 articles
2026-09-14 12:42:31,392 - crawler.VNExpress - INFO - Total articles crawled: 136
2026-09-14 12:42:31,392 - __main__ - INFO - Crawled 136 articles from VNExpress
2026-09-14 12:42:32,060 - crawler.TuoiTre - WARNING - Attempt 3/3 failed for https://tuoitre.vn/timeline/3/van-hoa-xa-hoi.htm: 404 Client Error: Not Found for url: https://tuoitre.vn/error/404
2026-09-14 12:42:32,061 - crawler.TuoiTre - INFO - Found 0 articles in van-hoa
2026-09-14 12:42:32,061 - crawler.TuoiTre - INFO - Completed van-hoa: 0 articles
2026-09-14 12:42:32,097 - crawler.TuoiTre - WARNING - Attempt 3/3 failed for https://tuoitre.vn/timeline/19/cong-nghe.htm: 404 Client Error: Not Found for url: https://tuoitre.vn/error/404
2026-09-14 12:42:32,098 - crawler.TuoiTre - INFO - Found 0 articles in cong-nghe
2026-09-14 12:42:32,098 - crawler.TuoiTre - INFO - Completed cong-nghe: 0 articles
2026-09-14 12:42:32,199 - crawler.TuoiTre - WARNING - Attempt 3/3 failed for https://tuoitre.vn/timeline/4/giao-duc.htm: 404 Client Error: Not Found for url: https://tuoitre.vn/error/404
2026-09-14 12:42:32,199 - crawler.TuoiTre - INFO - Found 0 articles in giao-duc
2026-09-14 12:42:32,199 - crawler.TuoiTre - INFO - Completed giao-duc: 0 articles
2026-09-14 12:42:32,199 - crawler.TuoiTre - INFO - Total articles crawled: 0
2026-09-14 12:42:32,199 - __main__ - INFO - Crawled 0 articles from Tuổi Trẻ
2026-09-14 12:42:32,370 - crawler.DanTri - WARNING - Attempt 3/3 failed for https://dantri.com.vn/cong-nghe: 404 Client Error: Not Found for url: https://dantri.com.vn/cong-nghe
2026-09-14 12:42:32,370 - crawler.DanTri - INFO - Found 0 articles in cong-nghe
2026-09-14 12:42:32,370 - crawler.DanTri - INFO - Completed cong-nghe: 0 articles
2026-09-14 12:42:32,381 - crawler.DanTri - WARNING - Attempt 3/3 failed for https://dantri.com.vn/giai-tri: 404 Client Error: Not Found for url: https://dantri.com.vn/giai-tri
2026-09-14 12:42:32,381 - crawler.DanTri - INFO - Found 0 articles in giai-tri
2026-09-14 12:42:32,381 - crawler.DanTri - INFO - Completed giai-tri: 0 articles
2026-09-14 12:42:32,399 - crawler.DanTri - WARNING - Attempt 3/3 failed for https://dantri.com.vn/giao-duc: 404 Client Error: Not Found for url: https://dantri.com.vn/giao-duc
2026-09-14 12:42:32,399 - crawler.DanTri - INFO - Found 0 articles in giao-duc
2026-09-14 12:42:32,399 - crawler.DanTri - INFO - Completed giao-duc: 0 articles
2026-09-14 12:42:32,399 - crawler.DanTri - INFO - Total articles crawled: 0
2026-09-14 12:42:32,399 - __main__ - INFO - Crawled 0 articles from Dân Trí
2026-09-14 12:42:32,403 - __main__ - INFO - Crawl completed: 4/4 sources, 136 total articles
2026-09-14 12:42:32,524 - googleapiclient.discovery_cache - INFO - file_cache is only supported with oauth2client<4.0.0
2026-09-14 12:42:35,854 - googleapiclient.http - WARNING - Encountered 403 Forbidden with reason "storageQuotaExceeded"
2026-09-14 12:42:35,855 - __main__ - INFO - Uploaded 0 articles from VietnamNet to Drive
2026-09-14 12:42:38,879 - googleapiclient.http - WARNING - Encountered 403 Forbidden with reason "storageQuotaExceeded"
2026-09-14 12:42:38,880 - __main__ - INFO - Uploaded 136 articles from VNExpress to Drive
2026-09-14 12:42:41,945 - googleapiclient.http - WARNING - Encountered 403 Forbidden with reason "storageQuotaExceeded"
2026-09-14 12:42:41,945 - __main__ - INFO - Uploaded 0 articles from Tuổi Trẻ to Drive
2026-09-14 12:42:45,004 - googleapiclient.http - WARNING - Encountered 403 Forbidden with reason "storageQuotaExceeded"
2026-09-14 12:42:45,004 - __main__ - INFO - Uploaded 0 articles from Dân Trí to Drive
2026-09-14 12:42:45,005 - __main__ - INFO - Upload completed: 4/4 sources
2026-09-14 12:42:45,005 - __main__ - INFO - Total duration: 20.07 seconds
2026-09-14 12:42:45,005 - __main__ - INFO - Crawl complete!
