2026-09-14 13:16:44,948 - __main__ - INFO - Starting news crawler at 2026-09-14 13:16:44.948962
2026-09-14 13:16:44,949 - __main__ - INFO - Crawling sources: vnexpress, tuoitre, vietnamnet, dantri
2026-09-14 13:16:44,949 - __main__ - INFO - Starting crawl for VNExpress
2026-09-14 13:16:44,949 - __main__ - INFO - Starting crawl for VietnamNet
2026-09-14 13:16:44,949 - __main__ - INFO - Starting crawl for Dân Trí
2026-09-14 13:16:44,949 - crawler.DanTri - INFO - Starting crawl for DanTri with 4 workers
2026-09-14 13:16:44,949 - crawler.VNExpress - INFO - Starting crawl for VNExpress with 4 workers
2026-09-14 13:16:44,949 - crawler.VNExpress - INFO - Crawling category: thoi-su
2026-09-14 13:16:44,949 - crawler.VietnamNet - INFO - Starting crawl for VietnamNet with 4 workers
2026-09-14 13:16:44,949 - crawler.VNExpress - INFO - Crawling category: the-gioi
2026-09-14 13:16:44,949 - crawler.DanTri - INFO - Crawling category: the-gioi
2026-09-14 13:16:44,949 - crawler.DanTri - INFO - Crawling category: kinh-te
2026-09-14 13:16:44,949 - crawler.DanTri - INFO - Crawling category: the-thao
2026-09-14 13:16:44,949 - __main__ - INFO - Starting crawl for Tuổi Trẻ
2026-09-14 13:16:44,950 - crawler.TuoiTre - INFO - Starting crawl for TuoiTre with 4 workers
2026-09-14 13:16:44,949 - crawler.DanTri - INFO - Crawling category: thoi-su
2026-09-14 13:16:44,950 - crawler.VNExpress - INFO - Crawling category: the-thao
2026-09-14 13:16:44,950 - crawler.VietnamNet - INFO - Crawling category: thoi-su
2026-09-14 13:16:44,950 - crawler.VietnamNet - INFO - Crawling category: the-gioi
2026-09-14 13:16:44,950 - crawler.VietnamNet - INFO - Crawling category: kinh-te
2026-09-14 13:16:44,950 - crawler.VietnamNet - INFO - Crawling category: the-thao
2026-09-14 13:16:44,950 - crawler.TuoiTre - INFO - Crawling category: thoi-su
2026-09-14 13:16:44,950 - crawler.VNExpress - INFO - Crawling category: kinh-doanh
2026-09-14 13:16:44,951 - crawler.TuoiTre - INFO - Crawling category: the-gioi
2026-09-14 13:16:44,951 - crawler.TuoiTre - INFO - Crawling category: kinh-te
2026-09-14 13:16:44,951 - crawler.TuoiTre - INFO - Crawling category: the-thao
2026-09-14 13:16:45,086 - crawler.VNExpress - INFO - Found 20 articles in kinh-doanh
2026-09-14 13:16:45,103 - crawler.VNExpress - INFO - Found 20 articles in the-thao
2026-09-14 13:16:45,120 - crawler.VNExpress - INFO - Found 20 articles in the-gioi
2026-09-14 13:16:45,138 - crawler.VNExpress - INFO - Crawled: ...
2026-09-14 13:16:45,155 - crawler.VNExpress - INFO - Found 20 articles in thoi-su
2026-09-14 13:16:45,156 - crawler.TuoiTre - WARNING - Attempt 1/3 failed for https://tuoitre.vn/timeline/7/the-gioi.htm: 404 Client Error: Not Found for url: https://tuoitre.vn/error/404
2026-09-14 13:16:45,169 - crawler.VNExpress - INFO - Crawled: ...
2026-09-14 13:16:45,185 - crawler.VNExpress - INFO - Crawled: ...
2026-09-14 13:16:45,187 - crawler.TuoiTre - WARNING - Attempt 1/3 failed for https://tuoitre.vn/timeline/1/kinh-te.htm: 404 Client Error: Not Found for url: https://tuoitre.vn/error/404
2026-09-14 13:16:45,188 - crawler.TuoiTre - WARNING - Attempt 1/3 failed for https://tuoitre.vn/timeline/6/the-thao.htm: 404 Client Error: Not Found for url: https://tuoitre.vn/error/404
2026-09-14 13:16:45,211 - crawler.VNExpress - INFO - Crawled: ...
2026-09-14 13:16:45,212 - crawler.TuoiTre - WARNING - Attempt 1/3 failed for https://tuoitre.vn/timeline/0/tin-tuc.htm: 404 Client Error: Not Found for url: https://tuoitre.vn/error/404
2026-09-14 13:16:45,225 - crawler.VietnamNet - WARNING - Attempt 1/3 failed for https://vietnamnet.vn/kinh-te: 404 Client Error: Not Found for url: https://vietnamnet.vn/kinh-te
2026-09-14 13:16:45,249 - crawler.VietnamNet - INFO - Found 20 articles in thoi-su
2026-09-14 13:16:45,277 - crawler.VietnamNet - INFO - Found 20 articles in the-gioi
2026-09-14 13:16:45,290 - crawler.VietnamNet - INFO - Found 20 articles in the-thao
2026-09-14 13:16:45,308 - crawler.VNExpress - INFO - Crawled: Tin tức 24hMới nhất...
2026-09-14 13:16:45,321 - crawler.VNExpress - INFO - Crawled: Tin tức 24hMới nhất...
2026-09-14 13:16:45,324 - crawler.DanTri - WARNING - Attempt 1/3 failed for https://dantri.com.vn/thoi-su: 404 Client Error: Not Found for url: https://dantri.com.vn/thoi-su
2026-09-14 13:16:45,324 - crawler.DanTri - WARNING - Attempt 1/3 failed for https://dantri.com.vn/the-gioi: 404 Client Error: Not Found for url: https://dantri.com.vn/the-gioi
2026-09-14 13:16:45,325 - crawler.DanTri - WARNING - Attempt 1/3 failed for https://dantri.com.vn/kinh-te: 404 Client Error: Not Found for url: https://dantri.com.vn/kinh-te
2026-09-14 13:16:45,325 - crawler.DanTri - WARNING - Attempt 1/3 failed for https://dantri.com.vn/the-thao: 404 Client Error: Not Found for url: https://dantri.com.vn/the-thao
2026-09-14 13:16:45,337 - crawler.VNExpress - INFO - Crawled: Tin tức 24hMới nhất...
2026-09-14 13:16:45,361 - crawler.VNExpress - INFO - Crawled: Hà Nội...
2026-09-14 13:16:45,372 - crawler.VNExpress - INFO - Crawled: Hà Nội...
2026-09-14 13:16:45,438 - crawler.VNExpress - INFO - Crawled: Hà Nội...
2026-09-14 13:16:45,449 - crawler.VNExpress - INFO - Crawled: TP HCM...
2026-09-14 13:16:45,510 - crawler.VNExpress - INFO - Crawled: TP HCM...
2026-09-14 13:16:45,581 - crawler.VNExpress - INFO - Crawled: TP HCM...
2026-09-14 13:16:45,616 - crawler.VNExpress - INFO - Crawled: ...
2026-09-14 13:16:45,726 - crawler.VNExpress - INFO - Crawled: ...
2026-09-14 13:16:45,778 - crawler.VNExpress - INFO - Crawled: ...
2026-09-14 13:16:45,862 - crawler.VNExpress - INFO - Crawled: Tin tức 24hMới nhất...
2026-09-14 13:16:45,866 - crawler.VNExpress - INFO - Crawled: là gì?...
2026-09-14 13:16:45,883 - crawler.VNExpress - INFO - Crawled: là gì?...
2026-09-14 13:16:45,931 - crawler.VNExpress - INFO - Crawled: Hà Nội...
2026-09-14 13:16:46,015 - crawler.VNExpress - INFO - Crawled: TP HCM...
2026-09-14 13:16:46,134 - crawler.VNExpress - INFO - Crawled: ...
2026-09-14 13:16:46,244 - crawler.VNExpress - INFO - Crawled: là gì?...
2026-09-14 13:16:46,249 - crawler.VNExpress - INFO - Crawled: là gì?...
2026-09-14 13:16:46,284 - crawler.VNExpress - INFO - Crawled: Thời sự...
2026-09-14 13:16:46,304 - crawler.VNExpress - INFO - Crawled: Thời sự...
2026-09-14 13:16:46,311 - crawler.TuoiTre - WARNING - Attempt 2/3 failed for https://tuoitre.vn/timeline/7/the-gioi.htm: 404 Client Error: Not Found for url: https://tuoitre.vn/error/404
2026-09-14 13:16:46,326 - crawler.VietnamNet - WARNING - Attempt 2/3 failed for https://vietnamnet.vn/kinh-te: 404 Client Error: Not Found for url: https://vietnamnet.vn/kinh-te
2026-09-14 13:16:46,395 - crawler.VNExpress - INFO - Crawled: Thế giới...
2026-09-14 13:16:46,396 - crawler.TuoiTre - WARNING - Attempt 2/3 failed for https://tuoitre.vn/timeline/1/kinh-te.htm: 404 Client Error: Not Found for url: https://tuoitre.vn/error/404
2026-09-14 13:16:46,403 - crawler.TuoiTre - WARNING - Attempt 2/3 failed for https://tuoitre.vn/timeline/6/the-thao.htm: 404 Client Error: Not Found for url: https://tuoitre.vn/error/404
2026-09-14 13:16:46,419 - crawler.TuoiTre - WARNING - Attempt 2/3 failed for https://tuoitre.vn/timeline/0/tin-tuc.htm: 404 Client Error: Not Found for url: https://tuoitre.vn/error/404
2026-09-14 13:16:46,443 - crawler.VNExpress - INFO - Crawled: Thế giới...
2026-09-14 13:16:46,445 - crawler.DanTri - WARNING - Attempt 2/3 failed for https://dantri.com.vn/the-thao: 404 Client Error: Not Found for url: https://dantri.com.vn/the-thao
2026-09-14 13:16:46,455 - crawler.DanTri - WARNING - Attempt 2/3 failed for https://dantri.com.vn/thoi-su: 404 Client Error: Not Found for url: https://dantri.com.vn/thoi-su
2026-09-14 13:16:46,455 - crawler.DanTri - WARNING - Attempt 2/3 failed for https://dantri.com.vn/kinh-te: 404 Client Error: Not Found for url: https://dantri.com.vn/kinh-te
2026-09-14 13:16:46,541 - crawler.VNExpress - INFO - Crawled: Kinh doanh...
2026-09-14 13:16:46,542 - crawler.DanTri - WARNING - Attempt 2/3 failed for https://dantri.com.vn/the-gioi: 404 Client Error: Not Found for url: https://dantri.com.vn/the-gioi
2026-09-14 13:16:46,560 - crawler.VNExpress - INFO - Crawled: Kinh doanh...
2026-09-14 13:16:46,582 - crawler.VNExpress - INFO - Crawled: Thời sự...
2026-09-14 13:16:46,662 - crawler.VNExpress - INFO - Crawled: Thời sự...
2026-09-14 13:16:46,701 - crawler.VNExpress - INFO - Crawled: Khoa học công nghệ...
2026-09-14 13:16:46,722 - crawler.VNExpress - INFO - Crawled: Khoa học công nghệ...
2026-09-14 13:16:46,765 - crawler.VNExpress - INFO - Crawled: Thế giới...
2026-09-14 13:16:46,810 - crawler.VNExpress - INFO - Crawled: Thế giới...
2026-09-14 13:16:47,013 - crawler.VNExpress - INFO - Crawled: Kinh doanh...
2026-09-14 13:16:47,036 - crawler.VNExpress - INFO - Crawled: Bất động sản...
2026-09-14 13:16:47,058 - crawler.VNExpress - INFO - Crawled: Kinh doanh...
2026-09-14 13:16:47,147 - crawler.VNExpress - INFO - Crawled: Khoa học công nghệ...
2026-09-14 13:16:47,298 - crawler.VNExpress - INFO - Crawled: Bất động sản...
2026-09-14 13:16:47,317 - crawler.VNExpress - INFO - Crawled: Sức khỏe...
2026-09-14 13:16:47,407 - crawler.VNExpress - INFO - Crawled: Khoa học công nghệ...
2026-09-14 13:16:47,425 - crawler.VNExpress - INFO - Crawled: Thể thao...
2026-09-14 13:16:47,462 - crawler.VNExpress - INFO - Crawled: Sức khỏe...
2026-09-14 13:16:47,518 - crawler.VietnamNet - INFO - Crawling category: cong-nghe
2026-09-14 13:16:47,521 - crawler.VietnamNet - INFO - Completed thoi-su: 0 articles
2026-09-14 13:16:47,549 - crawler.VNExpress - INFO - Crawled: Giải trí...
2026-09-14 13:16:47,575 - crawler.VNExpress - INFO - Crawled: Thể thao...
2026-09-14 13:16:47,596 - crawler.VietnamNet - INFO - Found 20 articles in cong-nghe
2026-09-14 13:16:47,614 - crawler.VietnamNet - INFO - Crawling category: giai-tri
2026-09-14 13:16:47,619 - crawler.VietnamNet - INFO - Crawling category: giao-duc
2026-09-14 13:16:47,619 - crawler.VietnamNet - INFO - Completed the-thao: 0 articles
2026-09-14 13:16:47,638 - crawler.VietnamNet - INFO - Completed the-gioi: 0 articles
2026-09-14 13:16:47,642 - crawler.VNExpress - INFO - Crawled: Bất động sản...
2026-09-14 13:16:47,674 - crawler.VNExpress - INFO - Crawled: Giải trí...
2026-09-14 13:16:47,686 - crawler.VNExpress - INFO - Crawled: Bất động sản...
2026-09-14 13:16:47,707 - crawler.VietnamNet - INFO - Found 20 articles in giao-duc
2026-09-14 13:16:47,745 - crawler.VNExpress - INFO - Crawled: Sức khỏe...
2026-09-14 13:16:47,764 - crawler.VNExpress - INFO - Crawled: Sức khỏe...
2026-09-14 13:16:47,785 - crawler.VietnamNet - INFO - Found 20 articles in giai-tri
2026-09-14 13:16:47,805 - crawler.VNExpress - INFO - Crawled: Pháp luật...
2026-09-14 13:16:47,866 - crawler.VNExpress - INFO - Crawled: Thể thao...
2026-09-14 13:16:47,885 - crawler.VNExpress - INFO - Crawled: Pháp luật...
2026-09-14 13:16:47,904 - crawler.VNExpress - INFO - Crawled: Thể thao...
2026-09-14 13:16:47,939 - crawler.VNExpress - INFO - Crawled: Giáo dục...
2026-09-14 13:16:47,977 - crawler.VNExpress - INFO - Crawled: Giáo dục...
2026-09-14 13:16:48,079 - crawler.VNExpress - INFO - Crawled: Giải trí...
2026-09-14 13:16:48,122 - crawler.VNExpress - INFO - Crawled: Đời sống...
2026-09-14 13:16:48,122 - crawler.VNExpress - INFO - Crawling category: so-hoa
2026-09-14 13:16:48,122 - crawler.VNExpress - INFO - Completed thoi-su: 17 articles
2026-09-14 13:16:48,151 - crawler.VNExpress - INFO - Crawled: Đời sống...
2026-09-14 13:16:48,151 - crawler.VNExpress - INFO - Crawling category: giai-tri
2026-09-14 13:16:48,170 - crawler.VNExpress - INFO - Completed the-gioi: 17 articles
2026-09-14 13:16:48,208 - crawler.VNExpress - INFO - Crawled: Pháp luật...
2026-09-14 13:16:48,227 - crawler.VNExpress - INFO - Found 20 articles in giai-tri
2026-09-14 13:16:48,254 - crawler.VNExpress - INFO - Crawled: Giáo dục...
2026-09-14 13:16:48,341 - crawler.VNExpress - INFO - Crawled: ...
2026-09-14 13:16:48,358 - crawler.VNExpress - INFO - Crawled: Đời sống...
2026-09-14 13:16:48,358 - crawler.VNExpress - INFO - Crawling category: suc-khoe
2026-09-14 13:16:48,358 - crawler.VNExpress - INFO - Completed the-thao: 17 articles
2026-09-14 13:16:48,453 - crawler.VNExpress - INFO - Found 20 articles in so-hoa
2026-09-14 13:16:48,482 - crawler.VNExpress - INFO - Found 20 articles in suc-khoe
2026-09-14 13:16:48,482 - crawler.VietnamNet - WARNING - Attempt 3/3 failed for https://vietnamnet.vn/kinh-te: 404 Client Error: Not Found for url: https://vietnamnet.vn/kinh-te
2026-09-14 13:16:48,494 - crawler.VietnamNet - INFO - Found 0 articles in kinh-te
2026-09-14 13:16:48,495 - crawler.VietnamNet - INFO - Completed kinh-te: 0 articles
2026-09-14 13:16:48,507 - crawler.VNExpress - INFO - Crawled: Tin tức 24hMới nhất...
2026-09-14 13:16:48,527 - crawler.TuoiTre - WARNING - Attempt 3/3 failed for https://tuoitre.vn/timeline/7/the-gioi.htm: 404 Client Error: Not Found for url: https://tuoitre.vn/error/404
2026-09-14 13:16:48,530 - crawler.TuoiTre - INFO - Found 0 articles in the-gioi
2026-09-14 13:16:48,530 - crawler.TuoiTre - INFO - Crawling category: cong-nghe
2026-09-14 13:16:48,530 - crawler.TuoiTre - INFO - Completed the-gioi: 0 articles
2026-09-14 13:16:48,529 - crawler.VNExpress - INFO - Crawled: Giải trí...
2026-09-14 13:16:48,532 - crawler.DanTri - WARNING - Attempt 3/3 failed for https://dantri.com.vn/the-thao: 404 Client Error: Not Found for url: https://dantri.com.vn/the-thao
2026-09-14 13:16:48,532 - crawler.DanTri - INFO - Found 0 articles in the-thao
2026-09-14 13:16:48,532 - crawler.DanTri - INFO - Crawling category: cong-nghe
2026-09-14 13:16:48,532 - crawler.DanTri - INFO - Completed the-thao: 0 articles
2026-09-14 13:16:48,533 - crawler.DanTri - WARNING - Attempt 3/3 failed for https://dantri.com.vn/kinh-te: 404 Client Error: Not Found for url: https://dantri.com.vn/kinh-te
2026-09-14 13:16:48,533 - crawler.DanTri - INFO - Found 0 articles in kinh-te
2026-09-14 13:16:48,533 - crawler.DanTri - INFO - Crawling category: giai-tri
2026-09-14 13:16:48,533 - crawler.DanTri - INFO - Completed kinh-te: 0 articles
2026-09-14 13:16:48,546 - crawler.VNExpress - INFO - Crawled: ...
2026-09-14 13:16:48,560 - crawler.VNExpress - INFO - Crawled: ...
2026-09-14 13:16:48,571 - crawler.VNExpress - INFO - Crawled: Hà Nội...
2026-09-14 13:16:48,574 - crawler.DanTri - WARNING - Attempt 3/3 failed for https://dantri.com.vn/thoi-su: 404 Client Error: Not Found for url: https://dantri.com.vn/thoi-su
2026-09-14 13:16:48,574 - crawler.DanTri - INFO - Found 0 articles in thoi-su
2026-09-14 13:16:48,574 - crawler.DanTri - INFO - Crawling category: giao-duc
2026-09-14 13:16:48,574 - crawler.DanTri - INFO - Completed thoi-su: 0 articles
2026-09-14 13:16:48,595 - crawler.VNExpress - INFO - Crawled: Pháp luật...
2026-09-14 13:16:48,609 - crawler.TuoiTre - WARNING - Attempt 3/3 failed for https://tuoitre.vn/timeline/0/tin-tuc.htm: 404 Client Error: Not Found for url: https://tuoitre.vn/error/404
2026-09-14 13:16:48,609 - crawler.TuoiTre - INFO - Found 0 articles in thoi-su
2026-09-14 13:16:48,608 - crawler.TuoiTre - WARNING - Attempt 3/3 failed for https://tuoitre.vn/timeline/1/kinh-te.htm: 404 Client Error: Not Found for url: https://tuoitre.vn/error/404
2026-09-14 13:16:48,615 - crawler.TuoiTre - INFO - Crawling category: van-hoa
2026-09-14 13:16:48,619 - crawler.TuoiTre - INFO - Completed thoi-su: 0 articles
2026-09-14 13:16:48,620 - crawler.TuoiTre - WARNING - Attempt 3/3 failed for https://tuoitre.vn/timeline/6/the-thao.htm: 404 Client Error: Not Found for url: https://tuoitre.vn/error/404
2026-09-14 13:16:48,620 - crawler.TuoiTre - INFO - Found 0 articles in kinh-te
2026-09-14 13:16:48,645 - crawler.TuoiTre - INFO - Crawling category: giao-duc
2026-09-14 13:16:48,645 - crawler.TuoiTre - INFO - Found 0 articles in the-thao
2026-09-14 13:16:48,651 - crawler.TuoiTre - INFO - Completed kinh-te: 0 articles
2026-09-14 13:16:48,676 - crawler.TuoiTre - WARNING - Attempt 1/3 failed for https://tuoitre.vn/timeline/19/cong-nghe.htm: 404 Client Error: Not Found for url: https://tuoitre.vn/error/404
2026-09-14 13:16:48,681 - crawler.TuoiTre - INFO - Completed the-thao: 0 articles
2026-09-14 13:16:48,693 - crawler.VNExpress - INFO - Crawled: TP HCM...
2026-09-14 13:16:48,713 - crawler.VNExpress - INFO - Crawled: Giáo dục...
2026-09-14 13:16:48,714 - crawler.DanTri - WARNING - Attempt 3/3 failed for https://dantri.com.vn/the-gioi: 404 Client Error: Not Found for url: https://dantri.com.vn/the-gioi
2026-09-14 13:16:48,714 - crawler.DanTri - INFO - Found 0 articles in the-gioi
2026-09-14 13:16:48,714 - crawler.DanTri - INFO - Completed the-gioi: 0 articles
2026-09-14 13:16:48,764 - crawler.VNExpress - INFO - Crawled: ...
2026-09-14 13:16:48,782 - crawler.VNExpress - INFO - Crawled: Tin tức 24hMới nhất...
2026-09-14 13:16:48,807 - crawler.TuoiTre - WARNING - Attempt 1/3 failed for https://tuoitre.vn/timeline/3/van-hoa-xa-hoi.htm: 404 Client Error: Not Found for url: https://tuoitre.vn/error/404
2026-09-14 13:16:48,838 - crawler.VNExpress - INFO - Crawled: Đời sống...
2026-09-14 13:16:48,838 - crawler.VNExpress - INFO - Crawling category: giao-duc
2026-09-14 13:16:48,837 - crawler.VNExpress - INFO - Crawled: Tin tức 24hMới nhất...
2026-09-14 13:16:48,838 - crawler.TuoiTre - WARNING - Attempt 1/3 failed for https://tuoitre.vn/timeline/4/giao-duc.htm: 404 Client Error: Not Found for url: https://tuoitre.vn/error/404
2026-09-14 13:16:48,844 - crawler.VNExpress - INFO - Completed kinh-doanh: 17 articles
2026-09-14 13:16:48,885 - crawler.VNExpress - INFO - Crawled: là gì?...
2026-09-14 13:16:48,886 - crawler.DanTri - WARNING - Attempt 1/3 failed for https://dantri.com.vn/giai-tri: 404 Client Error: Not Found for url: https://dantri.com.vn/giai-tri
2026-09-14 13:16:48,887 - crawler.DanTri - WARNING - Attempt 1/3 failed for https://dantri.com.vn/cong-nghe: 404 Client Error: Not Found for url: https://dantri.com.vn/cong-nghe
2026-09-14 13:16:48,902 - crawler.VNExpress - INFO - Crawled: Hà Nội...
2026-09-14 13:16:48,940 - crawler.VNExpress - INFO - Crawled: Hà Nội...
2026-09-14 13:16:48,947 - crawler.DanTri - WARNING - Attempt 1/3 failed for https://dantri.com.vn/giao-duc: 404 Client Error: Not Found for url: https://dantri.com.vn/giao-duc
2026-09-14 13:16:48,957 - crawler.VNExpress - INFO - Found 20 articles in giao-duc
2026-09-14 13:16:48,970 - crawler.VNExpress - INFO - Crawled: TP HCM...
2026-09-14 13:16:49,059 - crawler.VNExpress - INFO - Crawled: TP HCM...
2026-09-14 13:16:49,081 - crawler.VNExpress - INFO - Crawled: ...
2026-09-14 13:16:49,093 - crawler.VNExpress - INFO - Crawled: ...
2026-09-14 13:16:49,128 - crawler.VNExpress - INFO - Crawled: là gì?...
2026-09-14 13:16:49,149 - crawler.VNExpress - INFO - Crawled: ...
2026-09-14 13:16:49,161 - crawler.VNExpress - INFO - Crawled: Tin tức 24hMới nhất...
2026-09-14 13:16:49,181 - crawler.VNExpress - INFO - Crawled: Thời sự...
2026-09-14 13:16:49,266 - crawler.VNExpress - INFO - Crawled: Hà Nội...
2026-09-14 13:16:49,314 - crawler.VNExpress - INFO - Crawled: Thế giới...
2026-09-14 13:16:49,352 - crawler.VNExpress - INFO - Crawled: TP HCM...
2026-09-14 13:16:49,372 - crawler.VNExpress - INFO - Crawled: Thời sự...
2026-09-14 13:16:49,421 - crawler.VNExpress - INFO - Crawled: ...
2026-09-14 13:16:49,448 - crawler.VNExpress - INFO - Crawled: Kinh doanh...
2026-09-14 13:16:49,467 - crawler.VNExpress - INFO - Crawled: Thế giới...
2026-09-14 13:16:49,522 - crawler.VNExpress - INFO - Crawled: là gì?...
2026-09-14 13:16:49,540 - crawler.VNExpress - INFO - Crawled: Khoa học công nghệ...
2026-09-14 13:16:49,548 - crawler.VNExpress - INFO - Crawled: là gì?...
2026-09-14 13:16:49,567 - crawler.VNExpress - INFO - Crawled: Kinh doanh...
2026-09-14 13:16:49,720 - crawler.VNExpress - INFO - Crawled: Khoa học công nghệ...
2026-09-14 13:16:49,767 - crawler.VNExpress - INFO - Crawled: Bất động sản...
2026-09-14 13:16:49,879 - crawler.TuoiTre - WARNING - Attempt 2/3 failed for https://tuoitre.vn/timeline/19/cong-nghe.htm: 404 Client Error: Not Found for url: https://tuoitre.vn/error/404
2026-09-14 13:16:49,885 - crawler.VNExpress - INFO - Crawled: Thời sự...
2026-09-14 13:16:49,892 - crawler.VNExpress - INFO - Crawled: Thời sự...
2026-09-14 13:16:49,916 - crawler.VNExpress - INFO - Crawled: Bất động sản...
2026-09-14 13:16:49,936 - crawler.VNExpress - INFO - Crawled: Sức khỏe...
2026-09-14 13:16:50,032 - crawler.VNExpress - INFO - Crawled: Sức khỏe...
2026-09-14 13:16:50,050 - crawler.VNExpress - INFO - Crawled: Thế giới...
2026-09-14 13:16:50,050 - crawler.TuoiTre - WARNING - Attempt 2/3 failed for https://tuoitre.vn/timeline/4/giao-duc.htm: 404 Client Error: Not Found for url: https://tuoitre.vn/error/404
2026-09-14 13:16:50,051 - crawler.TuoiTre - WARNING - Attempt 2/3 failed for https://tuoitre.vn/timeline/3/van-hoa-xa-hoi.htm: 404 Client Error: Not Found for url: https://tuoitre.vn/error/404
2026-09-14 13:16:50,052 - crawler.DanTri - WARNING - Attempt 2/3 failed for https://dantri.com.vn/cong-nghe: 404 Client Error: Not Found for url: https://dantri.com.vn/cong-nghe
2026-09-14 13:16:50,052 - crawler.DanTri - WARNING - Attempt 2/3 failed for https://dantri.com.vn/giai-tri: 404 Client Error: Not Found for url: https://dantri.com.vn/giai-tri
2026-09-14 13:16:50,070 - crawler.VNExpress - INFO - Crawled: Thể thao...
2026-09-14 13:16:50,071 - crawler.DanTri - WARNING - Attempt 2/3 failed for https://dantri.com.vn/giao-duc: 404 Client Error: Not Found for url: https://dantri.com.vn/giao-duc
2026-09-14 13:16:50,098 - crawler.VNExpress - INFO - Crawled: Kinh doanh...
2026-09-14 13:16:50,117 - crawler.VNExpress - INFO - Crawled: Thể thao...
2026-09-14 13:16:50,140 - crawler.VNExpress - INFO - Crawled: Giải trí...
2026-09-14 13:16:50,161 - crawler.VNExpress - INFO - Crawled: Giải trí...
2026-09-14 13:16:50,182 - crawler.VNExpress - INFO - Crawled: Khoa học công nghệ...
2026-09-14 13:16:50,201 - crawler.VNExpress - INFO - Crawled: Pháp luật...
2026-09-14 13:16:50,247 - crawler.VNExpress - INFO - Crawled: Giáo dục...
2026-09-14 13:16:50,287 - crawler.VNExpress - INFO - Crawled: Pháp luật...
2026-09-14 13:16:50,342 - crawler.VNExpress - INFO - Crawled: Giáo dục...
2026-09-14 13:16:50,384 - crawler.VNExpress - INFO - Crawled: Đời sống...
2026-09-14 13:16:50,384 - crawler.VNExpress - INFO - Completed so-hoa: 17 articles
2026-09-14 13:16:50,485 - crawler.VNExpress - INFO - Crawled: Đời sống...
2026-09-14 13:16:50,485 - crawler.VNExpress - INFO - Completed giai-tri: 17 articles
2026-09-14 13:16:50,503 - crawler.VNExpress - INFO - Crawled: Thế giới...
2026-09-14 13:16:50,553 - crawler.VNExpress - INFO - Crawled: Kinh doanh...
2026-09-14 13:16:50,612 - crawler.VNExpress - INFO - Crawled: Bất động sản...
2026-09-14 13:16:50,695 - crawler.VNExpress - INFO - Crawled: Khoa học công nghệ...
2026-09-14 13:16:50,724 - crawler.VNExpress - INFO - Crawled: Sức khỏe...
2026-09-14 13:16:50,767 - crawler.VNExpress - INFO - Crawled: Thể thao...
2026-09-14 13:16:50,826 - crawler.VietnamNet - INFO - Completed cong-nghe: 0 articles
2026-09-14 13:16:50,848 - crawler.VNExpress - INFO - Crawled: Bất động sản...
2026-09-14 13:16:50,879 - crawler.VNExpress - INFO - Crawled: Giải trí...
2026-09-14 13:16:50,898 - crawler.VNExpress - INFO - Crawled: Sức khỏe...
2026-09-14 13:16:50,943 - crawler.VNExpress - INFO - Crawled: Pháp luật...
2026-09-14 13:16:50,988 - crawler.VNExpress - INFO - Crawled: Thể thao...
2026-09-14 13:16:51,008 - crawler.VNExpress - INFO - Crawled: Giáo dục...
2026-09-14 13:16:51,031 - crawler.VNExpress - INFO - Crawled: Giải trí...
2026-09-14 13:16:51,070 - crawler.VietnamNet - INFO - Completed giai-tri: 0 articles
2026-09-14 13:16:51,092 - crawler.VNExpress - INFO - Crawled: Đời sống...
2026-09-14 13:16:51,092 - crawler.VNExpress - INFO - Completed giao-duc: 17 articles
2026-09-14 13:16:51,110 - crawler.VNExpress - INFO - Crawled: Pháp luật...
2026-09-14 13:16:51,167 - crawler.VNExpress - INFO - Crawled: Giáo dục...
2026-09-14 13:16:51,215 - crawler.VNExpress - INFO - Crawled: Đời sống...
2026-09-14 13:16:51,215 - crawler.VNExpress - INFO - Completed suc-khoe: 17 articles
2026-09-14 13:16:51,215 - crawler.VNExpress - INFO - Total articles crawled: 136
2026-09-14 13:16:51,215 - __main__ - INFO - Crawled 136 articles from VNExpress
2026-09-14 13:16:51,378 - crawler.VietnamNet - INFO - Completed giao-duc: 0 articles
2026-09-14 13:16:51,378 - crawler.VietnamNet - INFO - Total articles crawled: 0
2026-09-14 13:16:51,378 - __main__ - INFO - Crawled 0 articles from VietnamNet
2026-09-14 13:16:52,017 - crawler.TuoiTre - WARNING - Attempt 3/3 failed for https://tuoitre.vn/timeline/19/cong-nghe.htm: 404 Client Error: Not Found for url: https://tuoitre.vn/error/404
2026-09-14 13:16:52,017 - crawler.TuoiTre - INFO - Found 0 articles in cong-nghe
2026-09-14 13:16:52,017 - crawler.TuoiTre - INFO - Completed cong-nghe: 0 articles
2026-09-14 13:16:52,088 - crawler.DanTri - WARNING - Attempt 3/3 failed for https://dantri.com.vn/cong-nghe: 404 Client Error: Not Found for url: https://dantri.com.vn/cong-nghe
2026-09-14 13:16:52,089 - crawler.DanTri - INFO - Found 0 articles in cong-nghe
2026-09-14 13:16:52,089 - crawler.DanTri - WARNING - Attempt 3/3 failed for https://dantri.com.vn/giai-tri: 404 Client Error: Not Found for url: https://dantri.com.vn/giai-tri
2026-09-14 13:16:52,089 - crawler.DanTri - INFO - Found 0 articles in giai-tri
2026-09-14 13:16:52,089 - crawler.DanTri - INFO - Completed cong-nghe: 0 articles
2026-09-14 13:16:52,090 - crawler.DanTri - INFO - Completed giai-tri: 0 articles
2026-09-14 13:16:52,111 - crawler.DanTri - WARNING - Attempt 3/3 failed for https://dantri.com.vn/giao-duc: 404 Client Error: Not Found for url: https://dantri.com.vn/giao-duc
2026-09-14 13:16:52,112 - crawler.DanTri - INFO - Found 0 articles in giao-duc
2026-09-14 13:16:52,112 - crawler.DanTri - INFO - Completed giao-duc: 0 articles
2026-09-14 13:16:52,112 - crawler.DanTri - INFO - Total articles crawled: 0
2026-09-14 13:16:52,112 - __main__ - INFO - Crawled 0 articles from Dân Trí
2026-09-14 13:16:52,185 - crawler.TuoiTre - WARNING - Attempt 3/3 failed for https://tuoitre.vn/timeline/4/giao-duc.htm: 404 Client Error: Not Found for url: https://tuoitre.vn/error/404
2026-09-14 13:16:52,185 - crawler.TuoiTre - WARNING - Attempt 3/3 failed for https://tuoitre.vn/timeline/3/van-hoa-xa-hoi.htm: 404 Client Error: Not Found for url: https://tuoitre.vn/error/404
2026-09-14 13:16:52,187 - crawler.TuoiTre - INFO - Found 0 articles in giao-duc
2026-09-14 13:16:52,188 - crawler.TuoiTre - INFO - Found 0 articles in van-hoa
2026-09-14 13:16:52,188 - crawler.TuoiTre - INFO - Completed giao-duc: 0 articles
2026-09-14 13:16:52,188 - crawler.TuoiTre - INFO - Completed van-hoa: 0 articles
2026-09-14 13:16:52,188 - crawler.TuoiTre - INFO - Total articles crawled: 0
2026-09-14 13:16:52,188 - __main__ - INFO - Crawled 0 articles from Tuổi Trẻ
2026-09-14 13:16:52,195 - __main__ - INFO - Crawl completed: 4/4 sources, 136 total articles
2026-09-14 13:16:52,385 - google_auth_oauthlib.flow - INFO - Please visit this URL to authorize this application: https://accounts.google.com/o/oauth2/auth?response_type=code&client_id=779193938476-ere6sm3k64jh6m34ptat1570ocuujsu4.apps.googleusercontent.com&redirect_uri=http%3A%2F%2Flocalhost%3A61385%2F&scope=https%3A%2F%2Fwww.googleapis.com%2Fauth%2Fdrive+https%3A%2F%2Fwww.googleapis.com%2Fauth%2Fdrive.file&state=Y8BP9zvHJS8pbZcOLZpxCgQmpuMoSz&code_challenge=WgMxDV8JtmlR7h_Q4_RgVBarKWkgQpuiOedKyJgeo6k&code_challenge_method=S256&access_type=offline
2026-09-14 13:17:06,213 - google_auth_oauthlib.flow - INFO - "GET /?state=Y8BP9zvHJS8pbZcOLZpxCgQmpuMoSz&iss=https://accounts.google.com&code=4/0ATsMZqBf7oxEU2eMCdUqwrZD3h44uB9SnRqbbDfeUP5qFhNAlCNi9xr25DVOzNewJEpHaQ&scope=https://www.googleapis.com/auth/drive.file%20https://www.googleapis.com/auth/drive HTTP/1.1" 200 65
2026-09-14 13:17:06,498 - googleapiclient.discovery_cache - INFO - file_cache is only supported with oauth2client<4.0.0
2026-09-14 13:17:10,265 - __main__ - INFO - Uploaded 136 articles from VNExpress to Drive
2026-09-14 13:17:13,868 - __main__ - INFO - Uploaded 0 articles from VietnamNet to Drive
2026-09-14 13:17:17,365 - __main__ - INFO - Uploaded 0 articles from Dân Trí to Drive
2026-09-14 13:17:20,548 - __main__ - INFO - Uploaded 0 articles from Tuổi Trẻ to Drive
2026-09-14 13:17:20,548 - __main__ - INFO - Upload completed: 4/4 sources
2026-09-14 13:17:20,548 - __main__ - INFO - Total duration: 35.60 seconds
2026-09-14 13:17:20,549 - __main__ - INFO - Crawl complete!
