2026-09-14 13:32:34,499 - __main__ - INFO - Starting news crawler at 2026-09-14 13:32:34.499924
2026-09-14 13:32:34,500 - __main__ - INFO - Crawling sources: vnexpress, tuoitre, vietnamnet, dantri
2026-09-14 13:32:34,500 - __main__ - INFO - Starting crawl for VNExpress
2026-09-14 13:32:34,500 - __main__ - INFO - Starting crawl for Tuổi Trẻ
2026-09-14 13:32:34,500 - crawler.TuoiTre - INFO - Starting crawl for TuoiTre with 4 workers (today_only=True)
2026-09-14 13:32:34,500 - crawler.VNExpress - INFO - Starting crawl for VNExpress with 4 workers (today_only=True)
2026-09-14 13:32:34,500 - crawler.TuoiTre - INFO - Crawling category: kinh-te
2026-09-14 13:32:34,500 - __main__ - INFO - Starting crawl for VietnamNet
2026-09-14 13:32:34,501 - crawler.VietnamNet - INFO - Starting crawl for VietnamNet with 4 workers (today_only=True)
2026-09-14 13:32:34,500 - crawler.TuoiTre - INFO - Crawling category: thoi-su
2026-09-14 13:32:34,500 - crawler.TuoiTre - INFO - Crawling category: the-thao
2026-09-14 13:32:34,501 - crawler.VNExpress - INFO - Crawling category: kinh-doanh
2026-09-14 13:32:34,501 - crawler.VNExpress - INFO - Crawling category: the-thao
2026-09-14 13:32:34,500 - crawler.TuoiTre - INFO - Crawling category: the-gioi
2026-09-14 13:32:34,501 - crawler.VNExpress - INFO - Crawling category: the-gioi
2026-09-14 13:32:34,500 - __main__ - INFO - Starting crawl for Dân Trí
2026-09-14 13:32:34,501 - crawler.VNExpress - INFO - Crawling category: thoi-su
2026-09-14 13:32:34,502 - crawler.VietnamNet - INFO - Crawling category: thoi-su
2026-09-14 13:32:34,502 - crawler.VietnamNet - INFO - Crawling category: the-gioi
2026-09-14 13:32:34,502 - crawler.VietnamNet - INFO - Crawling category: kinh-te
2026-09-14 13:32:34,502 - crawler.VietnamNet - INFO - Crawling category: the-thao
2026-09-14 13:32:34,502 - crawler.DanTri - INFO - Starting crawl for DanTri with 4 workers (today_only=True)
2026-09-14 13:32:34,503 - crawler.DanTri - INFO - Crawling category: thoi-su
2026-09-14 13:32:34,503 - crawler.DanTri - INFO - Crawling category: the-gioi
2026-09-14 13:32:34,503 - crawler.DanTri - INFO - Crawling category: kinh-te
2026-09-14 13:32:34,503 - crawler.DanTri - INFO - Crawling category: the-thao
2026-09-14 13:32:34,615 - crawler.TuoiTre - WARNING - Attempt 1/3 failed for https://tuoitre.vn/timeline/1/kinh-te.htm: 404 Client Error: Not Found for url: https://tuoitre.vn/error/404
2026-09-14 13:32:34,616 - crawler.TuoiTre - WARNING - Attempt 1/3 failed for https://tuoitre.vn/timeline/7/the-gioi.htm: 404 Client Error: Not Found for url: https://tuoitre.vn/error/404
2026-09-14 13:32:34,624 - crawler.TuoiTre - WARNING - Attempt 1/3 failed for https://tuoitre.vn/timeline/6/the-thao.htm: 404 Client Error: Not Found for url: https://tuoitre.vn/error/404
2026-09-14 13:32:34,624 - crawler.TuoiTre - WARNING - Attempt 1/3 failed for https://tuoitre.vn/timeline/0/tin-tuc.htm: 404 Client Error: Not Found for url: https://tuoitre.vn/error/404
2026-09-14 13:32:34,644 - crawler.VNExpress - INFO - Found 20 articles in thoi-su
2026-09-14 13:32:34,667 - crawler.VNExpress - INFO - Found 20 articles in kinh-doanh
2026-09-14 13:32:34,683 - crawler.VNExpress - INFO - Found 20 articles in the-thao
2026-09-14 13:32:34,709 - crawler.VNExpress - INFO - Found 20 articles in the-gioi
2026-09-14 13:32:34,731 - crawler.VNExpress - INFO - Crawled (today): ...
2026-09-14 13:32:34,758 - crawler.VNExpress - INFO - Crawled (today): ...
2026-09-14 13:32:34,759 - crawler.VNExpress - INFO - Crawled (today): ...
2026-09-14 13:32:34,759 - crawler.VietnamNet - WARNING - Attempt 1/3 failed for https://vietnamnet.vn/kinh-te: 404 Client Error: Not Found for url: https://vietnamnet.vn/kinh-te
2026-09-14 13:32:34,790 - crawler.VietnamNet - INFO - Found 20 articles in thoi-su
2026-09-14 13:32:34,799 - crawler.VietnamNet - INFO - Found 20 articles in the-thao
2026-09-14 13:32:34,820 - crawler.VietnamNet - INFO - Found 20 articles in the-gioi
2026-09-14 13:32:34,838 - crawler.VNExpress - INFO - Crawled (today): ...
2026-09-14 13:32:34,840 - crawler.DanTri - WARNING - Attempt 1/3 failed for https://dantri.com.vn/kinh-te: 404 Client Error: Not Found for url: https://dantri.com.vn/kinh-te
2026-09-14 13:32:34,840 - crawler.DanTri - WARNING - Attempt 1/3 failed for https://dantri.com.vn/the-gioi: 404 Client Error: Not Found for url: https://dantri.com.vn/the-gioi
2026-09-14 13:32:34,840 - crawler.DanTri - WARNING - Attempt 1/3 failed for https://dantri.com.vn/thoi-su: 404 Client Error: Not Found for url: https://dantri.com.vn/thoi-su
2026-09-14 13:32:34,860 - crawler.DanTri - WARNING - Attempt 1/3 failed for https://dantri.com.vn/the-thao: 404 Client Error: Not Found for url: https://dantri.com.vn/the-thao
2026-09-14 13:32:34,915 - crawler.VNExpress - INFO - Crawled (today): Tin tức 24hMới nhất...
2026-09-14 13:32:34,930 - crawler.VNExpress - INFO - Crawled (today): Tin tức 24hMới nhất...
2026-09-14 13:32:34,942 - crawler.VNExpress - INFO - Crawled (today): Tin tức 24hMới nhất...
2026-09-14 13:32:34,953 - crawler.VNExpress - INFO - Crawled (today): Tin tức 24hMới nhất...
2026-09-14 13:32:34,985 - crawler.VNExpress - INFO - Crawled (today): Hà Nội...
2026-09-14 13:32:34,998 - crawler.VNExpress - INFO - Crawled (today): Hà Nội...
2026-09-14 13:32:35,010 - crawler.VNExpress - INFO - Crawled (today): Hà Nội...
2026-09-14 13:32:35,024 - crawler.VNExpress - INFO - Crawled (today): TP HCM...
2026-09-14 13:32:35,037 - crawler.VNExpress - INFO - Crawled (today): TP HCM...
2026-09-14 13:32:35,120 - crawler.VNExpress - INFO - Crawled (today): TP HCM...
2026-09-14 13:32:35,276 - crawler.VNExpress - INFO - Crawled (today): ...
2026-09-14 13:32:35,278 - crawler.VNExpress - INFO - Crawled (today): ...
2026-09-14 13:32:35,348 - crawler.VNExpress - INFO - Crawled (today): là gì?...
2026-09-14 13:32:35,509 - crawler.VNExpress - INFO - Crawled (today): Hà Nội...
2026-09-14 13:32:35,603 - crawler.VNExpress - INFO - Crawled (today): Thời sự...
2026-09-14 13:32:35,704 - crawler.VNExpress - INFO - Crawled (today): là gì?...
2026-09-14 13:32:35,716 - crawler.VNExpress - INFO - Crawled (today): TP HCM...
2026-09-14 13:32:35,742 - crawler.VNExpress - INFO - Crawled (today): ...
2026-09-14 13:32:35,782 - crawler.VNExpress - INFO - Crawled (today): Thế giới...
2026-09-14 13:32:35,845 - crawler.VNExpress - INFO - Crawled (today): là gì?...
2026-09-14 13:32:35,867 - crawler.VNExpress - INFO - Crawled (today): ...
2026-09-14 13:32:35,888 - crawler.TuoiTre - WARNING - Attempt 2/3 failed for https://tuoitre.vn/timeline/1/kinh-te.htm: 404 Client Error: Not Found for url: https://tuoitre.vn/error/404
2026-09-14 13:32:35,907 - crawler.VNExpress - INFO - Crawled (today): Kinh doanh...
2026-09-14 13:32:35,914 - crawler.VNExpress - INFO - Crawled (today): là gì?...
2026-09-14 13:32:35,935 - crawler.VNExpress - INFO - Crawled (today): Thời sự...
2026-09-14 13:32:35,938 - crawler.DanTri - WARNING - Attempt 2/3 failed for https://dantri.com.vn/the-gioi: 404 Client Error: Not Found for url: https://dantri.com.vn/the-gioi
2026-09-14 13:32:35,937 - crawler.TuoiTre - WARNING - Attempt 2/3 failed for https://tuoitre.vn/timeline/6/the-thao.htm: 404 Client Error: Not Found for url: https://tuoitre.vn/error/404
2026-09-14 13:32:35,938 - crawler.DanTri - WARNING - Attempt 2/3 failed for https://dantri.com.vn/kinh-te: 404 Client Error: Not Found for url: https://dantri.com.vn/kinh-te
2026-09-14 13:32:35,937 - crawler.TuoiTre - WARNING - Attempt 2/3 failed for https://tuoitre.vn/timeline/7/the-gioi.htm: 404 Client Error: Not Found for url: https://tuoitre.vn/error/404
2026-09-14 13:32:35,937 - crawler.DanTri - WARNING - Attempt 2/3 failed for https://dantri.com.vn/thoi-su: 404 Client Error: Not Found for url: https://dantri.com.vn/thoi-su
2026-09-14 13:32:35,939 - crawler.TuoiTre - WARNING - Attempt 2/3 failed for https://tuoitre.vn/timeline/0/tin-tuc.htm: 404 Client Error: Not Found for url: https://tuoitre.vn/error/404
2026-09-14 13:32:35,940 - crawler.DanTri - WARNING - Attempt 2/3 failed for https://dantri.com.vn/the-thao: 404 Client Error: Not Found for url: https://dantri.com.vn/the-thao
2026-09-14 13:32:35,982 - crawler.VNExpress - INFO - Crawled (today): Thế giới...
2026-09-14 13:32:36,001 - crawler.VietnamNet - WARNING - Attempt 2/3 failed for https://vietnamnet.vn/kinh-te: 404 Client Error: Not Found for url: https://vietnamnet.vn/kinh-te
2026-09-14 13:32:36,030 - crawler.VNExpress - INFO - Crawled (today): Khoa học công nghệ...
2026-09-14 13:32:36,118 - crawler.VNExpress - INFO - Crawled (today): Thời sự...
2026-09-14 13:32:36,171 - crawler.VNExpress - INFO - Crawled (today): Kinh doanh...
2026-09-14 13:32:36,298 - crawler.VNExpress - INFO - Crawled (today): Thế giới...
2026-09-14 13:32:36,317 - crawler.VNExpress - INFO - Crawled (today): Khoa học công nghệ...
2026-09-14 13:32:36,336 - crawler.VNExpress - INFO - Crawled (today): Thời sự...
2026-09-14 13:32:36,384 - crawler.VNExpress - INFO - Crawled (today): Bất động sản...
2026-09-14 13:32:36,411 - crawler.VNExpress - INFO - Crawled (today): Kinh doanh...
2026-09-14 13:32:36,430 - crawler.VNExpress - INFO - Crawled (today): Thế giới...
2026-09-14 13:32:36,459 - crawler.VNExpress - INFO - Crawled (today): Sức khỏe...
2026-09-14 13:32:36,552 - crawler.VNExpress - INFO - Crawled (today): Khoa học công nghệ...
2026-09-14 13:32:36,581 - crawler.VNExpress - INFO - Crawled (today): Kinh doanh...
2026-09-14 13:32:36,613 - crawler.VNExpress - INFO - Crawled (today): Bất động sản...
2026-09-14 13:32:36,646 - crawler.VNExpress - INFO - Crawled (today): Thể thao...
2026-09-14 13:32:36,727 - crawler.VNExpress - INFO - Crawled (today): Khoa học công nghệ...
2026-09-14 13:32:36,801 - crawler.VNExpress - INFO - Crawled (today): Sức khỏe...
2026-09-14 13:32:36,850 - crawler.VNExpress - INFO - Crawled (today): Bất động sản...
2026-09-14 13:32:36,869 - crawler.VNExpress - INFO - Crawled (today): Giải trí...
2026-09-14 13:32:36,942 - crawler.VNExpress - INFO - Crawled (today): Thể thao...
2026-09-14 13:32:37,001 - crawler.VNExpress - INFO - Crawled (today): Sức khỏe...
2026-09-14 13:32:37,015 - crawler.VNExpress - INFO - Crawled (today): Bất động sản...
2026-09-14 13:32:37,104 - crawler.VNExpress - INFO - Crawled (today): Giải trí...
2026-09-14 13:32:37,125 - crawler.VNExpress - INFO - Crawled (today): Pháp luật...
2026-09-14 13:32:37,144 - crawler.VNExpress - INFO - Crawled (today): Sức khỏe...
2026-09-14 13:32:37,163 - crawler.VNExpress - INFO - Crawled (today): Thể thao...
2026-09-14 13:32:37,230 - crawler.VNExpress - INFO - Crawled (today): Pháp luật...
2026-09-14 13:32:37,262 - crawler.VNExpress - INFO - Crawled (today): Thể thao...
2026-09-14 13:32:37,270 - crawler.VNExpress - INFO - Crawled (today): Giáo dục...
2026-09-14 13:32:37,311 - crawler.VNExpress - INFO - Crawled (today): Giải trí...
2026-09-14 13:32:37,334 - crawler.VNExpress - INFO - Crawled (today): Giáo dục...
2026-09-14 13:32:37,358 - crawler.VNExpress - INFO - Crawled (today): Đời sống...
2026-09-14 13:32:37,358 - crawler.VNExpress - INFO - Crawling category: so-hoa
2026-09-14 13:32:37,364 - crawler.VNExpress - INFO - Completed kinh-doanh: 17 articles
2026-09-14 13:32:37,369 - crawler.VNExpress - INFO - Crawled (today): Giải trí...
2026-09-14 13:32:37,487 - crawler.VNExpress - INFO - Crawled (today): Pháp luật...
2026-09-14 13:32:37,509 - crawler.VNExpress - INFO - Crawled (today): Đời sống...
2026-09-14 13:32:37,509 - crawler.VNExpress - INFO - Crawling category: giai-tri
2026-09-14 13:32:37,509 - crawler.VNExpress - INFO - Completed the-gioi: 17 articles
2026-09-14 13:32:37,529 - crawler.VNExpress - INFO - Crawled (today): Pháp luật...
2026-09-14 13:32:37,560 - crawler.VNExpress - INFO - Crawled (today): Giáo dục...
2026-09-14 13:32:37,624 - crawler.VNExpress - INFO - Crawled (today): Giáo dục...
2026-09-14 13:32:37,639 - crawler.VNExpress - INFO - Found 20 articles in giai-tri
2026-09-14 13:32:37,681 - crawler.VNExpress - INFO - Crawled (today): Đời sống...
2026-09-14 13:32:37,681 - crawler.VNExpress - INFO - Crawling category: suc-khoe
2026-09-14 13:32:37,693 - crawler.VNExpress - INFO - Completed thoi-su: 17 articles
2026-09-14 13:32:37,720 - crawler.VietnamNet - INFO - Crawling category: cong-nghe
2026-09-14 13:32:37,720 - crawler.VietnamNet - INFO - Completed the-thao: 0 articles
2026-09-14 13:32:37,740 - crawler.VNExpress - INFO - Crawled (today): Đời sống...
2026-09-14 13:32:37,740 - crawler.VNExpress - INFO - Crawling category: giao-duc
2026-09-14 13:32:37,740 - crawler.VNExpress - INFO - Completed the-thao: 17 articles
2026-09-14 13:32:37,754 - crawler.VNExpress - INFO - Crawled (today): ...
2026-09-14 13:32:37,819 - crawler.VNExpress - INFO - Found 20 articles in so-hoa
2026-09-14 13:32:37,828 - crawler.VNExpress - INFO - Found 20 articles in suc-khoe
2026-09-14 13:32:37,878 - crawler.VNExpress - INFO - Found 20 articles in giao-duc
2026-09-14 13:32:37,892 - crawler.VNExpress - INFO - Crawled (today): ...
2026-09-14 13:32:37,905 - crawler.VNExpress - INFO - Crawled (today): ...
2026-09-14 13:32:37,919 - crawler.VNExpress - INFO - Crawled (today): Tin tức 24hMới nhất...
2026-09-14 13:32:37,932 - crawler.VNExpress - INFO - Crawled (today): ...
2026-09-14 13:32:37,956 - crawler.VNExpress - INFO - Crawled (today): Hà Nội...
2026-09-14 13:32:38,015 - crawler.VietnamNet - INFO - Found 20 articles in cong-nghe
2026-09-14 13:32:38,029 - crawler.VietnamNet - INFO - Crawling category: giai-tri
2026-09-14 13:32:38,029 - crawler.VietnamNet - INFO - Completed thoi-su: 0 articles
2026-09-14 13:32:38,040 - crawler.VNExpress - INFO - Crawled (today): Tin tức 24hMới nhất...
2026-09-14 13:32:38,054 - crawler.VNExpress - INFO - Crawled (today): TP HCM...
2026-09-14 13:32:38,067 - crawler.VNExpress - INFO - Crawled (today): Tin tức 24hMới nhất...
2026-09-14 13:32:38,068 - crawler.VietnamNet - WARNING - Attempt 3/3 failed for https://vietnamnet.vn/kinh-te: 404 Client Error: Not Found for url: https://vietnamnet.vn/kinh-te
2026-09-14 13:32:38,068 - crawler.VietnamNet - INFO - Found 0 articles in kinh-te
2026-09-14 13:32:38,068 - crawler.VietnamNet - INFO - Crawling category: giao-duc
2026-09-14 13:32:38,068 - crawler.DanTri - WARNING - Attempt 3/3 failed for https://dantri.com.vn/the-thao: 404 Client Error: Not Found for url: https://dantri.com.vn/the-thao
2026-09-14 13:32:38,069 - crawler.DanTri - INFO - Found 0 articles in the-thao
2026-09-14 13:32:38,069 - crawler.DanTri - INFO - Crawling category: cong-nghe
2026-09-14 13:32:38,069 - crawler.DanTri - INFO - Completed the-thao: 0 articles
2026-09-14 13:32:38,068 - crawler.VietnamNet - INFO - Completed kinh-te: 0 articles
2026-09-14 13:32:38,070 - crawler.DanTri - WARNING - Attempt 3/3 failed for https://dantri.com.vn/kinh-te: 404 Client Error: Not Found for url: https://dantri.com.vn/kinh-te
2026-09-14 13:32:38,070 - crawler.DanTri - INFO - Found 0 articles in kinh-te
2026-09-14 13:32:38,070 - crawler.DanTri - INFO - Crawling category: giai-tri
2026-09-14 13:32:38,070 - crawler.DanTri - WARNING - Attempt 3/3 failed for https://dantri.com.vn/thoi-su: 404 Client Error: Not Found for url: https://dantri.com.vn/thoi-su
2026-09-14 13:32:38,070 - crawler.DanTri - INFO - Found 0 articles in thoi-su
2026-09-14 13:32:38,070 - crawler.DanTri - INFO - Crawling category: giao-duc
2026-09-14 13:32:38,071 - crawler.DanTri - WARNING - Attempt 3/3 failed for https://dantri.com.vn/the-gioi: 404 Client Error: Not Found for url: https://dantri.com.vn/the-gioi
2026-09-14 13:32:38,071 - crawler.DanTri - INFO - Found 0 articles in the-gioi
2026-09-14 13:32:38,070 - crawler.DanTri - INFO - Completed kinh-te: 0 articles
2026-09-14 13:32:38,071 - crawler.DanTri - INFO - Completed thoi-su: 0 articles
2026-09-14 13:32:38,071 - crawler.DanTri - INFO - Completed the-gioi: 0 articles
2026-09-14 13:32:38,078 - crawler.TuoiTre - WARNING - Attempt 3/3 failed for https://tuoitre.vn/timeline/1/kinh-te.htm: 404 Client Error: Not Found for url: https://tuoitre.vn/error/404
2026-09-14 13:32:38,079 - crawler.TuoiTre - INFO - Found 0 articles in kinh-te
2026-09-14 13:32:38,079 - crawler.TuoiTre - INFO - Crawling category: cong-nghe
2026-09-14 13:32:38,079 - crawler.TuoiTre - INFO - Completed kinh-te: 0 articles
2026-09-14 13:32:38,093 - crawler.VNExpress - INFO - Crawled (today): Hà Nội...
2026-09-14 13:32:38,120 - crawler.VNExpress - INFO - Crawled (today): ...
2026-09-14 13:32:38,122 - crawler.TuoiTre - WARNING - Attempt 3/3 failed for https://tuoitre.vn/timeline/6/the-thao.htm: 404 Client Error: Not Found for url: https://tuoitre.vn/error/404
2026-09-14 13:32:38,123 - crawler.TuoiTre - INFO - Found 0 articles in the-thao
2026-09-14 13:32:38,123 - crawler.TuoiTre - INFO - Crawling category: van-hoa
2026-09-14 13:32:38,123 - crawler.TuoiTre - WARNING - Attempt 3/3 failed for https://tuoitre.vn/timeline/7/the-gioi.htm: 404 Client Error: Not Found for url: https://tuoitre.vn/error/404
2026-09-14 13:32:38,121 - crawler.TuoiTre - WARNING - Attempt 3/3 failed for https://tuoitre.vn/timeline/0/tin-tuc.htm: 404 Client Error: Not Found for url: https://tuoitre.vn/error/404
2026-09-14 13:32:38,124 - crawler.TuoiTre - INFO - Completed the-thao: 0 articles
2026-09-14 13:32:38,125 - crawler.TuoiTre - INFO - Found 0 articles in the-gioi
2026-09-14 13:32:38,126 - crawler.TuoiTre - INFO - Crawling category: giao-duc
2026-09-14 13:32:38,126 - crawler.TuoiTre - INFO - Found 0 articles in thoi-su
2026-09-14 13:32:38,133 - crawler.TuoiTre - INFO - Completed the-gioi: 0 articles
2026-09-14 13:32:38,137 - crawler.VNExpress - INFO - Crawled (today): TP HCM...
2026-09-14 13:32:38,148 - crawler.VNExpress - INFO - Crawled (today): Hà Nội...
2026-09-14 13:32:38,148 - crawler.TuoiTre - INFO - Completed thoi-su: 0 articles
2026-09-14 13:32:38,181 - crawler.VNExpress - INFO - Crawled (today): Tin tức 24hMới nhất...
2026-09-14 13:32:38,186 - crawler.VietnamNet - INFO - Completed the-gioi: 0 articles
2026-09-14 13:32:38,192 - crawler.VietnamNet - INFO - Found 20 articles in giai-tri
2026-09-14 13:32:38,213 - crawler.VietnamNet - INFO - Found 20 articles in giao-duc
2026-09-14 13:32:38,242 - crawler.VNExpress - INFO - Crawled (today): là gì?...
2026-09-14 13:32:38,271 - crawler.VNExpress - INFO - Crawled (today): TP HCM...
2026-09-14 13:32:38,274 - crawler.TuoiTre - WARNING - Attempt 1/3 failed for https://tuoitre.vn/timeline/19/cong-nghe.htm: 404 Client Error: Not Found for url: https://tuoitre.vn/error/404
2026-09-14 13:32:38,296 - crawler.VNExpress - INFO - Crawled (today): ...
2026-09-14 13:32:38,296 - crawler.TuoiTre - WARNING - Attempt 1/3 failed for https://tuoitre.vn/timeline/3/van-hoa-xa-hoi.htm: 404 Client Error: Not Found for url: https://tuoitre.vn/error/404
2026-09-14 13:32:38,314 - crawler.VNExpress - INFO - Crawled (today): Hà Nội...
2026-09-14 13:32:38,325 - crawler.TuoiTre - WARNING - Attempt 1/3 failed for https://tuoitre.vn/timeline/4/giao-duc.htm: 404 Client Error: Not Found for url: https://tuoitre.vn/error/404
2026-09-14 13:32:38,347 - crawler.DanTri - WARNING - Attempt 1/3 failed for https://dantri.com.vn/giai-tri: 404 Client Error: Not Found for url: https://dantri.com.vn/giai-tri
2026-09-14 13:32:38,368 - crawler.VNExpress - INFO - Crawled (today): ...
2026-09-14 13:32:38,401 - crawler.VNExpress - INFO - Crawled (today): là gì?...
2026-09-14 13:32:38,436 - crawler.VNExpress - INFO - Crawled (today): TP HCM...
2026-09-14 13:32:38,472 - crawler.DanTri - WARNING - Attempt 1/3 failed for https://dantri.com.vn/giao-duc: 404 Client Error: Not Found for url: https://dantri.com.vn/giao-duc
2026-09-14 13:32:38,479 - crawler.DanTri - WARNING - Attempt 1/3 failed for https://dantri.com.vn/cong-nghe: 404 Client Error: Not Found for url: https://dantri.com.vn/cong-nghe
2026-09-14 13:32:38,495 - crawler.VNExpress - INFO - Crawled (today): là gì?...
2026-09-14 13:32:38,544 - crawler.VNExpress - INFO - Crawled (today): ...
2026-09-14 13:32:38,604 - crawler.VNExpress - INFO - Crawled (today): Thời sự...
2026-09-14 13:32:38,611 - crawler.VNExpress - INFO - Crawled (today): là gì?...
2026-09-14 13:32:38,747 - crawler.VNExpress - INFO - Crawled (today): Thế giới...
2026-09-14 13:32:38,846 - crawler.VNExpress - INFO - Crawled (today): Kinh doanh...
2026-09-14 13:32:38,868 - crawler.VNExpress - INFO - Crawled (today): Thời sự...
2026-09-14 13:32:38,968 - crawler.VNExpress - INFO - Crawled (today): Thời sự...
2026-09-14 13:32:39,015 - crawler.VNExpress - INFO - Crawled (today): Khoa học công nghệ...
2026-09-14 13:32:39,042 - crawler.VNExpress - INFO - Crawled (today): Thế giới...
2026-09-14 13:32:39,147 - crawler.VNExpress - INFO - Crawled (today): Thế giới...
2026-09-14 13:32:39,173 - crawler.VNExpress - INFO - Crawled (today): Kinh doanh...
2026-09-14 13:32:39,200 - crawler.VNExpress - INFO - Crawled (today): Thời sự...
2026-09-14 13:32:39,468 - crawler.VNExpress - INFO - Crawled (today): Bất động sản...
2026-09-14 13:32:39,545 - crawler.VNExpress - INFO - Crawled (today): Thế giới...
2026-09-14 13:32:39,588 - crawler.VNExpress - INFO - Crawled (today): Kinh doanh...
2026-09-14 13:32:39,592 - crawler.VNExpress - INFO - Crawled (today): Khoa học công nghệ...
2026-09-14 13:32:39,602 - crawler.DanTri - WARNING - Attempt 2/3 failed for https://dantri.com.vn/giai-tri: 404 Client Error: Not Found for url: https://dantri.com.vn/giai-tri
2026-09-14 13:32:39,649 - crawler.VNExpress - INFO - Crawled (today): Sức khỏe...
2026-09-14 13:32:39,683 - crawler.DanTri - WARNING - Attempt 2/3 failed for https://dantri.com.vn/cong-nghe: 404 Client Error: Not Found for url: https://dantri.com.vn/cong-nghe
2026-09-14 13:32:39,725 - crawler.DanTri - WARNING - Attempt 2/3 failed for https://dantri.com.vn/giao-duc: 404 Client Error: Not Found for url: https://dantri.com.vn/giao-duc
2026-09-14 13:32:39,810 - crawler.VNExpress - INFO - Crawled (today): Kinh doanh...
2026-09-14 13:32:39,823 - crawler.VNExpress - INFO - Crawled (today): Khoa học công nghệ...
2026-09-14 13:32:39,841 - crawler.TuoiTre - WARNING - Attempt 2/3 failed for https://tuoitre.vn/timeline/19/cong-nghe.htm: 404 Client Error: Not Found for url: https://tuoitre.vn/error/404
2026-09-14 13:32:39,876 - crawler.VNExpress - INFO - Crawled (today): Thể thao...
2026-09-14 13:32:39,889 - crawler.TuoiTre - WARNING - Attempt 2/3 failed for https://tuoitre.vn/timeline/4/giao-duc.htm: 404 Client Error: Not Found for url: https://tuoitre.vn/error/404
2026-09-14 13:32:40,092 - crawler.TuoiTre - WARNING - Attempt 2/3 failed for https://tuoitre.vn/timeline/3/van-hoa-xa-hoi.htm: 404 Client Error: Not Found for url: https://tuoitre.vn/error/404
2026-09-14 13:32:40,138 - crawler.VNExpress - INFO - Crawled (today): Giải trí...
2026-09-14 13:32:40,185 - crawler.VNExpress - INFO - Crawled (today): Khoa học công nghệ...
2026-09-14 13:32:40,297 - crawler.VNExpress - INFO - Crawled (today): Bất động sản...
2026-09-14 13:32:40,364 - crawler.VNExpress - INFO - Crawled (today): Pháp luật...
2026-09-14 13:32:40,396 - crawler.VNExpress - INFO - Crawled (today): Bất động sản...
2026-09-14 13:32:40,497 - crawler.VNExpress - INFO - Crawled (today): Sức khỏe...
2026-09-14 13:32:40,551 - crawler.VNExpress - INFO - Crawled (today): Giáo dục...
2026-09-14 13:32:40,607 - crawler.VNExpress - INFO - Crawled (today): Sức khỏe...
2026-09-14 13:32:40,625 - crawler.VNExpress - INFO - Crawled (today): Bất động sản...
2026-09-14 13:32:40,655 - crawler.VNExpress - INFO - Crawled (today): Thể thao...
2026-09-14 13:32:40,838 - crawler.VNExpress - INFO - Crawled (today): Thể thao...
2026-09-14 13:32:40,842 - crawler.VNExpress - INFO - Crawled (today): Đời sống...
2026-09-14 13:32:40,846 - crawler.VNExpress - INFO - Completed giai-tri: 17 articles
2026-09-14 13:32:40,871 - crawler.VNExpress - INFO - Crawled (today): Sức khỏe...
2026-09-14 13:32:40,892 - crawler.VNExpress - INFO - Crawled (today): Giải trí...
2026-09-14 13:32:40,939 - crawler.VNExpress - INFO - Crawled (today): Giải trí...
2026-09-14 13:32:40,960 - crawler.VNExpress - INFO - Crawled (today): Thể thao...
2026-09-14 13:32:41,054 - crawler.VNExpress - INFO - Crawled (today): Pháp luật...
2026-09-14 13:32:41,114 - crawler.VNExpress - INFO - Crawled (today): Pháp luật...
2026-09-14 13:32:41,158 - crawler.VNExpress - INFO - Crawled (today): Giải trí...
2026-09-14 13:32:41,232 - crawler.VNExpress - INFO - Crawled (today): Giáo dục...
2026-09-14 13:32:41,244 - crawler.VNExpress - INFO - Crawled (today): Giáo dục...
2026-09-14 13:32:41,301 - crawler.VNExpress - INFO - Crawled (today): Pháp luật...
2026-09-14 13:32:41,323 - crawler.VNExpress - INFO - Crawled (today): Đời sống...
2026-09-14 13:32:41,324 - crawler.VNExpress - INFO - Completed giao-duc: 17 articles
2026-09-14 13:32:41,404 - crawler.VNExpress - INFO - Crawled (today): Đời sống...
2026-09-14 13:32:41,434 - crawler.VNExpress - INFO - Completed suc-khoe: 17 articles
2026-09-14 13:32:41,446 - crawler.VNExpress - INFO - Crawled (today): Giáo dục...
2026-09-14 13:32:41,489 - crawler.VietnamNet - INFO - Completed cong-nghe: 0 articles
2026-09-14 13:32:41,519 - crawler.VNExpress - INFO - Crawled (today): Đời sống...
2026-09-14 13:32:41,519 - crawler.VNExpress - INFO - Completed so-hoa: 17 articles
2026-09-14 13:32:41,520 - crawler.VNExpress - INFO - Total articles crawled: 136
2026-09-14 13:32:41,520 - __main__ - INFO - Crawled 136 articles from VNExpress
2026-09-14 13:32:41,636 - crawler.DanTri - WARNING - Attempt 3/3 failed for https://dantri.com.vn/giai-tri: 404 Client Error: Not Found for url: https://dantri.com.vn/giai-tri
2026-09-14 13:32:41,636 - crawler.DanTri - INFO - Found 0 articles in giai-tri
2026-09-14 13:32:41,636 - crawler.DanTri - INFO - Completed giai-tri: 0 articles
2026-09-14 13:32:41,699 - crawler.DanTri - WARNING - Attempt 3/3 failed for https://dantri.com.vn/cong-nghe: 404 Client Error: Not Found for url: https://dantri.com.vn/cong-nghe
2026-09-14 13:32:41,699 - crawler.DanTri - INFO - Found 0 articles in cong-nghe
2026-09-14 13:32:41,699 - crawler.DanTri - INFO - Completed cong-nghe: 0 articles
2026-09-14 13:32:41,738 - crawler.DanTri - WARNING - Attempt 3/3 failed for https://dantri.com.vn/giao-duc: 404 Client Error: Not Found for url: https://dantri.com.vn/giao-duc
2026-09-14 13:32:41,738 - crawler.DanTri - INFO - Found 0 articles in giao-duc
2026-09-14 13:32:41,738 - crawler.DanTri - INFO - Completed giao-duc: 0 articles
2026-09-14 13:32:41,739 - crawler.DanTri - INFO - Total articles crawled: 0
2026-09-14 13:32:41,739 - __main__ - INFO - Crawled 0 articles from Dân Trí
2026-09-14 13:32:41,923 - crawler.TuoiTre - WARNING - Attempt 3/3 failed for https://tuoitre.vn/timeline/19/cong-nghe.htm: 404 Client Error: Not Found for url: https://tuoitre.vn/error/404
2026-09-14 13:32:41,924 - crawler.TuoiTre - INFO - Found 0 articles in cong-nghe
2026-09-14 13:32:41,924 - crawler.TuoiTre - INFO - Completed cong-nghe: 0 articles
2026-09-14 13:32:42,013 - crawler.TuoiTre - WARNING - Attempt 3/3 failed for https://tuoitre.vn/timeline/4/giao-duc.htm: 404 Client Error: Not Found for url: https://tuoitre.vn/error/404
2026-09-14 13:32:42,014 - crawler.TuoiTre - INFO - Found 0 articles in giao-duc
2026-09-14 13:32:42,014 - crawler.TuoiTre - INFO - Completed giao-duc: 0 articles
2026-09-14 13:32:42,109 - crawler.VietnamNet - INFO - Completed giao-duc: 0 articles
2026-09-14 13:32:42,135 - crawler.VietnamNet - INFO - Completed giai-tri: 0 articles
2026-09-14 13:32:42,135 - crawler.VietnamNet - INFO - Total articles crawled: 0
2026-09-14 13:32:42,135 - __main__ - INFO - Crawled 0 articles from VietnamNet
2026-09-14 13:32:42,215 - crawler.TuoiTre - WARNING - Attempt 3/3 failed for https://tuoitre.vn/timeline/3/van-hoa-xa-hoi.htm: 404 Client Error: Not Found for url: https://tuoitre.vn/error/404
2026-09-14 13:32:42,216 - crawler.TuoiTre - INFO - Found 0 articles in van-hoa
2026-09-14 13:32:42,216 - crawler.TuoiTre - INFO - Completed van-hoa: 0 articles
2026-09-14 13:32:42,216 - crawler.TuoiTre - INFO - Total articles crawled: 0
2026-09-14 13:32:42,216 - __main__ - INFO - Crawled 0 articles from Tuổi Trẻ
2026-09-14 13:32:42,216 - __main__ - INFO - Crawl completed: 4/4 sources, 136 total articles
2026-09-14 13:32:42,221 - googleapiclient.discovery_cache - INFO - file_cache is only supported with oauth2client<4.0.0
2026-09-14 13:32:45,771 - __main__ - INFO - Uploaded 136 articles from VNExpress to Drive
2026-09-14 13:32:49,637 - __main__ - INFO - Uploaded 0 articles from Dân Trí to Drive
2026-09-14 13:32:52,652 - __main__ - INFO - Uploaded 0 articles from VietnamNet to Drive
2026-09-14 13:32:56,027 - __main__ - INFO - Uploaded 0 articles from Tuổi Trẻ to Drive
2026-09-14 13:32:56,027 - __main__ - INFO - Upload completed: 4/4 sources
2026-09-14 13:32:56,027 - __main__ - INFO - Total duration: 21.53 seconds
2026-09-14 13:32:56,027 - __main__ - INFO - Crawl complete!
