2026-09-14 13:19:25,104 - __main__ - INFO - Starting news crawler at 2026-09-14 13:19:25.104366
2026-09-14 13:19:25,104 - __main__ - INFO - Crawling sources: vnexpress, tuoitre, vietnamnet, dantri
2026-09-14 13:19:25,104 - __main__ - INFO - Starting crawl for VNExpress
2026-09-14 13:19:25,104 - __main__ - INFO - Starting crawl for Tuổi Trẻ
2026-09-14 13:19:25,104 - __main__ - INFO - Starting crawl for VietnamNet
2026-09-14 13:19:25,104 - crawler.VietnamNet - INFO - Starting crawl for VietnamNet with 4 workers
2026-09-14 13:19:25,104 - crawler.TuoiTre - INFO - Starting crawl for TuoiTre with 4 workers
2026-09-14 13:19:25,104 - crawler.VNExpress - INFO - Starting crawl for VNExpress with 4 workers
2026-09-14 13:19:25,105 - crawler.VietnamNet - INFO - Crawling category: the-gioi
2026-09-14 13:19:25,104 - __main__ - INFO - Starting crawl for Dân Trí
2026-09-14 13:19:25,105 - crawler.DanTri - INFO - Starting crawl for DanTri with 4 workers
2026-09-14 13:19:25,105 - crawler.VietnamNet - INFO - Crawling category: thoi-su
2026-09-14 13:19:25,105 - crawler.VietnamNet - INFO - Crawling category: the-thao
2026-09-14 13:19:25,105 - crawler.TuoiTre - INFO - Crawling category: thoi-su
2026-09-14 13:19:25,105 - crawler.VietnamNet - INFO - Crawling category: kinh-te
2026-09-14 13:19:25,105 - crawler.TuoiTre - INFO - Crawling category: the-gioi
2026-09-14 13:19:25,105 - crawler.TuoiTre - INFO - Crawling category: kinh-te
2026-09-14 13:19:25,106 - crawler.TuoiTre - INFO - Crawling category: the-thao
2026-09-14 13:19:25,107 - crawler.VNExpress - INFO - Crawling category: the-gioi
2026-09-14 13:19:25,106 - crawler.DanTri - INFO - Crawling category: thoi-su
2026-09-14 13:19:25,106 - crawler.DanTri - INFO - Crawling category: the-gioi
2026-09-14 13:19:25,107 - crawler.DanTri - INFO - Crawling category: kinh-te
2026-09-14 13:19:25,107 - crawler.DanTri - INFO - Crawling category: the-thao
2026-09-14 13:19:25,107 - crawler.VNExpress - INFO - Crawling category: kinh-doanh
2026-09-14 13:19:25,106 - crawler.VNExpress - INFO - Crawling category: thoi-su
2026-09-14 13:19:25,108 - crawler.VNExpress - INFO - Crawling category: the-thao
2026-09-14 13:19:25,259 - crawler.VNExpress - INFO - Found 20 articles in thoi-su
2026-09-14 13:19:25,259 - crawler.VNExpress - INFO - Found 20 articles in kinh-doanh
2026-09-14 13:19:25,275 - crawler.VNExpress - INFO - Found 20 articles in the-thao
2026-09-14 13:19:25,290 - crawler.VNExpress - INFO - Found 20 articles in the-gioi
2026-09-14 13:19:25,319 - crawler.VNExpress - INFO - Crawled: ...
2026-09-14 13:19:25,319 - crawler.VNExpress - INFO - Crawled: ...
2026-09-14 13:19:25,334 - crawler.VNExpress - INFO - Crawled: ...
2026-09-14 13:19:25,334 - crawler.TuoiTre - WARNING - Attempt 1/3 failed for https://tuoitre.vn/timeline/1/kinh-te.htm: 404 Client Error: Not Found for url: https://tuoitre.vn/error/404
2026-09-14 13:19:25,334 - crawler.TuoiTre - WARNING - Attempt 1/3 failed for https://tuoitre.vn/timeline/7/the-gioi.htm: 404 Client Error: Not Found for url: https://tuoitre.vn/error/404
2026-09-14 13:19:25,347 - crawler.VNExpress - INFO - Crawled: ...
2026-09-14 13:19:25,351 - crawler.TuoiTre - WARNING - Attempt 1/3 failed for https://tuoitre.vn/timeline/6/the-thao.htm: 404 Client Error: Not Found for url: https://tuoitre.vn/error/404
2026-09-14 13:19:25,352 - crawler.TuoiTre - WARNING - Attempt 1/3 failed for https://tuoitre.vn/timeline/0/tin-tuc.htm: 404 Client Error: Not Found for url: https://tuoitre.vn/error/404
2026-09-14 13:19:25,425 - crawler.VNExpress - INFO - Crawled: Tin tức 24hMới nhất...
2026-09-14 13:19:25,426 - crawler.DanTri - WARNING - Attempt 1/3 failed for https://dantri.com.vn/the-thao: 404 Client Error: Not Found for url: https://dantri.com.vn/the-thao
2026-09-14 13:19:25,440 - crawler.VNExpress - INFO - Crawled: Tin tức 24hMới nhất...
2026-09-14 13:19:25,452 - crawler.VNExpress - INFO - Crawled: Tin tức 24hMới nhất...
2026-09-14 13:19:25,453 - crawler.DanTri - WARNING - Attempt 1/3 failed for https://dantri.com.vn/kinh-te: 404 Client Error: Not Found for url: https://dantri.com.vn/kinh-te
2026-09-14 13:19:25,463 - crawler.VNExpress - INFO - Crawled: Hà Nội...
2026-09-14 13:19:25,478 - crawler.VNExpress - INFO - Crawled: Hà Nội...
2026-09-14 13:19:25,490 - crawler.VNExpress - INFO - Crawled: Hà Nội...
2026-09-14 13:19:25,500 - crawler.VNExpress - INFO - Crawled: TP HCM...
2026-09-14 13:19:25,502 - crawler.DanTri - WARNING - Attempt 1/3 failed for https://dantri.com.vn/thoi-su: 404 Client Error: Not Found for url: https://dantri.com.vn/thoi-su
2026-09-14 13:19:25,502 - crawler.DanTri - WARNING - Attempt 1/3 failed for https://dantri.com.vn/the-gioi: 404 Client Error: Not Found for url: https://dantri.com.vn/the-gioi
2026-09-14 13:19:25,518 - crawler.VNExpress - INFO - Crawled: TP HCM...
2026-09-14 13:19:25,530 - crawler.VNExpress - INFO - Crawled: TP HCM...
2026-09-14 13:19:25,613 - crawler.VNExpress - INFO - Crawled: ...
2026-09-14 13:19:25,635 - crawler.VNExpress - INFO - Crawled: ...
2026-09-14 13:19:25,682 - crawler.VNExpress - INFO - Crawled: là gì?...
2026-09-14 13:19:25,697 - crawler.VNExpress - INFO - Crawled: là gì?...
2026-09-14 13:19:25,728 - crawler.VietnamNet - WARNING - Attempt 1/3 failed for https://vietnamnet.vn/kinh-te: 404 Client Error: Not Found for url: https://vietnamnet.vn/kinh-te
2026-09-14 13:19:25,785 - crawler.VietnamNet - INFO - Found 20 articles in the-thao
2026-09-14 13:19:25,818 - crawler.VietnamNet - INFO - Found 20 articles in the-gioi
2026-09-14 13:19:25,822 - crawler.VietnamNet - INFO - Found 20 articles in thoi-su
2026-09-14 13:19:25,910 - crawler.VNExpress - INFO - Crawled: Thời sự...
2026-09-14 13:19:25,926 - crawler.VNExpress - INFO - Crawled: Tin tức 24hMới nhất...
2026-09-14 13:19:26,017 - crawler.VNExpress - INFO - Crawled: Thời sự...
2026-09-14 13:19:26,036 - crawler.VNExpress - INFO - Crawled: Thế giới...
2026-09-14 13:19:26,047 - crawler.VNExpress - INFO - Crawled: Hà Nội...
2026-09-14 13:19:26,086 - crawler.VNExpress - INFO - Crawled: Kinh doanh...
2026-09-14 13:19:26,165 - crawler.VNExpress - INFO - Crawled: TP HCM...
2026-09-14 13:19:26,201 - crawler.VNExpress - INFO - Crawled: Thế giới...
2026-09-14 13:19:26,209 - crawler.VNExpress - INFO - Crawled: ...
2026-09-14 13:19:26,233 - crawler.VNExpress - INFO - Crawled: ...
2026-09-14 13:19:26,251 - crawler.VNExpress - INFO - Crawled: Khoa học công nghệ...
2026-09-14 13:19:26,270 - crawler.VNExpress - INFO - Crawled: Kinh doanh...
2026-09-14 13:19:26,275 - crawler.VNExpress - INFO - Crawled: là gì?...
2026-09-14 13:19:26,308 - crawler.VNExpress - INFO - Crawled: là gì?...
2026-09-14 13:19:26,443 - crawler.VNExpress - INFO - Crawled: Bất động sản...
2026-09-14 13:19:26,542 - crawler.TuoiTre - WARNING - Attempt 2/3 failed for https://tuoitre.vn/timeline/6/the-thao.htm: 404 Client Error: Not Found for url: https://tuoitre.vn/error/404
2026-09-14 13:19:26,550 - crawler.VNExpress - INFO - Crawled: Thời sự...
2026-09-14 13:19:26,569 - crawler.TuoiTre - WARNING - Attempt 2/3 failed for https://tuoitre.vn/timeline/0/tin-tuc.htm: 404 Client Error: Not Found for url: https://tuoitre.vn/error/404
2026-09-14 13:19:26,570 - crawler.VNExpress - INFO - Crawled: Khoa học công nghệ...
2026-09-14 13:19:26,569 - crawler.TuoiTre - WARNING - Attempt 2/3 failed for https://tuoitre.vn/timeline/7/the-gioi.htm: 404 Client Error: Not Found for url: https://tuoitre.vn/error/404
2026-09-14 13:19:26,569 - crawler.TuoiTre - WARNING - Attempt 2/3 failed for https://tuoitre.vn/timeline/1/kinh-te.htm: 404 Client Error: Not Found for url: https://tuoitre.vn/error/404
2026-09-14 13:19:26,592 - crawler.VNExpress - INFO - Crawled: Sức khỏe...
2026-09-14 13:19:26,612 - crawler.DanTri - WARNING - Attempt 2/3 failed for https://dantri.com.vn/the-thao: 404 Client Error: Not Found for url: https://dantri.com.vn/the-thao
2026-09-14 13:19:26,613 - crawler.VNExpress - INFO - Crawled: Thời sự...
2026-09-14 13:19:26,685 - crawler.DanTri - WARNING - Attempt 2/3 failed for https://dantri.com.vn/thoi-su: 404 Client Error: Not Found for url: https://dantri.com.vn/thoi-su
2026-09-14 13:19:26,685 - crawler.DanTri - WARNING - Attempt 2/3 failed for https://dantri.com.vn/kinh-te: 404 Client Error: Not Found for url: https://dantri.com.vn/kinh-te
2026-09-14 13:19:26,727 - crawler.VNExpress - INFO - Crawled: Thế giới...
2026-09-14 13:19:26,733 - crawler.VNExpress - INFO - Crawled: Thể thao...
2026-09-14 13:19:26,735 - crawler.DanTri - WARNING - Attempt 2/3 failed for https://dantri.com.vn/the-gioi: 404 Client Error: Not Found for url: https://dantri.com.vn/the-gioi
2026-09-14 13:19:26,757 - crawler.VNExpress - INFO - Crawled: Bất động sản...
2026-09-14 13:19:26,776 - crawler.VNExpress - INFO - Crawled: Thế giới...
2026-09-14 13:19:26,875 - crawler.VietnamNet - WARNING - Attempt 2/3 failed for https://vietnamnet.vn/kinh-te: 404 Client Error: Not Found for url: https://vietnamnet.vn/kinh-te
2026-09-14 13:19:26,894 - crawler.VNExpress - INFO - Crawled: Kinh doanh...
2026-09-14 13:19:26,915 - crawler.VNExpress - INFO - Crawled: Giải trí...
2026-09-14 13:19:26,935 - crawler.VNExpress - INFO - Crawled: Kinh doanh...
2026-09-14 13:19:26,969 - crawler.VNExpress - INFO - Crawled: Khoa học công nghệ...
2026-09-14 13:19:26,979 - crawler.VNExpress - INFO - Crawled: Sức khỏe...
2026-09-14 13:19:27,070 - crawler.VNExpress - INFO - Crawled: Pháp luật...
2026-09-14 13:19:27,099 - crawler.VNExpress - INFO - Crawled: Khoa học công nghệ...
2026-09-14 13:19:27,120 - crawler.VNExpress - INFO - Crawled: Thể thao...
2026-09-14 13:19:27,140 - crawler.VNExpress - INFO - Crawled: Giáo dục...
2026-09-14 13:19:27,239 - crawler.VNExpress - INFO - Crawled: Đời sống...
2026-09-14 13:19:27,246 - crawler.VNExpress - INFO - Crawling category: so-hoa
2026-09-14 13:19:27,260 - crawler.VNExpress - INFO - Crawled: Giải trí...
2026-09-14 13:19:27,260 - crawler.VNExpress - INFO - Completed thoi-su: 17 articles
2026-09-14 13:19:27,283 - crawler.VNExpress - INFO - Crawled: Bất động sản...
2026-09-14 13:19:27,379 - crawler.VNExpress - INFO - Crawled: Bất động sản...
2026-09-14 13:19:27,398 - crawler.VNExpress - INFO - Crawled: Pháp luật...
2026-09-14 13:19:27,417 - crawler.VNExpress - INFO - Crawled: Sức khỏe...
2026-09-14 13:19:27,479 - crawler.VNExpress - INFO - Crawled: Sức khỏe...
2026-09-14 13:19:27,537 - crawler.VNExpress - INFO - Crawled: Thể thao...
2026-09-14 13:19:27,566 - crawler.VNExpress - INFO - Crawled: Giáo dục...
2026-09-14 13:19:27,624 - crawler.VNExpress - INFO - Crawled: Thể thao...
2026-09-14 13:19:27,665 - crawler.VNExpress - INFO - Crawled: Đời sống...
2026-09-14 13:19:27,671 - crawler.VNExpress - INFO - Crawling category: giai-tri
2026-09-14 13:19:27,671 - crawler.VNExpress - INFO - Completed kinh-doanh: 17 articles
2026-09-14 13:19:27,719 - crawler.VNExpress - INFO - Crawled: Giải trí...
2026-09-14 13:19:27,772 - crawler.VNExpress - INFO - Found 20 articles in so-hoa
2026-09-14 13:19:27,792 - crawler.VNExpress - INFO - Crawled: Giải trí...
2026-09-14 13:19:27,810 - crawler.VNExpress - INFO - Found 20 articles in giai-tri
2026-09-14 13:19:27,842 - crawler.VNExpress - INFO - Crawled: Pháp luật...
2026-09-14 13:19:27,916 - crawler.VNExpress - INFO - Crawled: ...
2026-09-14 13:19:27,935 - crawler.VNExpress - INFO - Crawled: Pháp luật...
2026-09-14 13:19:27,951 - crawler.VNExpress - INFO - Crawled: ...
2026-09-14 13:19:28,047 - crawler.VNExpress - INFO - Crawled: Giáo dục...
2026-09-14 13:19:28,094 - crawler.VNExpress - INFO - Crawled: Giáo dục...
2026-09-14 13:19:28,165 - crawler.VNExpress - INFO - Crawled: Tin tức 24hMới nhất...
2026-09-14 13:19:28,169 - crawler.VNExpress - INFO - Crawled: Tin tức 24hMới nhất...
2026-09-14 13:19:28,186 - crawler.VNExpress - INFO - Crawled: Đời sống...
2026-09-14 13:19:28,186 - crawler.VNExpress - INFO - Crawling category: suc-khoe
2026-09-14 13:19:28,186 - crawler.VNExpress - INFO - Completed the-thao: 17 articles
2026-09-14 13:19:28,230 - crawler.VNExpress - INFO - Crawled: Đời sống...
2026-09-14 13:19:28,230 - crawler.VNExpress - INFO - Crawling category: giao-duc
2026-09-14 13:19:28,236 - crawler.VNExpress - INFO - Completed the-gioi: 17 articles
2026-09-14 13:19:28,269 - crawler.VNExpress - INFO - Crawled: Hà Nội...
2026-09-14 13:19:28,299 - crawler.VNExpress - INFO - Crawled: Hà Nội...
2026-09-14 13:19:28,337 - crawler.VNExpress - INFO - Found 20 articles in suc-khoe
2026-09-14 13:19:28,377 - crawler.VNExpress - INFO - Crawled: TP HCM...
2026-09-14 13:19:28,417 - crawler.VNExpress - INFO - Found 20 articles in giao-duc
2026-09-14 13:19:28,475 - crawler.VNExpress - INFO - Crawled: TP HCM...
2026-09-14 13:19:28,514 - crawler.VNExpress - INFO - Crawled: ...
2026-09-14 13:19:28,535 - crawler.VNExpress - INFO - Crawled: ...
2026-09-14 13:19:28,596 - crawler.VNExpress - INFO - Crawled: ...
2026-09-14 13:19:28,617 - crawler.VNExpress - INFO - Crawled: ...
2026-09-14 13:19:28,628 - crawler.VNExpress - INFO - Crawled: là gì?...
2026-09-14 13:19:28,653 - crawler.VNExpress - INFO - Crawled: là gì?...
2026-09-14 13:19:28,654 - crawler.DanTri - WARNING - Attempt 3/3 failed for https://dantri.com.vn/the-thao: 404 Client Error: Not Found for url: https://dantri.com.vn/the-thao
2026-09-14 13:19:28,654 - crawler.DanTri - INFO - Found 0 articles in the-thao
2026-09-14 13:19:28,654 - crawler.DanTri - INFO - Crawling category: cong-nghe
2026-09-14 13:19:28,654 - crawler.DanTri - INFO - Completed the-thao: 0 articles
2026-09-14 13:19:28,669 - crawler.VNExpress - INFO - Crawled: Tin tức 24hMới nhất...
2026-09-14 13:19:28,691 - crawler.VNExpress - INFO - Crawled: Tin tức 24hMới nhất...
2026-09-14 13:19:28,701 - crawler.TuoiTre - WARNING - Attempt 3/3 failed for https://tuoitre.vn/timeline/0/tin-tuc.htm: 404 Client Error: Not Found for url: https://tuoitre.vn/error/404
2026-09-14 13:19:28,712 - crawler.TuoiTre - INFO - Found 0 articles in thoi-su
2026-09-14 13:19:28,712 - crawler.TuoiTre - INFO - Crawling category: cong-nghe
2026-09-14 13:19:28,713 - crawler.TuoiTre - INFO - Completed thoi-su: 0 articles
2026-09-14 13:19:28,712 - crawler.VNExpress - INFO - Crawled: Hà Nội...
2026-09-14 13:19:28,712 - crawler.TuoiTre - WARNING - Attempt 3/3 failed for https://tuoitre.vn/timeline/1/kinh-te.htm: 404 Client Error: Not Found for url: https://tuoitre.vn/error/404
2026-09-14 13:19:28,712 - crawler.TuoiTre - WARNING - Attempt 3/3 failed for https://tuoitre.vn/timeline/6/the-thao.htm: 404 Client Error: Not Found for url: https://tuoitre.vn/error/404
2026-09-14 13:19:28,714 - crawler.TuoiTre - INFO - Found 0 articles in the-thao
2026-09-14 13:19:28,714 - crawler.TuoiTre - INFO - Crawling category: van-hoa
2026-09-14 13:19:28,714 - crawler.TuoiTre - INFO - Found 0 articles in kinh-te
2026-09-14 13:19:28,714 - crawler.TuoiTre - INFO - Crawling category: giao-duc
2026-09-14 13:19:28,714 - crawler.TuoiTre - INFO - Completed the-thao: 0 articles
2026-09-14 13:19:28,714 - crawler.TuoiTre - INFO - Completed kinh-te: 0 articles
2026-09-14 13:19:28,726 - crawler.VNExpress - INFO - Crawled: Hà Nội...
2026-09-14 13:19:28,726 - crawler.TuoiTre - WARNING - Attempt 3/3 failed for https://tuoitre.vn/timeline/7/the-gioi.htm: 404 Client Error: Not Found for url: https://tuoitre.vn/error/404
2026-09-14 13:19:28,726 - crawler.TuoiTre - INFO - Found 0 articles in the-gioi
2026-09-14 13:19:28,727 - crawler.TuoiTre - INFO - Completed the-gioi: 0 articles
2026-09-14 13:19:28,728 - crawler.DanTri - WARNING - Attempt 3/3 failed for https://dantri.com.vn/kinh-te: 404 Client Error: Not Found for url: https://dantri.com.vn/kinh-te
2026-09-14 13:19:28,728 - crawler.DanTri - INFO - Found 0 articles in kinh-te
2026-09-14 13:19:28,728 - crawler.DanTri - INFO - Crawling category: giai-tri
2026-09-14 13:19:28,728 - crawler.DanTri - INFO - Completed kinh-te: 0 articles
2026-09-14 13:19:28,728 - crawler.DanTri - WARNING - Attempt 3/3 failed for https://dantri.com.vn/thoi-su: 404 Client Error: Not Found for url: https://dantri.com.vn/thoi-su
2026-09-14 13:19:28,728 - crawler.DanTri - INFO - Found 0 articles in thoi-su
2026-09-14 13:19:28,728 - crawler.DanTri - INFO - Crawling category: giao-duc
2026-09-14 13:19:28,728 - crawler.DanTri - INFO - Completed thoi-su: 0 articles
2026-09-14 13:19:28,755 - crawler.VNExpress - INFO - Crawled: Thời sự...
2026-09-14 13:19:28,767 - crawler.VNExpress - INFO - Crawled: TP HCM...
2026-09-14 13:19:28,788 - crawler.VNExpress - INFO - Crawled: TP HCM...
2026-09-14 13:19:28,816 - crawler.VietnamNet - INFO - Crawling category: cong-nghe
2026-09-14 13:19:28,822 - crawler.VNExpress - INFO - Crawled: Thế giới...
2026-09-14 13:19:28,822 - crawler.VietnamNet - INFO - Completed the-thao: 0 articles
2026-09-14 13:19:28,841 - crawler.VietnamNet - INFO - Crawling category: giai-tri
2026-09-14 13:19:28,847 - crawler.VietnamNet - INFO - Completed thoi-su: 0 articles
2026-09-14 13:19:28,872 - crawler.TuoiTre - WARNING - Attempt 1/3 failed for https://tuoitre.vn/timeline/19/cong-nghe.htm: 404 Client Error: Not Found for url: https://tuoitre.vn/error/404
2026-09-14 13:19:28,880 - crawler.VNExpress - INFO - Crawled: ...
2026-09-14 13:19:28,880 - crawler.TuoiTre - WARNING - Attempt 1/3 failed for https://tuoitre.vn/timeline/4/giao-duc.htm: 404 Client Error: Not Found for url: https://tuoitre.vn/error/404
2026-09-14 13:19:28,878 - crawler.TuoiTre - WARNING - Attempt 1/3 failed for https://tuoitre.vn/timeline/3/van-hoa-xa-hoi.htm: 404 Client Error: Not Found for url: https://tuoitre.vn/error/404
2026-09-14 13:19:28,895 - crawler.DanTri - WARNING - Attempt 3/3 failed for https://dantri.com.vn/the-gioi: 404 Client Error: Not Found for url: https://dantri.com.vn/the-gioi
2026-09-14 13:19:28,901 - crawler.DanTri - INFO - Found 0 articles in the-gioi
2026-09-14 13:19:28,905 - crawler.VNExpress - INFO - Crawled: ...
2026-09-14 13:19:28,906 - crawler.DanTri - INFO - Completed the-gioi: 0 articles
2026-09-14 13:19:28,925 - crawler.VNExpress - INFO - Crawled: Thời sự...
2026-09-14 13:19:28,945 - crawler.VNExpress - INFO - Crawled: Kinh doanh...
2026-09-14 13:19:28,950 - crawler.VNExpress - INFO - Crawled: là gì?...
2026-09-14 13:19:28,951 - crawler.DanTri - WARNING - Attempt 1/3 failed for https://dantri.com.vn/cong-nghe: 404 Client Error: Not Found for url: https://dantri.com.vn/cong-nghe
2026-09-14 13:19:28,975 - crawler.VietnamNet - INFO - Found 20 articles in cong-nghe
2026-09-14 13:19:28,976 - crawler.VietnamNet - WARNING - Attempt 3/3 failed for https://vietnamnet.vn/kinh-te: 404 Client Error: Not Found for url: https://vietnamnet.vn/kinh-te
2026-09-14 13:19:28,976 - crawler.VietnamNet - INFO - Found 0 articles in kinh-te
2026-09-14 13:19:28,976 - crawler.VietnamNet - INFO - Crawling category: giao-duc
2026-09-14 13:19:28,976 - crawler.VietnamNet - INFO - Completed kinh-te: 0 articles
2026-09-14 13:19:28,995 - crawler.VNExpress - INFO - Crawled: Thế giới...
2026-09-14 13:19:29,013 - crawler.VNExpress - INFO - Crawled: Khoa học công nghệ...
2026-09-14 13:19:29,028 - crawler.VietnamNet - INFO - Completed the-gioi: 0 articles
2026-09-14 13:19:29,046 - crawler.VietnamNet - INFO - Found 20 articles in giai-tri
2026-09-14 13:19:29,051 - crawler.VNExpress - INFO - Crawled: là gì?...
2026-09-14 13:19:29,070 - crawler.VietnamNet - INFO - Found 20 articles in giao-duc
2026-09-14 13:19:29,071 - crawler.DanTri - WARNING - Attempt 1/3 failed for https://dantri.com.vn/giai-tri: 404 Client Error: Not Found for url: https://dantri.com.vn/giai-tri
2026-09-14 13:19:29,091 - crawler.VNExpress - INFO - Crawled: Kinh doanh...
2026-09-14 13:19:29,109 - crawler.DanTri - WARNING - Attempt 1/3 failed for https://dantri.com.vn/giao-duc: 404 Client Error: Not Found for url: https://dantri.com.vn/giao-duc
2026-09-14 13:19:29,194 - crawler.VNExpress - INFO - Crawled: Khoa học công nghệ...
2026-09-14 13:19:29,292 - crawler.VNExpress - INFO - Crawled: Bất động sản...
2026-09-14 13:19:29,335 - crawler.VNExpress - INFO - Crawled: Thời sự...
2026-09-14 13:19:29,394 - crawler.VNExpress - INFO - Crawled: Thời sự...
2026-09-14 13:19:29,412 - crawler.VNExpress - INFO - Crawled: Sức khỏe...
2026-09-14 13:19:29,472 - crawler.VNExpress - INFO - Crawled: Bất động sản...
2026-09-14 13:19:29,514 - crawler.VNExpress - INFO - Crawled: Thế giới...
2026-09-14 13:19:29,535 - crawler.VNExpress - INFO - Crawled: Thế giới...
2026-09-14 13:19:29,554 - crawler.VNExpress - INFO - Crawled: Thể thao...
2026-09-14 13:19:29,657 - crawler.VNExpress - INFO - Crawled: Kinh doanh...
2026-09-14 13:19:29,665 - crawler.VNExpress - INFO - Crawled: Sức khỏe...
2026-09-14 13:19:29,683 - crawler.VNExpress - INFO - Crawled: Kinh doanh...
2026-09-14 13:19:29,701 - crawler.VNExpress - INFO - Crawled: Giải trí...
2026-09-14 13:19:29,769 - crawler.VNExpress - INFO - Crawled: Khoa học công nghệ...
2026-09-14 13:19:29,787 - crawler.VNExpress - INFO - Crawled: Khoa học công nghệ...
2026-09-14 13:19:29,823 - crawler.VNExpress - INFO - Crawled: Thể thao...
2026-09-14 13:19:29,899 - crawler.VNExpress - INFO - Crawled: Pháp luật...
2026-09-14 13:19:30,033 - crawler.VNExpress - INFO - Crawled: Giải trí...
2026-09-14 13:19:30,046 - crawler.TuoiTre - WARNING - Attempt 2/3 failed for https://tuoitre.vn/timeline/19/cong-nghe.htm: 404 Client Error: Not Found for url: https://tuoitre.vn/error/404
2026-09-14 13:19:30,072 - crawler.VNExpress - INFO - Crawled: Giáo dục...
2026-09-14 13:19:30,089 - crawler.VNExpress - INFO - Crawled: Bất động sản...
2026-09-14 13:19:30,090 - crawler.TuoiTre - WARNING - Attempt 2/3 failed for https://tuoitre.vn/timeline/4/giao-duc.htm: 404 Client Error: Not Found for url: https://tuoitre.vn/error/404
2026-09-14 13:19:30,090 - crawler.TuoiTre - WARNING - Attempt 2/3 failed for https://tuoitre.vn/timeline/3/van-hoa-xa-hoi.htm: 404 Client Error: Not Found for url: https://tuoitre.vn/error/404
2026-09-14 13:19:30,138 - crawler.VNExpress - INFO - Crawled: Bất động sản...
2026-09-14 13:19:30,208 - crawler.VNExpress - INFO - Crawled: Pháp luật...
2026-09-14 13:19:30,225 - crawler.VNExpress - INFO - Crawled: Đời sống...
2026-09-14 13:19:30,225 - crawler.VNExpress - INFO - Completed giai-tri: 17 articles
2026-09-14 13:19:30,252 - crawler.VNExpress - INFO - Crawled: Sức khỏe...
2026-09-14 13:19:30,277 - crawler.VNExpress - INFO - Crawled: Sức khỏe...
2026-09-14 13:19:30,301 - crawler.DanTri - WARNING - Attempt 2/3 failed for https://dantri.com.vn/cong-nghe: 404 Client Error: Not Found for url: https://dantri.com.vn/cong-nghe
2026-09-14 13:19:30,336 - crawler.DanTri - WARNING - Attempt 2/3 failed for https://dantri.com.vn/giai-tri: 404 Client Error: Not Found for url: https://dantri.com.vn/giai-tri
2026-09-14 13:19:30,356 - crawler.VNExpress - INFO - Crawled: Giáo dục...
2026-09-14 13:19:30,356 - crawler.DanTri - WARNING - Attempt 2/3 failed for https://dantri.com.vn/giao-duc: 404 Client Error: Not Found for url: https://dantri.com.vn/giao-duc
2026-09-14 13:19:30,377 - crawler.VNExpress - INFO - Crawled: Thể thao...
2026-09-14 13:19:30,412 - crawler.VNExpress - INFO - Crawled: Thể thao...
2026-09-14 13:19:30,456 - crawler.VNExpress - INFO - Crawled: Giải trí...
2026-09-14 13:19:30,473 - crawler.VNExpress - INFO - Crawled: Đời sống...
2026-09-14 13:19:30,473 - crawler.VNExpress - INFO - Completed so-hoa: 17 articles
2026-09-14 13:19:30,583 - crawler.VNExpress - INFO - Crawled: Giải trí...
2026-09-14 13:19:30,666 - crawler.VNExpress - INFO - Crawled: Pháp luật...
2026-09-14 13:19:30,708 - crawler.VNExpress - INFO - Crawled: Pháp luật...
2026-09-14 13:19:30,769 - crawler.VNExpress - INFO - Crawled: Giáo dục...
2026-09-14 13:19:30,867 - crawler.VNExpress - INFO - Crawled: Giáo dục...
2026-09-14 13:19:30,910 - crawler.VNExpress - INFO - Crawled: Đời sống...
2026-09-14 13:19:30,910 - crawler.VNExpress - INFO - Completed giao-duc: 17 articles
2026-09-14 13:19:30,927 - crawler.VNExpress - INFO - Crawled: Đời sống...
2026-09-14 13:19:30,927 - crawler.VNExpress - INFO - Completed suc-khoe: 17 articles
2026-09-14 13:19:30,927 - crawler.VNExpress - INFO - Total articles crawled: 136
2026-09-14 13:19:30,927 - __main__ - INFO - Crawled 136 articles from VNExpress
2026-09-14 13:19:31,506 - crawler.VietnamNet - INFO - Completed cong-nghe: 0 articles
2026-09-14 13:19:31,766 - crawler.VietnamNet - INFO - Completed giai-tri: 0 articles
2026-09-14 13:19:31,779 - crawler.VietnamNet - INFO - Completed giao-duc: 0 articles
2026-09-14 13:19:31,780 - crawler.VietnamNet - INFO - Total articles crawled: 0
2026-09-14 13:19:31,780 - __main__ - INFO - Crawled 0 articles from VietnamNet
2026-09-14 13:19:32,184 - crawler.TuoiTre - WARNING - Attempt 3/3 failed for https://tuoitre.vn/timeline/19/cong-nghe.htm: 404 Client Error: Not Found for url: https://tuoitre.vn/error/404
2026-09-14 13:19:32,185 - crawler.TuoiTre - INFO - Found 0 articles in cong-nghe
2026-09-14 13:19:32,185 - crawler.TuoiTre - INFO - Completed cong-nghe: 0 articles
2026-09-14 13:19:32,217 - crawler.TuoiTre - WARNING - Attempt 3/3 failed for https://tuoitre.vn/timeline/4/giao-duc.htm: 404 Client Error: Not Found for url: https://tuoitre.vn/error/404
2026-09-14 13:19:32,218 - crawler.TuoiTre - INFO - Found 0 articles in giao-duc
2026-09-14 13:19:32,218 - crawler.TuoiTre - INFO - Completed giao-duc: 0 articles
2026-09-14 13:19:32,222 - crawler.TuoiTre - WARNING - Attempt 3/3 failed for https://tuoitre.vn/timeline/3/van-hoa-xa-hoi.htm: 404 Client Error: Not Found for url: https://tuoitre.vn/error/404
2026-09-14 13:19:32,222 - crawler.TuoiTre - INFO - Found 0 articles in van-hoa
2026-09-14 13:19:32,222 - crawler.TuoiTre - INFO - Completed van-hoa: 0 articles
2026-09-14 13:19:32,223 - crawler.TuoiTre - INFO - Total articles crawled: 0
2026-09-14 13:19:32,224 - __main__ - INFO - Crawled 0 articles from Tuổi Trẻ
2026-09-14 13:19:32,351 - crawler.DanTri - WARNING - Attempt 3/3 failed for https://dantri.com.vn/cong-nghe: 404 Client Error: Not Found for url: https://dantri.com.vn/cong-nghe
2026-09-14 13:19:32,352 - crawler.DanTri - INFO - Found 0 articles in cong-nghe
2026-09-14 13:19:32,352 - crawler.DanTri - INFO - Completed cong-nghe: 0 articles
2026-09-14 13:19:32,377 - crawler.DanTri - WARNING - Attempt 3/3 failed for https://dantri.com.vn/giao-duc: 404 Client Error: Not Found for url: https://dantri.com.vn/giao-duc
2026-09-14 13:19:32,377 - crawler.DanTri - INFO - Found 0 articles in giao-duc
2026-09-14 13:19:32,378 - crawler.DanTri - INFO - Completed giao-duc: 0 articles
2026-09-14 13:19:32,385 - crawler.DanTri - WARNING - Attempt 3/3 failed for https://dantri.com.vn/giai-tri: 404 Client Error: Not Found for url: https://dantri.com.vn/giai-tri
2026-09-14 13:19:32,385 - crawler.DanTri - INFO - Found 0 articles in giai-tri
2026-09-14 13:19:32,385 - crawler.DanTri - INFO - Completed giai-tri: 0 articles
2026-09-14 13:19:32,385 - crawler.DanTri - INFO - Total articles crawled: 0
2026-09-14 13:19:32,385 - __main__ - INFO - Crawled 0 articles from Dân Trí
2026-09-14 13:19:32,390 - __main__ - INFO - Crawl completed: 4/4 sources, 136 total articles
2026-09-14 13:19:32,398 - googleapiclient.discovery_cache - INFO - file_cache is only supported with oauth2client<4.0.0
2026-09-14 13:19:36,056 - __main__ - INFO - Uploaded 136 articles from VNExpress to Drive
2026-09-14 13:19:39,199 - __main__ - INFO - Uploaded 0 articles from VietnamNet to Drive
2026-09-14 13:19:43,192 - __main__ - INFO - Uploaded 0 articles from Tuổi Trẻ to Drive
2026-09-14 13:19:46,503 - __main__ - INFO - Uploaded 0 articles from Dân Trí to Drive
2026-09-14 13:19:46,504 - __main__ - INFO - Upload completed: 4/4 sources
2026-09-14 13:19:46,504 - __main__ - INFO - Total duration: 21.40 seconds
2026-09-14 13:19:46,504 - __main__ - INFO - Crawl complete!
