2026-09-14 12:37:28,513 - __main__ - INFO - Starting news crawler at 2026-09-14 12:37:28.513214
2026-09-14 12:37:28,513 - __main__ - INFO - Crawling sources: vnexpress, tuoitre, vietnamnet, dantri
2026-09-14 12:37:28,513 - __main__ - INFO - Starting crawl for VNExpress
2026-09-14 12:37:28,513 - __main__ - INFO - Starting crawl for Tuổi Trẻ
2026-09-14 12:37:28,513 - __main__ - INFO - Starting crawl for VietnamNet
2026-09-14 12:37:28,513 - crawler.VNExpress - INFO - Starting crawl for VNExpress with 4 workers
2026-09-14 12:37:28,513 - __main__ - INFO - Starting crawl for Dân Trí
2026-09-14 12:37:28,513 - crawler.TuoiTre - INFO - Starting crawl for TuoiTre with 4 workers
2026-09-14 12:37:28,513 - crawler.VietnamNet - INFO - Starting crawl for VietnamNet with 4 workers
2026-09-14 12:37:28,514 - crawler.DanTri - INFO - Starting crawl for DanTri with 4 workers
2026-09-14 12:37:28,514 - crawler.VNExpress - INFO - Crawling category: thoi-su
2026-09-14 12:37:28,514 - crawler.DanTri - INFO - Crawling category: thoi-su
2026-09-14 12:37:28,514 - crawler.VNExpress - INFO - Crawling category: kinh-doanh
2026-09-14 12:37:28,514 - crawler.DanTri - INFO - Crawling category: kinh-te
2026-09-14 12:37:28,514 - crawler.VNExpress - INFO - Crawling category: the-gioi
2026-09-14 12:37:28,514 - crawler.DanTri - INFO - Crawling category: the-gioi
2026-09-14 12:37:28,514 - crawler.VNExpress - INFO - Crawling category: the-thao
2026-09-14 12:37:28,515 - crawler.TuoiTre - INFO - Crawling category: kinh-te
2026-09-14 12:37:28,515 - crawler.VietnamNet - INFO - Crawling category: thoi-su
2026-09-14 12:37:28,514 - crawler.DanTri - INFO - Crawling category: the-thao
2026-09-14 12:37:28,514 - crawler.TuoiTre - INFO - Crawling category: thoi-su
2026-09-14 12:37:28,517 - crawler.VietnamNet - INFO - Crawling category: kinh-te
2026-09-14 12:37:28,515 - crawler.TuoiTre - INFO - Crawling category: the-thao
2026-09-14 12:37:28,514 - crawler.TuoiTre - INFO - Crawling category: the-gioi
2026-09-14 12:37:28,516 - crawler.VietnamNet - INFO - Crawling category: the-gioi
2026-09-14 12:37:28,517 - crawler.VietnamNet - INFO - Crawling category: the-thao
2026-09-14 12:37:28,672 - crawler.VNExpress - INFO - Found 20 articles in the-thao
2026-09-14 12:37:28,691 - crawler.VNExpress - INFO - Found 20 articles in the-gioi
2026-09-14 12:37:28,715 - crawler.VNExpress - INFO - Found 20 articles in kinh-doanh
2026-09-14 12:37:28,734 - crawler.VNExpress - INFO - Found 20 articles in thoi-su
2026-09-14 12:37:28,748 - crawler.VNExpress - INFO - Crawled: ...
2026-09-14 12:37:28,749 - crawler.TuoiTre - WARNING - Attempt 1/3 failed for https://tuoitre.vn/timeline/0/tin-tuc.htm: 404 Client Error: Not Found for url: https://tuoitre.vn/error/404
2026-09-14 12:37:28,762 - crawler.VNExpress - INFO - Crawled: ...
2026-09-14 12:37:28,762 - crawler.TuoiTre - WARNING - Attempt 1/3 failed for https://tuoitre.vn/timeline/6/the-thao.htm: 404 Client Error: Not Found for url: https://tuoitre.vn/error/404
2026-09-14 12:37:28,762 - crawler.TuoiTre - WARNING - Attempt 1/3 failed for https://tuoitre.vn/timeline/7/the-gioi.htm: 404 Client Error: Not Found for url: https://tuoitre.vn/error/404
2026-09-14 12:37:28,763 - crawler.TuoiTre - WARNING - Attempt 1/3 failed for https://tuoitre.vn/timeline/1/kinh-te.htm: 404 Client Error: Not Found for url: https://tuoitre.vn/error/404
2026-09-14 12:37:28,779 - crawler.VNExpress - INFO - Crawled: ...
2026-09-14 12:37:28,798 - crawler.VietnamNet - WARNING - Attempt 1/3 failed for https://vietnamnet.vn/kinh-te: 404 Client Error: Not Found for url: https://vietnamnet.vn/kinh-te
2026-09-14 12:37:28,805 - crawler.VietnamNet - INFO - Found 20 articles in the-gioi
2026-09-14 12:37:28,822 - crawler.VietnamNet - INFO - Found 20 articles in the-thao
2026-09-14 12:37:28,839 - crawler.VietnamNet - INFO - Found 20 articles in thoi-su
2026-09-14 12:37:28,872 - crawler.VNExpress - INFO - Crawled: ...
2026-09-14 12:37:28,875 - crawler.DanTri - WARNING - Attempt 1/3 failed for https://dantri.com.vn/thoi-su: 404 Client Error: Not Found for url: https://dantri.com.vn/thoi-su
2026-09-14 12:37:28,875 - crawler.DanTri - WARNING - Attempt 1/3 failed for https://dantri.com.vn/kinh-te: 404 Client Error: Not Found for url: https://dantri.com.vn/kinh-te
2026-09-14 12:37:28,881 - crawler.DanTri - WARNING - Attempt 1/3 failed for https://dantri.com.vn/the-gioi: 404 Client Error: Not Found for url: https://dantri.com.vn/the-gioi
2026-09-14 12:37:28,882 - crawler.DanTri - WARNING - Attempt 1/3 failed for https://dantri.com.vn/the-thao: 404 Client Error: Not Found for url: https://dantri.com.vn/the-thao
2026-09-14 12:37:28,991 - crawler.VNExpress - INFO - Crawled: Tin tức 24hMới nhất...
2026-09-14 12:37:29,009 - crawler.VNExpress - INFO - Crawled: Tin tức 24hMới nhất...
2026-09-14 12:37:29,012 - crawler.VNExpress - INFO - Crawled: Tin tức 24hMới nhất...
2026-09-14 12:37:29,109 - crawler.VNExpress - INFO - Crawled: Tin tức 24hMới nhất...
2026-09-14 12:37:29,123 - crawler.VNExpress - INFO - Crawled: Hà Nội...
2026-09-14 12:37:29,135 - crawler.VNExpress - INFO - Crawled: Hà Nội...
2026-09-14 12:37:29,206 - crawler.VNExpress - INFO - Crawled: Hà Nội...
2026-09-14 12:37:29,296 - crawler.VNExpress - INFO - Crawled: TP HCM...
2026-09-14 12:37:29,307 - crawler.VNExpress - INFO - Crawled: TP HCM...
2026-09-14 12:37:29,503 - crawler.VNExpress - INFO - Crawled: ...
2026-09-14 12:37:29,554 - crawler.VNExpress - INFO - Crawled: ...
2026-09-14 12:37:29,669 - crawler.VNExpress - INFO - Crawled: Hà Nội...
2026-09-14 12:37:29,672 - crawler.VNExpress - INFO - Crawled: là gì?...
2026-09-14 12:37:29,765 - crawler.VNExpress - INFO - Crawled: là gì?...
2026-09-14 12:37:29,779 - crawler.VNExpress - INFO - Crawled: TP HCM...
2026-09-14 12:37:29,790 - crawler.VNExpress - INFO - Crawled: TP HCM...
2026-09-14 12:37:29,925 - crawler.VNExpress - INFO - Crawled: ...
2026-09-14 12:37:29,930 - crawler.VNExpress - INFO - Crawled: ...
2026-09-14 12:37:29,926 - crawler.TuoiTre - WARNING - Attempt 2/3 failed for https://tuoitre.vn/timeline/1/kinh-te.htm: 404 Client Error: Not Found for url: https://tuoitre.vn/error/404
2026-09-14 12:37:29,926 - crawler.TuoiTre - WARNING - Attempt 2/3 failed for https://tuoitre.vn/timeline/7/the-gioi.htm: 404 Client Error: Not Found for url: https://tuoitre.vn/error/404
2026-09-14 12:37:29,931 - crawler.VietnamNet - WARNING - Attempt 2/3 failed for https://vietnamnet.vn/kinh-te: 404 Client Error: Not Found for url: https://vietnamnet.vn/kinh-te
2026-09-14 12:37:29,974 - crawler.TuoiTre - WARNING - Attempt 2/3 failed for https://tuoitre.vn/timeline/6/the-thao.htm: 404 Client Error: Not Found for url: https://tuoitre.vn/error/404
2026-09-14 12:37:30,022 - crawler.TuoiTre - WARNING - Attempt 2/3 failed for https://tuoitre.vn/timeline/0/tin-tuc.htm: 404 Client Error: Not Found for url: https://tuoitre.vn/error/404
2026-09-14 12:37:30,114 - crawler.DanTri - WARNING - Attempt 2/3 failed for https://dantri.com.vn/the-gioi: 404 Client Error: Not Found for url: https://dantri.com.vn/the-gioi
2026-09-14 12:37:30,114 - crawler.DanTri - WARNING - Attempt 2/3 failed for https://dantri.com.vn/kinh-te: 404 Client Error: Not Found for url: https://dantri.com.vn/kinh-te
2026-09-14 12:37:30,115 - crawler.DanTri - WARNING - Attempt 2/3 failed for https://dantri.com.vn/the-thao: 404 Client Error: Not Found for url: https://dantri.com.vn/the-thao
2026-09-14 12:37:30,128 - crawler.DanTri - WARNING - Attempt 2/3 failed for https://dantri.com.vn/thoi-su: 404 Client Error: Not Found for url: https://dantri.com.vn/thoi-su
2026-09-14 12:37:30,157 - crawler.VNExpress - INFO - Crawled: Thời sự...
2026-09-14 12:37:30,162 - crawler.VNExpress - INFO - Crawled: là gì?...
2026-09-14 12:37:30,302 - crawler.VNExpress - INFO - Crawled: là gì?...
2026-09-14 12:37:30,311 - crawler.VNExpress - INFO - Crawled: Thời sự...
2026-09-14 12:37:30,352 - crawler.VNExpress - INFO - Crawled: Thế giới...
2026-09-14 12:37:30,452 - crawler.VNExpress - INFO - Crawled: Kinh doanh...
2026-09-14 12:37:30,524 - crawler.VNExpress - INFO - Crawled: Thế giới...
2026-09-14 12:37:30,605 - crawler.VNExpress - INFO - Crawled: Khoa học công nghệ...
2026-09-14 12:37:30,664 - crawler.VNExpress - INFO - Crawled: Kinh doanh...
2026-09-14 12:37:30,755 - crawler.VNExpress - INFO - Crawled: Thời sự...
2026-09-14 12:37:30,810 - crawler.VNExpress - INFO - Crawled: Thời sự...
2026-09-14 12:37:30,843 - crawler.VNExpress - INFO - Crawled: Khoa học công nghệ...
2026-09-14 12:37:30,895 - crawler.VNExpress - INFO - Crawled: Bất động sản...
2026-09-14 12:37:30,913 - crawler.VNExpress - INFO - Crawled: Thế giới...
2026-09-14 12:37:30,972 - crawler.VNExpress - INFO - Crawled: Thế giới...
2026-09-14 12:37:31,112 - crawler.VNExpress - INFO - Crawled: Sức khỏe...
2026-09-14 12:37:31,113 - crawler.VNExpress - INFO - Crawled: Kinh doanh...
2026-09-14 12:37:31,141 - crawler.VietnamNet - INFO - Crawling category: cong-nghe
2026-09-14 12:37:31,146 - crawler.VietnamNet - INFO - Completed the-thao: 0 articles
2026-09-14 12:37:31,145 - crawler.VNExpress - INFO - Crawled: Kinh doanh...
2026-09-14 12:37:31,189 - crawler.VNExpress - INFO - Crawled: Bất động sản...
2026-09-14 12:37:31,238 - crawler.VietnamNet - INFO - Found 20 articles in cong-nghe
2026-09-14 12:37:31,260 - crawler.VNExpress - INFO - Crawled: Khoa học công nghệ...
2026-09-14 12:37:31,278 - crawler.VNExpress - INFO - Crawled: Thể thao...
2026-09-14 12:37:31,309 - crawler.VNExpress - INFO - Crawled: Khoa học công nghệ...
2026-09-14 12:37:31,320 - crawler.VNExpress - INFO - Crawled: Sức khỏe...
2026-09-14 12:37:31,349 - crawler.VietnamNet - INFO - Crawling category: giai-tri
2026-09-14 12:37:31,349 - crawler.VietnamNet - INFO - Completed thoi-su: 0 articles
2026-09-14 12:37:31,361 - crawler.VietnamNet - INFO - Crawling category: giao-duc
2026-09-14 12:37:31,361 - crawler.VietnamNet - INFO - Completed the-gioi: 0 articles
2026-09-14 12:37:31,402 - crawler.VNExpress - INFO - Crawled: Giải trí...
2026-09-14 12:37:31,421 - crawler.VNExpress - INFO - Crawled: Thể thao...
2026-09-14 12:37:31,468 - crawler.VietnamNet - INFO - Found 20 articles in giao-duc
2026-09-14 12:37:31,491 - crawler.VNExpress - INFO - Crawled: Bất động sản...
2026-09-14 12:37:31,526 - crawler.VietnamNet - INFO - Found 20 articles in giai-tri
2026-09-14 12:37:31,548 - crawler.VNExpress - INFO - Crawled: Bất động sản...
2026-09-14 12:37:31,609 - crawler.VNExpress - INFO - Crawled: Giải trí...
2026-09-14 12:37:31,630 - crawler.VNExpress - INFO - Crawled: Pháp luật...
2026-09-14 12:37:31,677 - crawler.VNExpress - INFO - Crawled: Sức khỏe...
2026-09-14 12:37:31,689 - crawler.VNExpress - INFO - Crawled: Sức khỏe...
2026-09-14 12:37:31,711 - crawler.VNExpress - INFO - Crawled: Giáo dục...
2026-09-14 12:37:31,835 - crawler.VNExpress - INFO - Crawled: Pháp luật...
2026-09-14 12:37:31,911 - crawler.VNExpress - INFO - Crawled: Thể thao...
2026-09-14 12:37:31,924 - crawler.VNExpress - INFO - Crawled: Thể thao...
2026-09-14 12:37:31,942 - crawler.VNExpress - INFO - Crawled: Đời sống...
2026-09-14 12:37:31,942 - crawler.VNExpress - INFO - Crawling category: so-hoa
2026-09-14 12:37:31,942 - crawler.VNExpress - INFO - Completed the-thao: 17 articles
2026-09-14 12:37:31,991 - crawler.VNExpress - INFO - Crawled: Giáo dục...
2026-09-14 12:37:32,041 - crawler.VietnamNet - WARNING - Attempt 3/3 failed for https://vietnamnet.vn/kinh-te: 404 Client Error: Not Found for url: https://vietnamnet.vn/kinh-te
2026-09-14 12:37:32,042 - crawler.VietnamNet - INFO - Found 0 articles in kinh-te
2026-09-14 12:37:32,042 - crawler.VietnamNet - INFO - Completed kinh-te: 0 articles
2026-09-14 12:37:32,061 - crawler.VNExpress - INFO - Crawled: Giải trí...
2026-09-14 12:37:32,079 - crawler.TuoiTre - WARNING - Attempt 3/3 failed for https://tuoitre.vn/timeline/1/kinh-te.htm: 404 Client Error: Not Found for url: https://tuoitre.vn/error/404
2026-09-14 12:37:32,080 - crawler.TuoiTre - INFO - Found 0 articles in kinh-te
2026-09-14 12:37:32,081 - crawler.TuoiTre - INFO - Crawling category: cong-nghe
2026-09-14 12:37:32,081 - crawler.TuoiTre - INFO - Completed kinh-te: 0 articles
2026-09-14 12:37:32,080 - crawler.VNExpress - INFO - Crawled: Giải trí...
2026-09-14 12:37:32,144 - crawler.TuoiTre - WARNING - Attempt 3/3 failed for https://tuoitre.vn/timeline/7/the-gioi.htm: 404 Client Error: Not Found for url: https://tuoitre.vn/error/404
2026-09-14 12:37:32,144 - crawler.TuoiTre - INFO - Found 0 articles in the-gioi
2026-09-14 12:37:32,169 - crawler.TuoiTre - INFO - Crawling category: van-hoa
2026-09-14 12:37:32,176 - crawler.VNExpress - INFO - Crawled: Đời sống...
2026-09-14 12:37:32,169 - crawler.TuoiTre - INFO - Completed the-gioi: 0 articles
2026-09-14 12:37:32,177 - crawler.VNExpress - INFO - Crawling category: giai-tri
2026-09-14 12:37:32,177 - crawler.VNExpress - INFO - Completed thoi-su: 17 articles
2026-09-14 12:37:32,236 - crawler.VNExpress - INFO - Crawled: Pháp luật...
2026-09-14 12:37:32,256 - crawler.TuoiTre - WARNING - Attempt 3/3 failed for https://tuoitre.vn/timeline/6/the-thao.htm: 404 Client Error: Not Found for url: https://tuoitre.vn/error/404
2026-09-14 12:37:32,256 - crawler.TuoiTre - INFO - Found 0 articles in the-thao
2026-09-14 12:37:32,256 - crawler.TuoiTre - INFO - Crawling category: giao-duc
2026-09-14 12:37:32,257 - crawler.TuoiTre - INFO - Completed the-thao: 0 articles
2026-09-14 12:37:32,257 - crawler.TuoiTre - WARNING - Attempt 1/3 failed for https://tuoitre.vn/timeline/19/cong-nghe.htm: 404 Client Error: Not Found for url: https://tuoitre.vn/error/404
2026-09-14 12:37:32,256 - crawler.VNExpress - INFO - Crawled: Pháp luật...
2026-09-14 12:37:32,306 - crawler.TuoiTre - WARNING - Attempt 3/3 failed for https://tuoitre.vn/timeline/0/tin-tuc.htm: 404 Client Error: Not Found for url: https://tuoitre.vn/error/404
2026-09-14 12:37:32,306 - crawler.TuoiTre - INFO - Found 0 articles in thoi-su
2026-09-14 12:37:32,309 - crawler.TuoiTre - INFO - Completed thoi-su: 0 articles
2026-09-14 12:37:32,341 - crawler.TuoiTre - WARNING - Attempt 1/3 failed for https://tuoitre.vn/timeline/3/van-hoa-xa-hoi.htm: 404 Client Error: Not Found for url: https://tuoitre.vn/error/404
2026-09-14 12:37:32,353 - crawler.VNExpress - INFO - Found 20 articles in giai-tri
2026-09-14 12:37:32,353 - crawler.DanTri - WARNING - Attempt 3/3 failed for https://dantri.com.vn/thoi-su: 404 Client Error: Not Found for url: https://dantri.com.vn/thoi-su
2026-09-14 12:37:32,375 - crawler.DanTri - INFO - Found 0 articles in thoi-su
2026-09-14 12:37:32,375 - crawler.DanTri - INFO - Crawling category: cong-nghe
2026-09-14 12:37:32,375 - crawler.DanTri - WARNING - Attempt 3/3 failed for https://dantri.com.vn/the-thao: 404 Client Error: Not Found for url: https://dantri.com.vn/the-thao
2026-09-14 12:37:32,374 - crawler.VNExpress - INFO - Crawled: Giáo dục...
2026-09-14 12:37:32,409 - crawler.DanTri - INFO - Completed thoi-su: 0 articles
2026-09-14 12:37:32,409 - crawler.DanTri - INFO - Found 0 articles in the-thao
2026-09-14 12:37:32,416 - crawler.DanTri - INFO - Crawling category: giai-tri
2026-09-14 12:37:32,423 - crawler.DanTri - INFO - Completed the-thao: 0 articles
2026-09-14 12:37:32,446 - crawler.DanTri - WARNING - Attempt 3/3 failed for https://dantri.com.vn/kinh-te: 404 Client Error: Not Found for url: https://dantri.com.vn/kinh-te
2026-09-14 12:37:32,452 - crawler.TuoiTre - WARNING - Attempt 1/3 failed for https://tuoitre.vn/timeline/4/giao-duc.htm: 404 Client Error: Not Found for url: https://tuoitre.vn/error/404
2026-09-14 12:37:32,461 - crawler.VNExpress - INFO - Crawled: Giáo dục...
2026-09-14 12:37:32,471 - crawler.VNExpress - INFO - Found 20 articles in so-hoa
2026-09-14 12:37:32,471 - crawler.DanTri - INFO - Found 0 articles in kinh-te
2026-09-14 12:37:32,472 - crawler.DanTri - INFO - Crawling category: giao-duc
2026-09-14 12:37:32,472 - crawler.DanTri - INFO - Completed kinh-te: 0 articles
2026-09-14 12:37:32,473 - crawler.DanTri - WARNING - Attempt 3/3 failed for https://dantri.com.vn/the-gioi: 404 Client Error: Not Found for url: https://dantri.com.vn/the-gioi
2026-09-14 12:37:32,473 - crawler.DanTri - INFO - Found 0 articles in the-gioi
2026-09-14 12:37:32,473 - crawler.DanTri - INFO - Completed the-gioi: 0 articles
2026-09-14 12:37:32,490 - crawler.VNExpress - INFO - Crawled: ...
2026-09-14 12:37:32,650 - crawler.VNExpress - INFO - Crawled: Đời sống...
2026-09-14 12:37:32,655 - crawler.VNExpress - INFO - Crawling category: suc-khoe
2026-09-14 12:37:32,655 - crawler.VNExpress - INFO - Completed kinh-doanh: 17 articles
2026-09-14 12:37:32,702 - crawler.VNExpress - INFO - Crawled: Đời sống...
2026-09-14 12:37:32,715 - crawler.VNExpress - INFO - Crawling category: giao-duc
2026-09-14 12:37:32,714 - crawler.VNExpress - INFO - Crawled: ...
2026-09-14 12:37:32,715 - crawler.VNExpress - INFO - Completed the-gioi: 17 articles
2026-09-14 12:37:32,804 - crawler.VNExpress - INFO - Crawled: Tin tức 24hMới nhất...
2026-09-14 12:37:32,826 - crawler.VNExpress - INFO - Found 20 articles in giao-duc
2026-09-14 12:37:32,869 - crawler.VNExpress - INFO - Found 20 articles in suc-khoe
2026-09-14 12:37:32,919 - crawler.DanTri - WARNING - Attempt 1/3 failed for https://dantri.com.vn/cong-nghe: 404 Client Error: Not Found for url: https://dantri.com.vn/cong-nghe
2026-09-14 12:37:32,930 - crawler.VNExpress - INFO - Crawled: Hà Nội...
2026-09-14 12:37:32,930 - crawler.DanTri - WARNING - Attempt 1/3 failed for https://dantri.com.vn/giao-duc: 404 Client Error: Not Found for url: https://dantri.com.vn/giao-duc
2026-09-14 12:37:32,937 - crawler.DanTri - WARNING - Attempt 1/3 failed for https://dantri.com.vn/giai-tri: 404 Client Error: Not Found for url: https://dantri.com.vn/giai-tri
2026-09-14 12:37:32,950 - crawler.VNExpress - INFO - Crawled: Tin tức 24hMới nhất...
2026-09-14 12:37:32,964 - crawler.VNExpress - INFO - Crawled: ...
2026-09-14 12:37:33,004 - crawler.VNExpress - INFO - Crawled: ...
2026-09-14 12:37:33,050 - crawler.VNExpress - INFO - Crawled: TP HCM...
2026-09-14 12:37:33,085 - crawler.VNExpress - INFO - Crawled: Hà Nội...
2026-09-14 12:37:33,203 - crawler.VNExpress - INFO - Crawled: TP HCM...
2026-09-14 12:37:33,206 - crawler.VNExpress - INFO - Crawled: ...
2026-09-14 12:37:33,218 - crawler.VNExpress - INFO - Crawled: Tin tức 24hMới nhất...
2026-09-14 12:37:33,304 - crawler.VNExpress - INFO - Crawled: Tin tức 24hMới nhất...
2026-09-14 12:37:33,316 - crawler.VNExpress - INFO - Crawled: là gì?...
2026-09-14 12:37:33,323 - crawler.VNExpress - INFO - Crawled: Hà Nội...
2026-09-14 12:37:33,344 - crawler.VNExpress - INFO - Crawled: ...
2026-09-14 12:37:33,357 - crawler.VNExpress - INFO - Crawled: Hà Nội...
2026-09-14 12:37:33,396 - crawler.VietnamNet - INFO - Completed cong-nghe: 0 articles
2026-09-14 12:37:33,425 - crawler.VNExpress - INFO - Crawled: là gì?...
2026-09-14 12:37:33,462 - crawler.VNExpress - INFO - Crawled: TP HCM...
2026-09-14 12:37:33,503 - crawler.TuoiTre - WARNING - Attempt 2/3 failed for https://tuoitre.vn/timeline/19/cong-nghe.htm: 404 Client Error: Not Found for url: https://tuoitre.vn/error/404
2026-09-14 12:37:33,504 - crawler.VNExpress - INFO - Crawled: TP HCM...
2026-09-14 12:37:33,557 - crawler.TuoiTre - WARNING - Attempt 2/3 failed for https://tuoitre.vn/timeline/3/van-hoa-xa-hoi.htm: 404 Client Error: Not Found for url: https://tuoitre.vn/error/404
2026-09-14 12:37:33,561 - crawler.VNExpress - INFO - Crawled: ...
2026-09-14 12:37:33,630 - crawler.VNExpress - INFO - Crawled: ...
2026-09-14 12:37:33,634 - crawler.TuoiTre - WARNING - Attempt 2/3 failed for https://tuoitre.vn/timeline/4/giao-duc.htm: 404 Client Error: Not Found for url: https://tuoitre.vn/error/404
2026-09-14 12:37:33,643 - crawler.VNExpress - INFO - Crawled: là gì?...
2026-09-14 12:37:33,673 - crawler.VNExpress - INFO - Crawled: Thời sự...
2026-09-14 12:37:33,702 - crawler.VNExpress - INFO - Crawled: là gì?...
2026-09-14 12:37:33,749 - crawler.VNExpress - INFO - Crawled: Thời sự...
2026-09-14 12:37:33,766 - crawler.VNExpress - INFO - Crawled: Thế giới...
2026-09-14 12:37:33,823 - crawler.VietnamNet - INFO - Completed giao-duc: 0 articles
2026-09-14 12:37:33,840 - crawler.VNExpress - INFO - Crawled: Thế giới...
2026-09-14 12:37:33,860 - crawler.VNExpress - INFO - Crawled: Kinh doanh...
2026-09-14 12:37:33,887 - crawler.VNExpress - INFO - Crawled: Thời sự...
2026-09-14 12:37:33,936 - crawler.VNExpress - INFO - Crawled: Kinh doanh...
2026-09-14 12:37:33,955 - crawler.VNExpress - INFO - Crawled: Khoa học công nghệ...
2026-09-14 12:37:34,001 - crawler.VNExpress - INFO - Crawled: Thế giới...
2026-09-14 12:37:34,028 - crawler.VNExpress - INFO - Crawled: Khoa học công nghệ...
2026-09-14 12:37:34,050 - crawler.VNExpress - INFO - Crawled: Thời sự...
2026-09-14 12:37:34,051 - crawler.DanTri - WARNING - Attempt 2/3 failed for https://dantri.com.vn/cong-nghe: 404 Client Error: Not Found for url: https://dantri.com.vn/cong-nghe
2026-09-14 12:37:34,052 - crawler.DanTri - WARNING - Attempt 2/3 failed for https://dantri.com.vn/giao-duc: 404 Client Error: Not Found for url: https://dantri.com.vn/giao-duc
2026-09-14 12:37:34,052 - crawler.DanTri - WARNING - Attempt 2/3 failed for https://dantri.com.vn/giai-tri: 404 Client Error: Not Found for url: https://dantri.com.vn/giai-tri
2026-09-14 12:37:34,081 - crawler.VietnamNet - INFO - Completed giai-tri: 0 articles
2026-09-14 12:37:34,082 - crawler.VietnamNet - INFO - Total articles crawled: 0
2026-09-14 12:37:34,082 - __main__ - INFO - Crawled 0 articles from VietnamNet
2026-09-14 12:37:34,107 - crawler.VNExpress - INFO - Crawled: Bất động sản...
2026-09-14 12:37:34,137 - crawler.VNExpress - INFO - Crawled: Thế giới...
2026-09-14 12:37:34,142 - crawler.VNExpress - INFO - Crawled: Kinh doanh...
2026-09-14 12:37:34,169 - crawler.VNExpress - INFO - Crawled: Bất động sản...
2026-09-14 12:37:34,192 - crawler.VNExpress - INFO - Crawled: Sức khỏe...
2026-09-14 12:37:34,231 - crawler.VNExpress - INFO - Crawled: Kinh doanh...
2026-09-14 12:37:34,231 - crawler.VNExpress - INFO - Crawled: Khoa học công nghệ...
2026-09-14 12:37:34,257 - crawler.VNExpress - INFO - Crawled: Thể thao...
2026-09-14 12:37:34,270 - crawler.VNExpress - INFO - Crawled: Sức khỏe...
2026-09-14 12:37:34,344 - crawler.VNExpress - INFO - Crawled: Giải trí...
2026-09-14 12:37:34,363 - crawler.VNExpress - INFO - Crawled: Thể thao...
2026-09-14 12:37:34,386 - crawler.VNExpress - INFO - Crawled: Khoa học công nghệ...
2026-09-14 12:37:34,419 - crawler.VNExpress - INFO - Crawled: Giải trí...
2026-09-14 12:37:34,496 - crawler.VNExpress - INFO - Crawled: Bất động sản...
2026-09-14 12:37:34,542 - crawler.VNExpress - INFO - Crawled: Sức khỏe...
2026-09-14 12:37:34,610 - crawler.VNExpress - INFO - Crawled: Thể thao...
2026-09-14 12:37:34,611 - crawler.VNExpress - INFO - Crawled: Pháp luật...
2026-09-14 12:37:34,664 - crawler.VNExpress - INFO - Crawled: Giải trí...
2026-09-14 12:37:34,704 - crawler.VNExpress - INFO - Crawled: Pháp luật...
2026-09-14 12:37:34,727 - crawler.VNExpress - INFO - Crawled: Bất động sản...
2026-09-14 12:37:34,747 - crawler.VNExpress - INFO - Crawled: Giáo dục...
2026-09-14 12:37:34,785 - crawler.VNExpress - INFO - Crawled: Sức khỏe...
2026-09-14 12:37:34,802 - crawler.VNExpress - INFO - Crawled: Đời sống...
2026-09-14 12:37:34,802 - crawler.VNExpress - INFO - Completed giao-duc: 17 articles
2026-09-14 12:37:34,821 - crawler.VNExpress - INFO - Crawled: Pháp luật...
2026-09-14 12:37:34,910 - crawler.VNExpress - INFO - Crawled: Giáo dục...
2026-09-14 12:37:34,950 - crawler.VNExpress - INFO - Crawled: Đời sống...
2026-09-14 12:37:34,951 - crawler.VNExpress - INFO - Completed giai-tri: 17 articles
2026-09-14 12:37:34,976 - crawler.VNExpress - INFO - Crawled: Thể thao...
2026-09-14 12:37:35,030 - crawler.VNExpress - INFO - Crawled: Giải trí...
2026-09-14 12:37:35,086 - crawler.VNExpress - INFO - Crawled: Giáo dục...
2026-09-14 12:37:35,129 - crawler.VNExpress - INFO - Crawled: Đời sống...
2026-09-14 12:37:35,129 - crawler.VNExpress - INFO - Completed so-hoa: 17 articles
2026-09-14 12:37:35,177 - crawler.VNExpress - INFO - Crawled: Pháp luật...
2026-09-14 12:37:35,228 - crawler.VNExpress - INFO - Crawled: Giáo dục...
2026-09-14 12:37:35,275 - crawler.VNExpress - INFO - Crawled: Đời sống...
2026-09-14 12:37:35,275 - crawler.VNExpress - INFO - Completed suc-khoe: 17 articles
2026-09-14 12:37:35,275 - crawler.VNExpress - INFO - Total articles crawled: 136
2026-09-14 12:37:35,275 - __main__ - INFO - Crawled 136 articles from VNExpress
2026-09-14 12:37:35,629 - crawler.TuoiTre - WARNING - Attempt 3/3 failed for https://tuoitre.vn/timeline/19/cong-nghe.htm: 404 Client Error: Not Found for url: https://tuoitre.vn/error/404
2026-09-14 12:37:35,630 - crawler.TuoiTre - INFO - Found 0 articles in cong-nghe
2026-09-14 12:37:35,630 - crawler.TuoiTre - INFO - Completed cong-nghe: 0 articles
2026-09-14 12:37:35,686 - crawler.TuoiTre - WARNING - Attempt 3/3 failed for https://tuoitre.vn/timeline/3/van-hoa-xa-hoi.htm: 404 Client Error: Not Found for url: https://tuoitre.vn/error/404
2026-09-14 12:37:35,687 - crawler.TuoiTre - INFO - Found 0 articles in van-hoa
2026-09-14 12:37:35,687 - crawler.TuoiTre - INFO - Completed van-hoa: 0 articles
2026-09-14 12:37:35,768 - crawler.TuoiTre - WARNING - Attempt 3/3 failed for https://tuoitre.vn/timeline/4/giao-duc.htm: 404 Client Error: Not Found for url: https://tuoitre.vn/error/404
2026-09-14 12:37:35,768 - crawler.TuoiTre - INFO - Found 0 articles in giao-duc
2026-09-14 12:37:35,768 - crawler.TuoiTre - INFO - Completed giao-duc: 0 articles
2026-09-14 12:37:35,769 - crawler.TuoiTre - INFO - Total articles crawled: 0
2026-09-14 12:37:35,769 - __main__ - INFO - Crawled 0 articles from Tuổi Trẻ
2026-09-14 12:37:36,088 - crawler.DanTri - WARNING - Attempt 3/3 failed for https://dantri.com.vn/cong-nghe: 404 Client Error: Not Found for url: https://dantri.com.vn/cong-nghe
2026-09-14 12:37:36,088 - crawler.DanTri - INFO - Found 0 articles in cong-nghe
2026-09-14 12:37:36,088 - crawler.DanTri - INFO - Completed cong-nghe: 0 articles
2026-09-14 12:37:36,089 - crawler.DanTri - WARNING - Attempt 3/3 failed for https://dantri.com.vn/giao-duc: 404 Client Error: Not Found for url: https://dantri.com.vn/giao-duc
2026-09-14 12:37:36,089 - crawler.DanTri - INFO - Found 0 articles in giao-duc
2026-09-14 12:37:36,089 - crawler.DanTri - INFO - Completed giao-duc: 0 articles
2026-09-14 12:37:36,096 - crawler.DanTri - WARNING - Attempt 3/3 failed for https://dantri.com.vn/giai-tri: 404 Client Error: Not Found for url: https://dantri.com.vn/giai-tri
2026-09-14 12:37:36,096 - crawler.DanTri - INFO - Found 0 articles in giai-tri
2026-09-14 12:37:36,096 - crawler.DanTri - INFO - Completed giai-tri: 0 articles
2026-09-14 12:37:36,096 - crawler.DanTri - INFO - Total articles crawled: 0
2026-09-14 12:37:36,096 - __main__ - INFO - Crawled 0 articles from Dân Trí
2026-09-14 12:37:36,101 - __main__ - INFO - Crawl completed: 4/4 sources, 136 total articles
2026-09-14 12:37:36,209 - googleapiclient.discovery_cache - INFO - file_cache is only supported with oauth2client<4.0.0
2026-09-14 12:37:40,316 - googleapiclient.http - WARNING - Encountered 403 Forbidden with reason "storageQuotaExceeded"
2026-09-14 12:37:40,323 - __main__ - INFO - Uploaded 0 articles from VietnamNet to Drive
2026-09-14 12:37:43,888 - googleapiclient.http - WARNING - Encountered 403 Forbidden with reason "storageQuotaExceeded"
2026-09-14 12:37:43,889 - __main__ - INFO - Uploaded 136 articles from VNExpress to Drive
2026-09-14 12:37:47,381 - googleapiclient.http - WARNING - Encountered 403 Forbidden with reason "storageQuotaExceeded"
2026-09-14 12:37:47,383 - __main__ - INFO - Uploaded 0 articles from Tuổi Trẻ to Drive
2026-09-14 12:37:51,020 - googleapiclient.http - WARNING - Encountered 403 Forbidden with reason "storageQuotaExceeded"
2026-09-14 12:37:51,022 - __main__ - INFO - Uploaded 0 articles from Dân Trí to Drive
2026-09-14 12:37:51,022 - __main__ - INFO - Upload completed: 4/4 sources
2026-09-14 12:37:51,022 - __main__ - INFO - Total duration: 22.51 seconds
2026-09-14 12:37:51,022 - __main__ - INFO - Crawl complete!
